Archive member included to satisfy reference by file (symbol)

c:/st/stm32cubeide_1.10.1/stm32cubeide/plugins/com.st.stm32cube.ide.mcu.externaltools.gnu-tools-for-stm32.10.3-2021.10.win32_1.0.0.202111181127/tools/bin/../lib/gcc/arm-none-eabi/10.3.1/../../../../arm-none-eabi/lib/thumb/v7e-m+fp/hard\libc_nano.a(lib_a-errno.o)
                              ./Core/Src/syscalls.o (__errno)
c:/st/stm32cubeide_1.10.1/stm32cubeide/plugins/com.st.stm32cube.ide.mcu.externaltools.gnu-tools-for-stm32.10.3-2021.10.win32_1.0.0.202111181127/tools/bin/../lib/gcc/arm-none-eabi/10.3.1/../../../../arm-none-eabi/lib/thumb/v7e-m+fp/hard\libc_nano.a(lib_a-exit.o)
                              c:/st/stm32cubeide_1.10.1/stm32cubeide/plugins/com.st.stm32cube.ide.mcu.externaltools.gnu-tools-for-stm32.10.3-2021.10.win32_1.0.0.202111181127/tools/bin/../lib/gcc/arm-none-eabi/10.3.1/../../../../arm-none-eabi/lib/thumb/v7e-m+fp/hard/crt0.o (exit)
c:/st/stm32cubeide_1.10.1/stm32cubeide/plugins/com.st.stm32cube.ide.mcu.externaltools.gnu-tools-for-stm32.10.3-2021.10.win32_1.0.0.202111181127/tools/bin/../lib/gcc/arm-none-eabi/10.3.1/../../../../arm-none-eabi/lib/thumb/v7e-m+fp/hard\libc_nano.a(lib_a-findfp.o)
                              ./Middlewares/Third_Party/FreeRTOS/Source/tasks.o (__sf_fake_stderr)
c:/st/stm32cubeide_1.10.1/stm32cubeide/plugins/com.st.stm32cube.ide.mcu.externaltools.gnu-tools-for-stm32.10.3-2021.10.win32_1.0.0.202111181127/tools/bin/../lib/gcc/arm-none-eabi/10.3.1/../../../../arm-none-eabi/lib/thumb/v7e-m+fp/hard\libc_nano.a(lib_a-fwalk.o)
                              c:/st/stm32cubeide_1.10.1/stm32cubeide/plugins/com.st.stm32cube.ide.mcu.externaltools.gnu-tools-for-stm32.10.3-2021.10.win32_1.0.0.202111181127/tools/bin/../lib/gcc/arm-none-eabi/10.3.1/../../../../arm-none-eabi/lib/thumb/v7e-m+fp/hard\libc_nano.a(lib_a-findfp.o) (_fwalk)
c:/st/stm32cubeide_1.10.1/stm32cubeide/plugins/com.st.stm32cube.ide.mcu.externaltools.gnu-tools-for-stm32.10.3-2021.10.win32_1.0.0.202111181127/tools/bin/../lib/gcc/arm-none-eabi/10.3.1/../../../../arm-none-eabi/lib/thumb/v7e-m+fp/hard\libc_nano.a(lib_a-impure.o)
                              c:/st/stm32cubeide_1.10.1/stm32cubeide/plugins/com.st.stm32cube.ide.mcu.externaltools.gnu-tools-for-stm32.10.3-2021.10.win32_1.0.0.202111181127/tools/bin/../lib/gcc/arm-none-eabi/10.3.1/../../../../arm-none-eabi/lib/thumb/v7e-m+fp/hard\libc_nano.a(lib_a-exit.o) (_global_impure_ptr)
c:/st/stm32cubeide_1.10.1/stm32cubeide/plugins/com.st.stm32cube.ide.mcu.externaltools.gnu-tools-for-stm32.10.3-2021.10.win32_1.0.0.202111181127/tools/bin/../lib/gcc/arm-none-eabi/10.3.1/../../../../arm-none-eabi/lib/thumb/v7e-m+fp/hard\libc_nano.a(lib_a-init.o)
                              c:/st/stm32cubeide_1.10.1/stm32cubeide/plugins/com.st.stm32cube.ide.mcu.externaltools.gnu-tools-for-stm32.10.3-2021.10.win32_1.0.0.202111181127/tools/bin/../lib/gcc/arm-none-eabi/10.3.1/../../../../arm-none-eabi/lib/thumb/v7e-m+fp/hard/crt0.o (__libc_init_array)
c:/st/stm32cubeide_1.10.1/stm32cubeide/plugins/com.st.stm32cube.ide.mcu.externaltools.gnu-tools-for-stm32.10.3-2021.10.win32_1.0.0.202111181127/tools/bin/../lib/gcc/arm-none-eabi/10.3.1/../../../../arm-none-eabi/lib/thumb/v7e-m+fp/hard\libc_nano.a(lib_a-lock.o)
                              c:/st/stm32cubeide_1.10.1/stm32cubeide/plugins/com.st.stm32cube.ide.mcu.externaltools.gnu-tools-for-stm32.10.3-2021.10.win32_1.0.0.202111181127/tools/bin/../lib/gcc/arm-none-eabi/10.3.1/../../../../arm-none-eabi/lib/thumb/v7e-m+fp/hard\libc_nano.a(lib_a-findfp.o) (__retarget_lock_init_recursive)
c:/st/stm32cubeide_1.10.1/stm32cubeide/plugins/com.st.stm32cube.ide.mcu.externaltools.gnu-tools-for-stm32.10.3-2021.10.win32_1.0.0.202111181127/tools/bin/../lib/gcc/arm-none-eabi/10.3.1/../../../../arm-none-eabi/lib/thumb/v7e-m+fp/hard\libc_nano.a(lib_a-memcpy-stub.o)
                              ./Middlewares/Third_Party/FreeRTOS/Source/CMSIS_RTOS_V2/cmsis_os2.o (memcpy)
c:/st/stm32cubeide_1.10.1/stm32cubeide/plugins/com.st.stm32cube.ide.mcu.externaltools.gnu-tools-for-stm32.10.3-2021.10.win32_1.0.0.202111181127/tools/bin/../lib/gcc/arm-none-eabi/10.3.1/../../../../arm-none-eabi/lib/thumb/v7e-m+fp/hard\libc_nano.a(lib_a-memset.o)
                              c:/st/stm32cubeide_1.10.1/stm32cubeide/plugins/com.st.stm32cube.ide.mcu.externaltools.gnu-tools-for-stm32.10.3-2021.10.win32_1.0.0.202111181127/tools/bin/../lib/gcc/arm-none-eabi/10.3.1/../../../../arm-none-eabi/lib/thumb/v7e-m+fp/hard/crt0.o (memset)
c:/st/stm32cubeide_1.10.1/stm32cubeide/plugins/com.st.stm32cube.ide.mcu.externaltools.gnu-tools-for-stm32.10.3-2021.10.win32_1.0.0.202111181127/tools/bin/../lib/gcc/arm-none-eabi/10.3.1/../../../../arm-none-eabi/lib/thumb/v7e-m+fp/hard\libc_nano.a(lib_a-nano-mallocr.o)
[...]
Memory Configuration

Name             Origin             Length             Attributes
RAM              0x0000000020000000 0x0000000000020000 xrw
FLASH            0x0000000008000000 0x0000000000080000 xr
*default*        0x0000000000000000 0xffffffffffffffff

Linker script and memory map

LOAD c:/st/stm32cubeide_1.10.1/stm32cubeide/plugins/com.st.stm32cube.ide.mcu.externaltools.gnu-tools-for-stm32.10.3-2021.10.win32_1.0.0.202111181127/tools/bin/../lib/gcc/arm-none-eabi/10.3.1/thumb/v7e-m+fp/hard/crti.o
LOAD c:/st/stm32cubeide_1.10.1/stm32cubeide/plugins/com.st.stm32cube.ide.mcu.externaltools.gnu-tools-for-stm32.10.3-2021.10.win32_1.0.0.202111181127/tools/bin/../lib/gcc/arm-none-eabi/10.3.1/thumb/v7e-m+fp/hard/crtbegin.o
LOAD c:/st/stm32cubeide_1.10.1/stm32cubeide/plugins/com.st.stm32cube.ide.mcu.externaltools.gnu-tools-for-stm32.10.3-2021.10.win32_1.0.0.202111181127/tools/bin/../lib/gcc/arm-none-eabi/10.3.1/../../../../arm-none-eabi/lib/thumb/v7e-m+fp/hard/crt0.o
LOAD ./Core/Src/freertos.o
LOAD ./Core/Src/main.o
LOAD ./Core/Src/stm32f4xx_hal_msp.o
LOAD ./Core/Src/stm32f4xx_hal_timebase_tim.o
LOAD ./Core/Src/stm32f4xx_it.o
LOAD ./Core/Src/syscalls.o
LOAD ./Core/Src/sysmem.o
LOAD ./Core/Src/system_stm32f4xx.o
LOAD ./Core/Startup/startup_stm32f411vetx.o
LOAD ./Drivers/STM32F4xx_HAL_Driver/Src/stm32f4xx_hal.o
LOAD ./Drivers/STM32F4xx_HAL_Driver/Src/stm32f4xx_hal_cortex.o
LOAD ./Drivers/STM32F4xx_HAL_Driver/Src/stm32f4xx_hal_dma.o
LOAD ./Drivers/STM32F4xx_HAL_Driver/Src/stm32f4xx_hal_dma_ex.o
LOAD ./Drivers/STM32F4xx_HAL_Driver/Src/stm32f4xx_hal_exti.o
LOAD ./Drivers/STM32F4xx_HAL_Driver/Src/stm32f4xx_hal_flash.o
LOAD ./Drivers/STM32F4xx_HAL_Driver/Src/stm32f4xx_hal_flash_ex.o
LOAD ./Drivers/STM32F4xx_HAL_Driver/Src/stm32f4xx_hal_flash_ramfunc.o
LOAD ./Drivers/STM32F4xx_HAL_Driver/Src/stm32f4xx_hal_gpio.o
LOAD ./Drivers/STM32F4xx_HAL_Driver/Src/stm32f4xx_hal_i2c.o
LOAD ./Drivers/STM32F4xx_HAL_Driver/Src/stm32f4xx_hal_i2c_ex.o
LOAD ./Drivers/STM32F4xx_HAL_Driver/Src/stm32f4xx_hal_i2s.o
LOAD ./Drivers/STM32F4xx_HAL_Driver/Src/stm32f4xx_hal_i2s_ex.o
LOAD ./Drivers/STM32F4xx_HAL_Driver/Src/stm32f4xx_hal_pcd.o
LOAD ./Drivers/STM32F4xx_HAL_Driver/Src/stm32f4xx_hal_pcd_ex.o
LOAD ./Drivers/STM32F4xx_HAL_Driver/Src/stm32f4xx_hal_pwr.o
LOAD ./Drivers/STM32F4xx_HAL_Driver/Src/stm32f4xx_hal_pwr_ex.o
LOAD ./Drivers/STM32F4xx_HAL_Driver/Src/stm32f4xx_hal_rcc.o
LOAD ./Drivers/STM32F4xx_HAL_Driver/Src/stm32f4xx_hal_rcc_ex.o
LOAD ./Drivers/STM32F4xx_HAL_Driver/Src/stm32f4xx_hal_spi.o
LOAD ./Drivers/STM32F4xx_HAL_Driver/Src/stm32f4xx_hal_tim.o
LOAD ./Drivers/STM32F4xx_HAL_Driver/Src/stm32f4xx_hal_tim_ex.o
LOAD ./Drivers/STM32F4xx_HAL_Driver/Src/stm32f4xx_ll_usb.o
LOAD ./Middlewares/ST/STM32_USB_Device_Library/Class/CDC/Src/usbd_cdc.o
LOAD ./Middlewares/ST/STM32_USB_Device_Library/Core/Src/usbd_core.o
LOAD ./Middlewares/ST/STM32_USB_Device_Library/Core/Src/usbd_ctlreq.o
LOAD ./Middlewares/ST/STM32_USB_Device_Library/Core/Src/usbd_ioreq.o
LOAD ./Middlewares/Third_Party/FreeRTOS/Source/CMSIS_RTOS_V2/cmsis_os2.o
LOAD ./Middlewares/Third_Party/FreeRTOS/Source/croutine.o
LOAD ./Middlewares/Third_Party/FreeRTOS/Source/event_groups.o
LOAD ./Middlewares/Third_Party/FreeRTOS/Source/list.o
LOAD ./Middlewares/Third_Party/FreeRTOS/Source/queue.o
LOAD ./Middlewares/Third_Party/FreeRTOS/Source/stream_buffer.o
LOAD ./Middlewares/Third_Party/FreeRTOS/Source/tasks.o
LOAD ./Middlewares/Third_Party/FreeRTOS/Source/timers.o
LOAD ./Middlewares/Third_Party/FreeRTOS/Source/portable/GCC/ARM_CM4F/port.o
LOAD ./Middlewares/Third_Party/FreeRTOS/Source/portable/MemMang/heap_4.o
LOAD ./USB_DEVICE/App/usb_device.o
LOAD ./USB_DEVICE/App/usbd_cdc_if.o
LOAD ./USB_DEVICE/App/usbd_desc.o
LOAD ./USB_DEVICE/Target/usbd_conf.o
START GROUP
LOAD c:/st/stm32cubeide_1.10.1/stm32cubeide/plugins/com.st.stm32cube.ide.mcu.externaltools.gnu-tools-for-stm32.10.3-2021.10.win32_1.0.0.202111181127/tools/bin/../lib/gcc/arm-none-eabi/10.3.1/../../../../arm-none-eabi/lib/thumb/v7e-m+fp/hard\libc_nano.a
LOAD c:/st/stm32cubeide_1.10.1/stm32cubeide/plugins/com.st.stm32cube.ide.mcu.externaltools.gnu-tools-for-stm32.10.3-2021.10.win32_1.0.0.202111181127/tools/bin/../lib/gcc/arm-none-eabi/10.3.1/../../../../arm-none-eabi/lib/thumb/v7e-m+fp/hard\libm.a
END GROUP
START GROUP
LOAD c:/st/stm32cubeide_1.10.1/stm32cubeide/plugins/com.st.stm32cube.ide.mcu.externaltools.gnu-tools-for-stm32.10.3-2021.10.win32_1.0.0.202111181127/tools/bin/../lib/gcc/arm-none-eabi/10.3.1/thumb/v7e-m+fp/hard\libgcc.a
LOAD c:/st/stm32cubeide_1.10.1/stm32cubeide/plugins/com.st.stm32cube.ide.mcu.externaltools.gnu-tools-for-stm32.10.3-2021.10.win32_1.0.0.202111181127/tools/bin/../lib/gcc/arm-none-eabi/10.3.1/../../../../arm-none-eabi/lib/thumb/v7e-m+fp/hard\libc_nano.a
END GROUP
START GROUP
LOAD c:/st/stm32cubeide_1.10.1/stm32cubeide/plugins/com.st.stm32cube.ide.mcu.externaltools.gnu-tools-for-stm32.10.3-2021.10.win32_1.0.0.202111181127/tools/bin/../lib/gcc/arm-none-eabi/10.3.1/thumb/v7e-m+fp/hard\libgcc.a
LOAD c:/st/stm32cubeide_1.10.1/stm32cubeide/plugins/com.st.stm32cube.ide.mcu.externaltools.gnu-tools-for-stm32.10.3-2021.10.win32_1.0.0.202111181127/tools/bin/../lib/gcc/arm-none-eabi/10.3.1/../../../../arm-none-eabi/lib/thumb/v7e-m+fp/hard\libc_nano.a
LOAD c:/st/stm32cubeide_1.10.1/stm32cubeide/plugins/com.st.stm32cube.ide.mcu.externaltools.gnu-tools-for-stm32.10.3-2021.10.win32_1.0.0.202111181127/tools/bin/../lib/gcc/arm-none-eabi/10.3.1/../../../../arm-none-eabi/lib/thumb/v7e-m+fp/hard\libnosys.a
END GROUP
START GROUP
LOAD c:/st/stm32cubeide_1.10.1/stm32cubeide/plugins/com.st.stm32cube.ide.mcu.externaltools.gnu-tools-for-stm32.10.3-2021.10.win32_1.0.0.202111181127/tools/bin/../lib/gcc/arm-none-eabi/10.3.1/thumb/v7e-m+fp/hard\libgcc.a
LOAD c:/st/stm32cubeide_1.10.1/stm32cubeide/plugins/com.st.stm32cube.ide.mcu.externaltools.gnu-tools-for-stm32.10.3-2021.10.win32_1.0.0.202111181127/tools/bin/../lib/gcc/arm-none-eabi/10.3.1/../../../../arm-none-eabi/lib/thumb/v7e-m+fp/hard\libc_nano.a
LOAD c:/st/stm32cubeide_1.10.1/stm32cubeide/plugins/com.st.stm32cube.ide.mcu.externaltools.gnu-tools-for-stm32.10.3-2021.10.win32_1.0.0.202111181127/tools/bin/../lib/gcc/arm-none-eabi/10.3.1/../../../../arm-none-eabi/lib/thumb/v7e-m+fp/hard\libnosys.a
END GROUP
LOAD c:/st/stm32cubeide_1.10.1/stm32cubeide/plugins/com.st.stm32cube.ide.mcu.externaltools.gnu-tools-for-stm32.10.3-2021.10.win32_1.0.0.202111181127/tools/bin/../lib/gcc/arm-none-eabi/10.3.1/thumb/v7e-m+fp/hard/crtend.o
LOAD c:/st/stm32cubeide_1.10.1/stm32cubeide/plugins/com.st.stm32cube.ide.mcu.externaltools.gnu-tools-for-stm32.10.3-2021.10.win32_1.0.0.202111181127/tools/bin/../lib/gcc/arm-none-eabi/10.3.1/thumb/v7e-m+fp/hard/crtn.o
                0x0000000020020000                _estack = (ORIGIN (RAM) + LENGTH (RAM))
                0x0000000000000200                _Min_Heap_Size = 0x200
                0x0000000000000400                _Min_Stack_Size = 0x400

.isr_vector     0x0000000008000000      0x198
                0x0000000008000000                . = ALIGN (0x4)
 *(.isr_vector)
 .isr_vector    0x0000000008000000      0x198 ./Core/Startup/startup_stm32f411vetx.o
                0x0000000008000000                g_pfnVectors
                0x0000000008000198                . = ALIGN (0x4)

.text           0x00000000080001a0     0xc754
                0x00000000080001a0                . = ALIGN (0x4)
 *(.text)
 .text          0x00000000080001a0       0x40 c:/st/stm32cubeide_1.10.1/stm32cubeide/plugins/com.st.stm32cube.ide.mcu.externaltools.gnu-tools-for-stm32.10.3-2021.10.win32_1.0.0.202111181127/tools/bin/../lib/gcc/arm-none-eabi/10.3.1/thumb/v7e-m+fp/hard/crtbegin.o
 .text          0x00000000080001e0       0x14 c:/st/stm32cubeide_1.10.1/stm32cubeide/plugins/com.st.stm32cube.ide.mcu.externaltools.gnu-tools-for-stm32.10.3-2021.10.win32_1.0.0.202111181127/tools/bin/../lib/gcc/arm-none-eabi/10.3.1/../../../../arm-none-eabi/lib/thumb/v7e-m+fp/hard\libc_nano.a(lib_a-strcmp.o)
                0x00000000080001e0                strcmp
 .text          0x00000000080001f4       0x30 c:/st/stm32cubeide_1.10.1/stm32cubeide/plugins/com.st.stm32cube.ide.mcu.externaltools.gnu-tools-for-stm32.10.3-2021.10.win32_1.0.0.202111181127/tools/bin/../lib/gcc/arm-none-eabi/10.3.1/thumb/v7e-m+fp/hard\libgcc.a(_aeabi_uldivmod.o)
                0x00000000080001f4                __aeabi_uldivmod
 .text          0x0000000008000224      0x2d0 c:/st/stm32cubeide_1.10.1/stm32cubeide/plugins/com.st.stm32cube.ide.mcu.externaltools.gnu-tools-for-stm32.10.3-2021.10.win32_1.0.0.202111181127/tools/bin/../lib/gcc/arm-none-eabi/10.3.1/thumb/v7e-m+fp/hard\libgcc.a(_udivmoddi4.o)
                0x0000000008000224                __udivmoddi4
 .text          0x00000000080004f4        0x4 c:/st/stm32cubeide_1.10.1/stm32cubeide/plugins/com.st.stm32cube.ide.mcu.externaltools.gnu-tools-for-stm32.10.3-2021.10.win32_1.0.0.202111181127/tools/bin/../lib/gcc/arm-none-eabi/10.3.1/thumb/v7e-m+fp/hard\libgcc.a(_dvmd_tls.o)
                0x00000000080004f4                __aeabi_idiv0
                0x00000000080004f4                __aeabi_ldiv0
 *(.text*)
 .text.i2c1_pisiRegister
                0x00000000080004f8       0x44 ./Core/Src/main.o
                0x00000000080004f8                i2c1_pisiRegister
 .text.i2c1_beriRegistre
                0x000000000800053c       0x5c ./Core/Src/main.o
                0x000000000800053c                i2c1_beriRegistre
 .text.initAccelerometer
                0x0000000008000598       0x1c ./Core/Src/main.o
                0x0000000008000598                initAccelerometer
 .text.main     0x00000000080005b4      0x108 ./Core/Src/main.o
                0x00000000080005b4                main
 .text.SystemClock_Config
                0x00000000080006bc       0xd0 ./Core/Src/main.o
                0x00000000080006bc                SystemClock_Config
 .text.PeriphCommonClock_Config
                0x000000000800078c       0x40 ./Core/Src/main.o
                0x000000000800078c                PeriphCommonClock_Config
 .text.MX_I2C1_Init
                0x00000000080007cc       0x60 ./Core/Src/main.o
 .text.MX_I2S2_Init
                0x000000000800082c       0x5c ./Core/Src/main.o
 .text.MX_I2S3_Init
                0x0000000008000888       0x60 ./Core/Src/main.o
 .text.MX_SPI1_Init
                0x00000000080008e8       0x6c ./Core/Src/main.o
 .text.MX_GPIO_Init
                0x0000000008000954      0x1b4 ./Core/Src/main.o
 .text.Opravilo_LED
                0x0000000008000b08       0x6c ./Core/Src/main.o
                0x0000000008000b08                Opravilo_LED
 .text.Opravilo_pospeskometer
                0x0000000008000b74      0x138 ./Core/Src/main.o
                0x0000000008000b74                Opravilo_pospeskometer
 .text.Opravilo_CDC_Receive
                0x0000000008000cac       0x10 ./Core/Src/main.o
                0x0000000008000cac                Opravilo_CDC_Receive
 .text.Opravilo_CDC_Transmit
                0x0000000008000cbc       0x38 ./Core/Src/main.o
                0x0000000008000cbc                Opravilo_CDC_Transmit
 .text.StartDefaultTask
                0x0000000008000cf4       0x14 ./Core/Src/main.o
                0x0000000008000cf4                StartDefaultTask
 .text.HAL_TIM_PeriodElapsedCallback
                0x0000000008000d08       0x1e ./Core/Src/main.o
                0x0000000008000d08                HAL_TIM_PeriodElapsedCallback
 .text.Error_Handler
                0x0000000008000d26        0xa ./Core/Src/main.o
                0x0000000008000d26                Error_Handler
 .text.HAL_MspInit
                0x0000000008000d30       0x58 ./Core/Src/stm32f4xx_hal_msp.o
                0x0000000008000d30                HAL_MspInit
 .text.HAL_I2C_MspInit
                0x0000000008000d88       0x90 ./Core/Src/stm32f4xx_hal_msp.o
                0x0000000008000d88                HAL_I2C_MspInit
 .text.HAL_I2S_MspInit
                0x0000000008000e18      0x19c ./Core/Src/stm32f4xx_hal_msp.o
                0x0000000008000e18                HAL_I2S_MspInit
 .text.HAL_SPI_MspInit
                0x0000000008000fb4       0x90 ./Core/Src/stm32f4xx_hal_msp.o
                0x0000000008000fb4                HAL_SPI_MspInit
 .text.HAL_InitTick
                0x0000000008001044       0xf8 ./Core/Src/stm32f4xx_hal_timebase_tim.o
                0x0000000008001044                HAL_InitTick
 .text.NMI_Handler
                0x000000000800113c        0x6 ./Core/Src/stm32f4xx_it.o
                0x000000000800113c                NMI_Handler
 .text.HardFault_Handler
                0x0000000008001142        0x6 ./Core/Src/stm32f4xx_it.o
                0x0000000008001142                HardFault_Handler
 .text.MemManage_Handler
                0x0000000008001148        0x6 ./Core/Src/stm32f4xx_it.o
                0x0000000008001148                MemManage_Handler
 .text.BusFault_Handler
                0x000000000800114e        0x6 ./Core/Src/stm32f4xx_it.o
                0x000000000800114e                BusFault_Handler
 .text.UsageFault_Handler
                0x0000000008001154        0x6 ./Core/Src/stm32f4xx_it.o
                0x0000000008001154                UsageFault_Handler
 .text.DebugMon_Handler
                0x000000000800115a        0xe ./Core/Src/stm32f4xx_it.o
                0x000000000800115a                DebugMon_Handler
 .text.TIM2_IRQHandler
                0x0000000008001168       0x14 ./Core/Src/stm32f4xx_it.o
                0x0000000008001168                TIM2_IRQHandler
 .text.OTG_FS_IRQHandler
                0x000000000800117c       0x14 ./Core/Src/stm32f4xx_it.o
                0x000000000800117c                OTG_FS_IRQHandler
 .text.SystemInit
                0x0000000008001190       0x24 ./Core/Src/system_stm32f4xx.o
                0x0000000008001190                SystemInit
 .text.Reset_Handler
                0x00000000080011b4       0x50 ./Core/Startup/startup_stm32f411vetx.o
                0x00000000080011b4                Reset_Handler
 .text.Default_Handler
                0x0000000008001204        0x2 ./Core/Startup/startup_stm32f411vetx.o
                0x0000000008001204                RTC_Alarm_IRQHandler
                0x0000000008001204                EXTI2_IRQHandler
                0x0000000008001204                SPI4_IRQHandler
                0x0000000008001204                TIM1_CC_IRQHandler
                0x0000000008001204                DMA2_Stream5_IRQHandler
                0x0000000008001204                DMA1_Stream5_IRQHandler
                0x0000000008001204                PVD_IRQHandler
                0x0000000008001204                SDIO_IRQHandler
                0x0000000008001204                TAMP_STAMP_IRQHandler
                0x0000000008001204                EXTI3_IRQHandler
                0x0000000008001204                TIM1_UP_TIM10_IRQHandler
                0x0000000008001204                I2C3_ER_IRQHandler
                0x0000000008001204                EXTI0_IRQHandler
                0x0000000008001204                I2C2_EV_IRQHandler
                0x0000000008001204                DMA1_Stream2_IRQHandler
                0x0000000008001204                FPU_IRQHandler
                0x0000000008001204                DMA2_Stream2_IRQHandler
                0x0000000008001204                SPI1_IRQHandler
                0x0000000008001204                TIM1_BRK_TIM9_IRQHandler
                0x0000000008001204                DMA2_Stream3_IRQHandler
                0x0000000008001204                USART6_IRQHandler
                0x0000000008001204                DMA2_Stream0_IRQHandler
                0x0000000008001204                TIM4_IRQHandler
                0x0000000008001204                I2C1_EV_IRQHandler
                0x0000000008001204                DMA1_Stream6_IRQHandler
                0x0000000008001204                DMA1_Stream1_IRQHandler
                0x0000000008001204                TIM3_IRQHandler
                0x0000000008001204                RCC_IRQHandler
                0x0000000008001204                Default_Handler
                0x0000000008001204                EXTI15_10_IRQHandler
                0x0000000008001204                ADC_IRQHandler
                0x0000000008001204                DMA1_Stream7_IRQHandler
                0x0000000008001204                SPI5_IRQHandler
                0x0000000008001204                TIM5_IRQHandler
                0x0000000008001204                DMA2_Stream7_IRQHandler
                0x0000000008001204                I2C3_EV_IRQHandler
                0x0000000008001204                EXTI9_5_IRQHandler
                0x0000000008001204                RTC_WKUP_IRQHandler
                0x0000000008001204                SPI2_IRQHandler
                0x0000000008001204                DMA1_Stream0_IRQHandler
                0x0000000008001204                EXTI4_IRQHandler
                0x0000000008001204                WWDG_IRQHandler
                0x0000000008001204                OTG_FS_WKUP_IRQHandler
                0x0000000008001204                TIM1_TRG_COM_TIM11_IRQHandler
                0x0000000008001204                EXTI1_IRQHandler
                0x0000000008001204                USART2_IRQHandler
                0x0000000008001204                I2C2_ER_IRQHandler
                0x0000000008001204                DMA2_Stream1_IRQHandler
                0x0000000008001204                FLASH_IRQHandler
                0x0000000008001204                DMA2_Stream4_IRQHandler
                0x0000000008001204                USART1_IRQHandler
                0x0000000008001204                SPI3_IRQHandler
                0x0000000008001204                DMA1_Stream4_IRQHandler
                0x0000000008001204                I2C1_ER_IRQHandler
                0x0000000008001204                DMA2_Stream6_IRQHandler
                0x0000000008001204                DMA1_Stream3_IRQHandler
 *fill*         0x0000000008001206        0x2 
 .text.HAL_Init
                0x0000000008001208       0x44 ./Drivers/STM32F4xx_HAL_Driver/Src/stm32f4xx_hal.o
                0x0000000008001208                HAL_Init
 .text.HAL_IncTick
                0x000000000800124c       0x28 ./Drivers/STM32F4xx_HAL_Driver/Src/stm32f4xx_hal.o
                0x000000000800124c                HAL_IncTick
 .text.HAL_GetTick
                0x0000000008001274       0x18 ./Drivers/STM32F4xx_HAL_Driver/Src/stm32f4xx_hal.o
                0x0000000008001274                HAL_GetTick
 .text.HAL_Delay
                0x000000000800128c       0x48 ./Drivers/STM32F4xx_HAL_Driver/Src/stm32f4xx_hal.o
                0x000000000800128c                HAL_Delay
 .text.__NVIC_SetPriorityGrouping
                0x00000000080012d4       0x48 ./Drivers/STM32F4xx_HAL_Driver/Src/stm32f4xx_hal_cortex.o
 .text.__NVIC_GetPriorityGrouping
                0x000000000800131c       0x1c ./Drivers/STM32F4xx_HAL_Driver/Src/stm32f4xx_hal_cortex.o
 .text.__NVIC_EnableIRQ
                0x0000000008001338       0x3c ./Drivers/STM32F4xx_HAL_Driver/Src/stm32f4xx_hal_cortex.o
 .text.__NVIC_SetPriority
                0x0000000008001374       0x54 ./Drivers/STM32F4xx_HAL_Driver/Src/stm32f4xx_hal_cortex.o
 .text.NVIC_EncodePriority
                0x00000000080013c8       0x66 ./Drivers/STM32F4xx_HAL_Driver/Src/stm32f4xx_hal_cortex.o
 .text.HAL_NVIC_SetPriorityGrouping
                0x000000000800142e       0x16 ./Drivers/STM32F4xx_HAL_Driver/Src/stm32f4xx_hal_cortex.o
                0x000000000800142e                HAL_NVIC_SetPriorityGrouping
 .text.HAL_NVIC_SetPriority
                0x0000000008001444       0x38 ./Drivers/STM32F4xx_HAL_Driver/Src/stm32f4xx_hal_cortex.o
                0x0000000008001444                HAL_NVIC_SetPriority
 .text.HAL_NVIC_EnableIRQ
                0x000000000800147c       0x1c ./Drivers/STM32F4xx_HAL_Driver/Src/stm32f4xx_hal_cortex.o
                0x000000000800147c                HAL_NVIC_EnableIRQ
 .text.HAL_GPIO_Init
                0x0000000008001498      0x308 ./Drivers/STM32F4xx_HAL_Driver/Src/stm32f4xx_hal_gpio.o
                0x0000000008001498                HAL_GPIO_Init
 .text.HAL_GPIO_ReadPin
                0x00000000080017a0       0x30 ./Drivers/STM32F4xx_HAL_Driver/Src/stm32f4xx_hal_gpio.o
                0x00000000080017a0                HAL_GPIO_ReadPin
 .text.HAL_GPIO_WritePin
                0x00000000080017d0       0x32 ./Drivers/STM32F4xx_HAL_Driver/Src/stm32f4xx_hal_gpio.o
                0x00000000080017d0                HAL_GPIO_WritePin
 .text.HAL_GPIO_TogglePin
                0x0000000008001802       0x34 ./Drivers/STM32F4xx_HAL_Driver/Src/stm32f4xx_hal_gpio.o
                0x0000000008001802                HAL_GPIO_TogglePin
 *fill*         0x0000000008001836        0x2 
 .text.HAL_I2C_Init
                0x0000000008001838      0x288 ./Drivers/STM32F4xx_HAL_Driver/Src/stm32f4xx_hal_i2c.o
                0x0000000008001838                HAL_I2C_Init
 .text.HAL_I2C_Mem_Write
                0x0000000008001ac0      0x1f4 ./Drivers/STM32F4xx_HAL_Driver/Src/stm32f4xx_hal_i2c.o
                0x0000000008001ac0                HAL_I2C_Mem_Write
 .text.HAL_I2C_Mem_Read
                0x0000000008001cb4      0x44c ./Drivers/STM32F4xx_HAL_Driver/Src/stm32f4xx_hal_i2c.o
                0x0000000008001cb4                HAL_I2C_Mem_Read
 .text.I2C_RequestMemoryWrite
                0x0000000008002100      0x12c ./Drivers/STM32F4xx_HAL_Driver/Src/stm32f4xx_hal_i2c.o
 .text.I2C_RequestMemoryRead
                0x000000000800222c      0x1d0 ./Drivers/STM32F4xx_HAL_Driver/Src/stm32f4xx_hal_i2c.o
 .text.I2C_WaitOnFlagUntilTimeout
                0x00000000080023fc       0xae ./Drivers/STM32F4xx_HAL_Driver/Src/stm32f4xx_hal_i2c.o
 .text.I2C_WaitOnMasterAddressFlagUntilTimeout
                0x00000000080024aa       0xfe ./Drivers/STM32F4xx_HAL_Driver/Src/stm32f4xx_hal_i2c.o
 .text.I2C_WaitOnTXEFlagUntilTimeout
                0x00000000080025a8       0x82 ./Drivers/STM32F4xx_HAL_Driver/Src/stm32f4xx_hal_i2c.o
 .text.I2C_WaitOnBTFFlagUntilTimeout
                0x000000000800262a       0x82 ./Drivers/STM32F4xx_HAL_Driver/Src/stm32f4xx_hal_i2c.o
 .text.I2C_WaitOnRXNEFlagUntilTimeout
                0x00000000080026ac       0xac ./Drivers/STM32F4xx_HAL_Driver/Src/stm32f4xx_hal_i2c.o
 .text.I2C_IsAcknowledgeFailed
                0x0000000008002758       0x5e ./Drivers/STM32F4xx_HAL_Driver/Src/stm32f4xx_hal_i2c.o
 *fill*         0x00000000080027b6        0x2 
 .text.HAL_I2S_Init
                0x00000000080027b8      0x280 ./Drivers/STM32F4xx_HAL_Driver/Src/stm32f4xx_hal_i2s.o
                0x00000000080027b8                HAL_I2S_Init
 .text.HAL_I2S_TxCpltCallback
                0x0000000008002a38       0x14 ./Drivers/STM32F4xx_HAL_Driver/Src/stm32f4xx_hal_i2s.o
                0x0000000008002a38                HAL_I2S_TxCpltCallback
 .text.HAL_I2S_RxCpltCallback
                0x0000000008002a4c       0x14 ./Drivers/STM32F4xx_HAL_Driver/Src/stm32f4xx_hal_i2s.o
                0x0000000008002a4c                HAL_I2S_RxCpltCallback
 .text.HAL_I2S_ErrorCallback
                0x0000000008002a60       0x14 ./Drivers/STM32F4xx_HAL_Driver/Src/stm32f4xx_hal_i2s.o
                0x0000000008002a60                HAL_I2S_ErrorCallback
 .text.I2S_Transmit_IT
                0x0000000008002a74       0x5c ./Drivers/STM32F4xx_HAL_Driver/Src/stm32f4xx_hal_i2s.o
 .text.I2S_Receive_IT
                0x0000000008002ad0       0x5e ./Drivers/STM32F4xx_HAL_Driver/Src/stm32f4xx_hal_i2s.o
 .text.I2S_IRQHandler
                0x0000000008002b2e      0x114 ./Drivers/STM32F4xx_HAL_Driver/Src/stm32f4xx_hal_i2s.o
 *fill*         0x0000000008002c42        0x2 
 .text.HAL_I2SEx_FullDuplex_IRQHandler
                0x0000000008002c44      0x2a8 ./Drivers/STM32F4xx_HAL_Driver/Src/stm32f4xx_hal_i2s_ex.o
                0x0000000008002c44                HAL_I2SEx_FullDuplex_IRQHandler
 .text.HAL_I2SEx_TxRxCpltCallback
                0x0000000008002eec       0x14 ./Drivers/STM32F4xx_HAL_Driver/Src/stm32f4xx_hal_i2s_ex.o
                0x0000000008002eec                HAL_I2SEx_TxRxCpltCallback
 .text.I2SEx_TxISR_I2S
                0x0000000008002f00       0x62 ./Drivers/STM32F4xx_HAL_Driver/Src/stm32f4xx_hal_i2s_ex.o
 *fill*         0x0000000008002f62        0x2 
 .text.I2SEx_TxISR_I2SExt
                0x0000000008002f64       0x98 ./Drivers/STM32F4xx_HAL_Driver/Src/stm32f4xx_hal_i2s_ex.o
 .text.I2SEx_RxISR_I2S
                0x0000000008002ffc       0x64 ./Drivers/STM32F4xx_HAL_Driver/Src/stm32f4xx_hal_i2s_ex.o
 .text.I2SEx_RxISR_I2SExt
                0x0000000008003060       0x98 ./Drivers/STM32F4xx_HAL_Driver/Src/stm32f4xx_hal_i2s_ex.o
 .text.HAL_PCD_Init
                0x00000000080030f8      0x23a ./Drivers/STM32F4xx_HAL_Driver/Src/stm32f4xx_hal_pcd.o
                0x00000000080030f8                HAL_PCD_Init
 .text.HAL_PCD_Start
                0x0000000008003332       0x66 ./Drivers/STM32F4xx_HAL_Driver/Src/stm32f4xx_hal_pcd.o
                0x0000000008003332                HAL_PCD_Start
 .text.HAL_PCD_IRQHandler
                0x0000000008003398      0x93e ./Drivers/STM32F4xx_HAL_Driver/Src/stm32f4xx_hal_pcd.o
                0x0000000008003398                HAL_PCD_IRQHandler
 .text.HAL_PCD_SetAddress
                0x0000000008003cd6       0x4a ./Drivers/STM32F4xx_HAL_Driver/Src/stm32f4xx_hal_pcd.o
                0x0000000008003cd6                HAL_PCD_SetAddress
 .text.HAL_PCD_EP_Open
                0x0000000008003d20       0xd0 ./Drivers/STM32F4xx_HAL_Driver/Src/stm32f4xx_hal_pcd.o
                0x0000000008003d20                HAL_PCD_EP_Open
 .text.HAL_PCD_EP_Close
                0x0000000008003df0       0x94 ./Drivers/STM32F4xx_HAL_Driver/Src/stm32f4xx_hal_pcd.o
                0x0000000008003df0                HAL_PCD_EP_Close
 .text.HAL_PCD_EP_Receive
                0x0000000008003e84       0x96 ./Drivers/STM32F4xx_HAL_Driver/Src/stm32f4xx_hal_pcd.o
                0x0000000008003e84                HAL_PCD_EP_Receive
 .text.HAL_PCD_EP_GetRxCount
                0x0000000008003f1a       0x30 ./Drivers/STM32F4xx_HAL_Driver/Src/stm32f4xx_hal_pcd.o
                0x0000000008003f1a                HAL_PCD_EP_GetRxCount
 .text.HAL_PCD_EP_Transmit
                0x0000000008003f4a       0x94 ./Drivers/STM32F4xx_HAL_Driver/Src/stm32f4xx_hal_pcd.o
                0x0000000008003f4a                HAL_PCD_EP_Transmit
 .text.HAL_PCD_EP_SetStall
                0x0000000008003fde       0xc8 ./Drivers/STM32F4xx_HAL_Driver/Src/stm32f4xx_hal_pcd.o
                0x0000000008003fde                HAL_PCD_EP_SetStall
 .text.HAL_PCD_EP_ClrStall
                0x00000000080040a6       0xac ./Drivers/STM32F4xx_HAL_Driver/Src/stm32f4xx_hal_pcd.o
                0x00000000080040a6                HAL_PCD_EP_ClrStall
 .text.HAL_PCD_EP_Abort
                0x0000000008004152       0x62 ./Drivers/STM32F4xx_HAL_Driver/Src/stm32f4xx_hal_pcd.o
                0x0000000008004152                HAL_PCD_EP_Abort
 .text.PCD_WriteEmptyTxFifo
                0x00000000080041b4      0x11a ./Drivers/STM32F4xx_HAL_Driver/Src/stm32f4xx_hal_pcd.o
 *fill*         0x00000000080042ce        0x2 
 .text.PCD_EP_OutXfrComplete_int
                0x00000000080042d0      0x1d0 ./Drivers/STM32F4xx_HAL_Driver/Src/stm32f4xx_hal_pcd.o
 .text.PCD_EP_OutSetupPacket_int
                0x00000000080044a0       0x8c ./Drivers/STM32F4xx_HAL_Driver/Src/stm32f4xx_hal_pcd.o
 .text.HAL_PCDEx_SetTxFiFo
                0x000000000800452c       0x8e ./Drivers/STM32F4xx_HAL_Driver/Src/stm32f4xx_hal_pcd_ex.o
                0x000000000800452c                HAL_PCDEx_SetTxFiFo
 .text.HAL_PCDEx_SetRxFiFo
                0x00000000080045ba       0x22 ./Drivers/STM32F4xx_HAL_Driver/Src/stm32f4xx_hal_pcd_ex.o
                0x00000000080045ba                HAL_PCDEx_SetRxFiFo
 .text.HAL_PCDEx_LPM_Callback
                0x00000000080045dc       0x18 ./Drivers/STM32F4xx_HAL_Driver/Src/stm32f4xx_hal_pcd_ex.o
                0x00000000080045dc                HAL_PCDEx_LPM_Callback
 .text.HAL_RCC_OscConfig
                0x00000000080045f4      0x4f0 ./Drivers/STM32F4xx_HAL_Driver/Src/stm32f4xx_hal_rcc.o
                0x00000000080045f4                HAL_RCC_OscConfig
 .text.HAL_RCC_ClockConfig
                0x0000000008004ae4      0x1cc ./Drivers/STM32F4xx_HAL_Driver/Src/stm32f4xx_hal_rcc.o
                0x0000000008004ae4                HAL_RCC_ClockConfig
 .text.HAL_RCC_GetSysClockFreq
                0x0000000008004cb0      0x20c ./Drivers/STM32F4xx_HAL_Driver/Src/stm32f4xx_hal_rcc.o
                0x0000000008004cb0                HAL_RCC_GetSysClockFreq
 .text.HAL_RCC_GetHCLKFreq
                0x0000000008004ebc       0x18 ./Drivers/STM32F4xx_HAL_Driver/Src/stm32f4xx_hal_rcc.o
                0x0000000008004ebc                HAL_RCC_GetHCLKFreq
 .text.HAL_RCC_GetPCLK1Freq
                0x0000000008004ed4       0x28 ./Drivers/STM32F4xx_HAL_Driver/Src/stm32f4xx_hal_rcc.o
                0x0000000008004ed4                HAL_RCC_GetPCLK1Freq
 .text.HAL_RCC_GetClockConfig
                0x0000000008004efc       0x64 ./Drivers/STM32F4xx_HAL_Driver/Src/stm32f4xx_hal_rcc.o
                0x0000000008004efc                HAL_RCC_GetClockConfig
 .text.HAL_RCCEx_PeriphCLKConfig
                0x0000000008004f60      0x1e0 ./Drivers/STM32F4xx_HAL_Driver/Src/stm32f4xx_hal_rcc_ex.o
                0x0000000008004f60                HAL_RCCEx_PeriphCLKConfig
 .text.HAL_RCCEx_GetPeriphCLKFreq
                0x0000000008005140       0xc0 ./Drivers/STM32F4xx_HAL_Driver/Src/stm32f4xx_hal_rcc_ex.o
                0x0000000008005140                HAL_RCCEx_GetPeriphCLKFreq
 .text.HAL_SPI_Init
                0x0000000008005200      0x112 ./Drivers/STM32F4xx_HAL_Driver/Src/stm32f4xx_hal_spi.o
                0x0000000008005200                HAL_SPI_Init
 .text.HAL_TIM_Base_Init
                0x0000000008005312       0x9e ./Drivers/STM32F4xx_HAL_Driver/Src/stm32f4xx_hal_tim.o
                0x0000000008005312                HAL_TIM_Base_Init
 .text.HAL_TIM_Base_MspInit
                0x00000000080053b0       0x14 ./Drivers/STM32F4xx_HAL_Driver/Src/stm32f4xx_hal_tim.o
                0x00000000080053b0                HAL_TIM_Base_MspInit
 .text.HAL_TIM_Base_Start_IT
                0x00000000080053c4       0xc4 ./Drivers/STM32F4xx_HAL_Driver/Src/stm32f4xx_hal_tim.o
                0x00000000080053c4                HAL_TIM_Base_Start_IT
 .text.HAL_TIM_IRQHandler
                0x0000000008005488      0x210 ./Drivers/STM32F4xx_HAL_Driver/Src/stm32f4xx_hal_tim.o
                0x0000000008005488                HAL_TIM_IRQHandler
 .text.HAL_TIM_OC_DelayElapsedCallback
                0x0000000008005698       0x14 ./Drivers/STM32F4xx_HAL_Driver/Src/stm32f4xx_hal_tim.o
                0x0000000008005698                HAL_TIM_OC_DelayElapsedCallback
 .text.HAL_TIM_IC_CaptureCallback
                0x00000000080056ac       0x14 ./Drivers/STM32F4xx_HAL_Driver/Src/stm32f4xx_hal_tim.o
                0x00000000080056ac                HAL_TIM_IC_CaptureCallback
 .text.HAL_TIM_PWM_PulseFinishedCallback
                0x00000000080056c0       0x14 ./Drivers/STM32F4xx_HAL_Driver/Src/stm32f4xx_hal_tim.o
                0x00000000080056c0                HAL_TIM_PWM_PulseFinishedCallback
 .text.HAL_TIM_TriggerCallback
                0x00000000080056d4       0x14 ./Drivers/STM32F4xx_HAL_Driver/Src/stm32f4xx_hal_tim.o
                0x00000000080056d4                HAL_TIM_TriggerCallback
 .text.TIM_Base_SetConfig
                0x00000000080056e8      0x100 ./Drivers/STM32F4xx_HAL_Driver/Src/stm32f4xx_hal_tim.o
                0x00000000080056e8                TIM_Base_SetConfig
 .text.HAL_TIMEx_CommutCallback
                0x00000000080057e8       0x14 ./Drivers/STM32F4xx_HAL_Driver/Src/stm32f4xx_hal_tim_ex.o
                0x00000000080057e8                HAL_TIMEx_CommutCallback
 .text.HAL_TIMEx_BreakCallback
                0x00000000080057fc       0x14 ./Drivers/STM32F4xx_HAL_Driver/Src/stm32f4xx_hal_tim_ex.o
                0x00000000080057fc                HAL_TIMEx_BreakCallback
 .text.USB_CoreInit
                0x0000000008005810       0xc2 ./Drivers/STM32F4xx_HAL_Driver/Src/stm32f4xx_ll_usb.o
                0x0000000008005810                USB_CoreInit
 *fill*         0x00000000080058d2        0x2 
 .text.USB_SetTurnaroundTime
                0x00000000080058d4      0x144 ./Drivers/STM32F4xx_HAL_Driver/Src/stm32f4xx_ll_usb.o
                0x00000000080058d4                USB_SetTurnaroundTime
 .text.USB_EnableGlobalInt
                0x0000000008005a18       0x22 ./Drivers/STM32F4xx_HAL_Driver/Src/stm32f4xx_ll_usb.o
                0x0000000008005a18                USB_EnableGlobalInt
 .text.USB_DisableGlobalInt
                0x0000000008005a3a       0x22 ./Drivers/STM32F4xx_HAL_Driver/Src/stm32f4xx_ll_usb.o
                0x0000000008005a3a                USB_DisableGlobalInt
 .text.USB_SetCurrentMode
                0x0000000008005a5c       0x98 ./Drivers/STM32F4xx_HAL_Driver/Src/stm32f4xx_ll_usb.o
                0x0000000008005a5c                USB_SetCurrentMode
 .text.USB_DevInit
                0x0000000008005af4      0x2c8 ./Drivers/STM32F4xx_HAL_Driver/Src/stm32f4xx_ll_usb.o
                0x0000000008005af4                USB_DevInit
 .text.USB_FlushTxFifo
                0x0000000008005dbc       0x68 ./Drivers/STM32F4xx_HAL_Driver/Src/stm32f4xx_ll_usb.o
                0x0000000008005dbc                USB_FlushTxFifo
 .text.USB_FlushRxFifo
                0x0000000008005e24       0x60 ./Drivers/STM32F4xx_HAL_Driver/Src/stm32f4xx_ll_usb.o
                0x0000000008005e24                USB_FlushRxFifo
 .text.USB_SetDevSpeed
                0x0000000008005e84       0x32 ./Drivers/STM32F4xx_HAL_Driver/Src/stm32f4xx_ll_usb.o
                0x0000000008005e84                USB_SetDevSpeed
 .text.USB_GetDevSpeed
                0x0000000008005eb6       0x4a ./Drivers/STM32F4xx_HAL_Driver/Src/stm32f4xx_ll_usb.o
                0x0000000008005eb6                USB_GetDevSpeed
 .text.USB_ActivateEndpoint
                0x0000000008005f00      0x10e ./Drivers/STM32F4xx_HAL_Driver/Src/stm32f4xx_ll_usb.o
                0x0000000008005f00                USB_ActivateEndpoint
 *fill*         0x000000000800600e        0x2 
 .text.USB_DeactivateEndpoint
                0x0000000008006010      0x1b8 ./Drivers/STM32F4xx_HAL_Driver/Src/stm32f4xx_ll_usb.o
                0x0000000008006010                USB_DeactivateEndpoint
 .text.USB_EPStartXfer
                0x00000000080061c8      0x490 ./Drivers/STM32F4xx_HAL_Driver/Src/stm32f4xx_ll_usb.o
                0x00000000080061c8                USB_EPStartXfer
 .text.USB_EP0StartXfer
                0x0000000008006658      0x2b0 ./Drivers/STM32F4xx_HAL_Driver/Src/stm32f4xx_ll_usb.o
                0x0000000008006658                USB_EP0StartXfer
 .text.USB_EPStopXfer
                0x0000000008006908      0x154 ./Drivers/STM32F4xx_HAL_Driver/Src/stm32f4xx_ll_usb.o
                0x0000000008006908                USB_EPStopXfer
 .text.USB_WritePacket
                0x0000000008006a5c       0x7c ./Drivers/STM32F4xx_HAL_Driver/Src/stm32f4xx_ll_usb.o
                0x0000000008006a5c                USB_WritePacket
 .text.USB_ReadPacket
                0x0000000008006ad8       0xb0 ./Drivers/STM32F4xx_HAL_Driver/Src/stm32f4xx_ll_usb.o
                0x0000000008006ad8                USB_ReadPacket
 .text.USB_EPSetStall
                0x0000000008006b88       0xdc ./Drivers/STM32F4xx_HAL_Driver/Src/stm32f4xx_ll_usb.o
                0x0000000008006b88                USB_EPSetStall
 .text.USB_EPClearStall
                0x0000000008006c64       0xcc ./Drivers/STM32F4xx_HAL_Driver/Src/stm32f4xx_ll_usb.o
                0x0000000008006c64                USB_EPClearStall
 .text.USB_SetDevAddress
                0x0000000008006d30       0x4c ./Drivers/STM32F4xx_HAL_Driver/Src/stm32f4xx_ll_usb.o
                0x0000000008006d30                USB_SetDevAddress
 .text.USB_DevConnect
                0x0000000008006d7c       0x42 ./Drivers/STM32F4xx_HAL_Driver/Src/stm32f4xx_ll_usb.o
                0x0000000008006d7c                USB_DevConnect
 .text.USB_DevDisconnect
                0x0000000008006dbe       0x42 ./Drivers/STM32F4xx_HAL_Driver/Src/stm32f4xx_ll_usb.o
                0x0000000008006dbe                USB_DevDisconnect
 .text.USB_ReadInterrupts
                0x0000000008006e00       0x26 ./Drivers/STM32F4xx_HAL_Driver/Src/stm32f4xx_ll_usb.o
                0x0000000008006e00                USB_ReadInterrupts
 .text.USB_ReadDevAllOutEpInterrupt
                0x0000000008006e26       0x34 ./Drivers/STM32F4xx_HAL_Driver/Src/stm32f4xx_ll_usb.o
                0x0000000008006e26                USB_ReadDevAllOutEpInterrupt
 .text.USB_ReadDevAllInEpInterrupt
                0x0000000008006e5a       0x34 ./Drivers/STM32F4xx_HAL_Driver/Src/stm32f4xx_ll_usb.o
                0x0000000008006e5a                USB_ReadDevAllInEpInterrupt
 .text.USB_ReadDevOutEPInterrupt
                0x0000000008006e8e       0x3c ./Drivers/STM32F4xx_HAL_Driver/Src/stm32f4xx_ll_usb.o
                0x0000000008006e8e                USB_ReadDevOutEPInterrupt
 .text.USB_ReadDevInEPInterrupt
                0x0000000008006eca       0x5c ./Drivers/STM32F4xx_HAL_Driver/Src/stm32f4xx_ll_usb.o
                0x0000000008006eca                USB_ReadDevInEPInterrupt
 .text.USB_GetMode
                0x0000000008006f26       0x1c ./Drivers/STM32F4xx_HAL_Driver/Src/stm32f4xx_ll_usb.o
                0x0000000008006f26                USB_GetMode
 .text.USB_ActivateSetup
                0x0000000008006f42       0x46 ./Drivers/STM32F4xx_HAL_Driver/Src/stm32f4xx_ll_usb.o
                0x0000000008006f42                USB_ActivateSetup
 .text.USB_EP0_OutStart
                0x0000000008006f88       0xbc ./Drivers/STM32F4xx_HAL_Driver/Src/stm32f4xx_ll_usb.o
                0x0000000008006f88                USB_EP0_OutStart
 .text.USB_CoreReset
                0x0000000008007044       0x68 ./Drivers/STM32F4xx_HAL_Driver/Src/stm32f4xx_ll_usb.o
 .text.USBD_CDC_Init
                0x00000000080070ac      0x1f0 ./Middlewares/ST/STM32_USB_Device_Library/Class/CDC/Src/usbd_cdc.o
 .text.USBD_CDC_DeInit
                0x000000000800729c      0x104 ./Middlewares/ST/STM32_USB_Device_Library/Class/CDC/Src/usbd_cdc.o
 .text.USBD_CDC_Setup
                0x00000000080073a0      0x1b8 ./Middlewares/ST/STM32_USB_Device_Library/Class/CDC/Src/usbd_cdc.o
 .text.USBD_CDC_DataIn
                0x0000000008007558       0xfe ./Middlewares/ST/STM32_USB_Device_Library/Class/CDC/Src/usbd_cdc.o
 .text.USBD_CDC_DataOut
                0x0000000008007656       0x70 ./Middlewares/ST/STM32_USB_Device_Library/Class/CDC/Src/usbd_cdc.o
 .text.USBD_CDC_EP0_RxReady
                0x00000000080076c6       0x76 ./Middlewares/ST/STM32_USB_Device_Library/Class/CDC/Src/usbd_cdc.o
 .text.USBD_CDC_GetFSCfgDesc
                0x000000000800773c       0x70 ./Middlewares/ST/STM32_USB_Device_Library/Class/CDC/Src/usbd_cdc.o
 .text.USBD_CDC_GetHSCfgDesc
                0x00000000080077ac       0x70 ./Middlewares/ST/STM32_USB_Device_Library/Class/CDC/Src/usbd_cdc.o
 .text.USBD_CDC_GetOtherSpeedCfgDesc
                0x000000000800781c       0x70 ./Middlewares/ST/STM32_USB_Device_Library/Class/CDC/Src/usbd_cdc.o
 .text.USBD_CDC_GetDeviceQualifierDescriptor
                0x000000000800788c       0x20 ./Middlewares/ST/STM32_USB_Device_Library/Class/CDC/Src/usbd_cdc.o
                0x000000000800788c                USBD_CDC_GetDeviceQualifierDescriptor
 .text.USBD_CDC_RegisterInterface
                0x00000000080078ac       0x34 ./Middlewares/ST/STM32_USB_Device_Library/Class/CDC/Src/usbd_cdc.o
                0x00000000080078ac                USBD_CDC_RegisterInterface
 .text.USBD_CDC_SetTxBuffer
                0x00000000080078e0       0x44 ./Middlewares/ST/STM32_USB_Device_Library/Class/CDC/Src/usbd_cdc.o
                0x00000000080078e0                USBD_CDC_SetTxBuffer
 .text.USBD_CDC_SetRxBuffer
                0x0000000008007924       0x3a ./Middlewares/ST/STM32_USB_Device_Library/Class/CDC/Src/usbd_cdc.o
                0x0000000008007924                USBD_CDC_SetRxBuffer
 *fill*         0x000000000800795e        0x2 
 .text.USBD_CDC_TransmitPacket
                0x0000000008007960       0x8c ./Middlewares/ST/STM32_USB_Device_Library/Class/CDC/Src/usbd_cdc.o
                0x0000000008007960                USBD_CDC_TransmitPacket
 .text.USBD_CDC_ReceivePacket
                0x00000000080079ec       0x6c ./Middlewares/ST/STM32_USB_Device_Library/Class/CDC/Src/usbd_cdc.o
                0x00000000080079ec                USBD_CDC_ReceivePacket
 .text.USBD_Init
                0x0000000008007a58       0x60 ./Middlewares/ST/STM32_USB_Device_Library/Core/Src/usbd_core.o
                0x0000000008007a58                USBD_Init
 .text.USBD_RegisterClass
                0x0000000008007ab8       0x6c ./Middlewares/ST/STM32_USB_Device_Library/Core/Src/usbd_core.o
                0x0000000008007ab8                USBD_RegisterClass
 .text.USBD_Start
                0x0000000008007b24       0x18 ./Middlewares/ST/STM32_USB_Device_Library/Core/Src/usbd_core.o
                0x0000000008007b24                USBD_Start
 .text.USBD_RunTestMode
                0x0000000008007b3c       0x16 ./Middlewares/ST/STM32_USB_Device_Library/Core/Src/usbd_core.o
                0x0000000008007b3c                USBD_RunTestMode
 .text.USBD_SetClassConfig
                0x0000000008007b52       0x38 ./Middlewares/ST/STM32_USB_Device_Library/Core/Src/usbd_core.o
                0x0000000008007b52                USBD_SetClassConfig
 .text.USBD_ClrClassConfig
                0x0000000008007b8a       0x34 ./Middlewares/ST/STM32_USB_Device_Library/Core/Src/usbd_core.o
                0x0000000008007b8a                USBD_ClrClassConfig
 .text.USBD_LL_SetupStage
                0x0000000008007bbe       0xaa ./Middlewares/ST/STM32_USB_Device_Library/Core/Src/usbd_core.o
                0x0000000008007bbe                USBD_LL_SetupStage
 .text.USBD_LL_DataOutStage
                0x0000000008007c68      0x166 ./Middlewares/ST/STM32_USB_Device_Library/Core/Src/usbd_core.o
                0x0000000008007c68                USBD_LL_DataOutStage
 .text.USBD_LL_DataInStage
                0x0000000008007dce      0x164 ./Middlewares/ST/STM32_USB_Device_Library/Core/Src/usbd_core.o
                0x0000000008007dce                USBD_LL_DataInStage
 .text.USBD_LL_Reset
                0x0000000008007f32       0xa4 ./Middlewares/ST/STM32_USB_Device_Library/Core/Src/usbd_core.o
                0x0000000008007f32                USBD_LL_Reset
 .text.USBD_LL_SetSpeed
                0x0000000008007fd6       0x20 ./Middlewares/ST/STM32_USB_Device_Library/Core/Src/usbd_core.o
                0x0000000008007fd6                USBD_LL_SetSpeed
 .text.USBD_LL_Suspend
                0x0000000008007ff6       0x2c ./Middlewares/ST/STM32_USB_Device_Library/Core/Src/usbd_core.o
                0x0000000008007ff6                USBD_LL_Suspend
 .text.USBD_LL_Resume
                0x0000000008008022       0x30 ./Middlewares/ST/STM32_USB_Device_Library/Core/Src/usbd_core.o
                0x0000000008008022                USBD_LL_Resume
 .text.USBD_LL_SOF
                0x0000000008008052       0x40 ./Middlewares/ST/STM32_USB_Device_Library/Core/Src/usbd_core.o
                0x0000000008008052                USBD_LL_SOF
 .text.USBD_LL_IsoINIncomplete
                0x0000000008008092       0x64 ./Middlewares/ST/STM32_USB_Device_Library/Core/Src/usbd_core.o
                0x0000000008008092                USBD_LL_IsoINIncomplete
 .text.USBD_LL_IsoOUTIncomplete
                0x00000000080080f6       0x64 ./Middlewares/ST/STM32_USB_Device_Library/Core/Src/usbd_core.o
                0x00000000080080f6                USBD_LL_IsoOUTIncomplete
 .text.USBD_LL_DevConnected
                0x000000000800815a       0x16 ./Middlewares/ST/STM32_USB_Device_Library/Core/Src/usbd_core.o
                0x000000000800815a                USBD_LL_DevConnected
 .text.USBD_LL_DevDisconnected
                0x0000000008008170       0x46 ./Middlewares/ST/STM32_USB_Device_Library/Core/Src/usbd_core.o
                0x0000000008008170                USBD_LL_DevDisconnected
 .text.USBD_CoreFindIF
                0x00000000080081b6       0x1a ./Middlewares/ST/STM32_USB_Device_Library/Core/Src/usbd_core.o
                0x00000000080081b6                USBD_CoreFindIF
 .text.USBD_CoreFindEP
                0x00000000080081d0       0x1a ./Middlewares/ST/STM32_USB_Device_Library/Core/Src/usbd_core.o
                0x00000000080081d0                USBD_CoreFindEP
 .text.USBD_GetEpDesc
                0x00000000080081ea       0x74 ./Middlewares/ST/STM32_USB_Device_Library/Core/Src/usbd_core.o
                0x00000000080081ea                USBD_GetEpDesc
 .text.USBD_GetNextDesc
                0x000000000800825e       0x3a ./Middlewares/ST/STM32_USB_Device_Library/Core/Src/usbd_core.o
                0x000000000800825e                USBD_GetNextDesc
 .text.SWAPBYTE
                0x0000000008008298       0x3c ./Middlewares/ST/STM32_USB_Device_Library/Core/Src/usbd_ctlreq.o
 .text.USBD_StdDevReq
                0x00000000080082d4       0xe4 ./Middlewares/ST/STM32_USB_Device_Library/Core/Src/usbd_ctlreq.o
                0x00000000080082d4                USBD_StdDevReq
 .text.USBD_StdItfReq
                0x00000000080083b8       0xd8 ./Middlewares/ST/STM32_USB_Device_Library/Core/Src/usbd_ctlreq.o
                0x00000000080083b8                USBD_StdItfReq
 .text.USBD_StdEPReq
                0x0000000008008490      0x33a ./Middlewares/ST/STM32_USB_Device_Library/Core/Src/usbd_ctlreq.o
                0x0000000008008490                USBD_StdEPReq
 *fill*         0x00000000080087ca        0x2 
 .text.USBD_GetDescriptor
                0x00000000080087cc      0x2d4 ./Middlewares/ST/STM32_USB_Device_Library/Core/Src/usbd_ctlreq.o
 .text.USBD_SetAddress
                0x0000000008008aa0       0x88 ./Middlewares/ST/STM32_USB_Device_Library/Core/Src/usbd_ctlreq.o
 .text.USBD_SetConfig
                0x0000000008008b28      0x154 ./Middlewares/ST/STM32_USB_Device_Library/Core/Src/usbd_ctlreq.o
 .text.USBD_GetConfig
                0x0000000008008c7c       0x6c ./Middlewares/ST/STM32_USB_Device_Library/Core/Src/usbd_ctlreq.o
 .text.USBD_GetStatus
                0x0000000008008ce8       0x68 ./Middlewares/ST/STM32_USB_Device_Library/Core/Src/usbd_ctlreq.o
 .text.USBD_SetFeature
                0x0000000008008d50       0x52 ./Middlewares/ST/STM32_USB_Device_Library/Core/Src/usbd_ctlreq.o
 .text.USBD_ClrFeature
                0x0000000008008da2       0x44 ./Middlewares/ST/STM32_USB_Device_Library/Core/Src/usbd_ctlreq.o
 .text.USBD_ParseSetupRequest
                0x0000000008008de6       0x74 ./Middlewares/ST/STM32_USB_Device_Library/Core/Src/usbd_ctlreq.o
                0x0000000008008de6                USBD_ParseSetupRequest
 .text.USBD_CtlError
                0x0000000008008e5a       0x22 ./Middlewares/ST/STM32_USB_Device_Library/Core/Src/usbd_ctlreq.o
                0x0000000008008e5a                USBD_CtlError
 .text.USBD_GetString
                0x0000000008008e7c       0x8c ./Middlewares/ST/STM32_USB_Device_Library/Core/Src/usbd_ctlreq.o
                0x0000000008008e7c                USBD_GetString
 .text.USBD_GetLen
                0x0000000008008f08       0x34 ./Middlewares/ST/STM32_USB_Device_Library/Core/Src/usbd_ctlreq.o
 .text.USBD_CtlSendData
                0x0000000008008f3c       0x36 ./Middlewares/ST/STM32_USB_Device_Library/Core/Src/usbd_ioreq.o
                0x0000000008008f3c                USBD_CtlSendData
 .text.USBD_CtlContinueSendData
                0x0000000008008f72       0x22 ./Middlewares/ST/STM32_USB_Device_Library/Core/Src/usbd_ioreq.o
                0x0000000008008f72                USBD_CtlContinueSendData
 .text.USBD_CtlPrepareRx
                0x0000000008008f94       0x3a ./Middlewares/ST/STM32_USB_Device_Library/Core/Src/usbd_ioreq.o
                0x0000000008008f94                USBD_CtlPrepareRx
 .text.USBD_CtlContinueRx
                0x0000000008008fce       0x22 ./Middlewares/ST/STM32_USB_Device_Library/Core/Src/usbd_ioreq.o
                0x0000000008008fce                USBD_CtlContinueRx
 .text.USBD_CtlSendStatus
                0x0000000008008ff0       0x26 ./Middlewares/ST/STM32_USB_Device_Library/Core/Src/usbd_ioreq.o
                0x0000000008008ff0                USBD_CtlSendStatus
 .text.USBD_CtlReceiveStatus
                0x0000000008009016       0x26 ./Middlewares/ST/STM32_USB_Device_Library/Core/Src/usbd_ioreq.o
                0x0000000008009016                USBD_CtlReceiveStatus
 .text.__NVIC_SetPriority
                0x000000000800903c       0x54 ./Middlewares/Third_Party/FreeRTOS/Source/CMSIS_RTOS_V2/cmsis_os2.o
 .text.SysTick_Handler
                0x0000000008009090       0x20 ./Middlewares/Third_Party/FreeRTOS/Source/CMSIS_RTOS_V2/cmsis_os2.o
                0x0000000008009090                SysTick_Handler
 .text.SVC_Setup
                0x00000000080090b0       0x12 ./Middlewares/Third_Party/FreeRTOS/Source/CMSIS_RTOS_V2/cmsis_os2.o
 *fill*         0x00000000080090c2        0x2 
 .text.osKernelInitialize
                0x00000000080090c4       0x48 ./Middlewares/Third_Party/FreeRTOS/Source/CMSIS_RTOS_V2/cmsis_os2.o
                0x00000000080090c4                osKernelInitialize
 .text.osKernelStart
                0x000000000800910c       0x4c ./Middlewares/Third_Party/FreeRTOS/Source/CMSIS_RTOS_V2/cmsis_os2.o
                0x000000000800910c                osKernelStart
 .text.osThreadNew
                0x0000000008009158      0x124 ./Middlewares/Third_Party/FreeRTOS/Source/CMSIS_RTOS_V2/cmsis_os2.o
                0x0000000008009158                osThreadNew
 .text.osDelay  0x000000000800927c       0x36 ./Middlewares/Third_Party/FreeRTOS/Source/CMSIS_RTOS_V2/cmsis_os2.o
                0x000000000800927c                osDelay
 *fill*         0x00000000080092b2        0x2 
 .text.vApplicationGetIdleTaskMemory
                0x00000000080092b4       0x34 ./Middlewares/Third_Party/FreeRTOS/Source/CMSIS_RTOS_V2/cmsis_os2.o
                0x00000000080092b4                vApplicationGetIdleTaskMemory
 .text.vApplicationGetTimerTaskMemory
                0x00000000080092e8       0x34 ./Middlewares/Third_Party/FreeRTOS/Source/CMSIS_RTOS_V2/cmsis_os2.o
                0x00000000080092e8                vApplicationGetTimerTaskMemory
 .text.vListInitialise
                0x000000000800931c       0x40 ./Middlewares/Third_Party/FreeRTOS/Source/list.o
                0x000000000800931c                vListInitialise
 .text.vListInitialiseItem
                0x000000000800935c       0x1a ./Middlewares/Third_Party/FreeRTOS/Source/list.o
                0x000000000800935c                vListInitialiseItem
 .text.vListInsertEnd
                0x0000000008009376       0x48 ./Middlewares/Third_Party/FreeRTOS/Source/list.o
                0x0000000008009376                vListInsertEnd
 .text.vListInsert
                0x00000000080093be       0x72 ./Middlewares/Third_Party/FreeRTOS/Source/list.o
                0x00000000080093be                vListInsert
 .text.uxListRemove
                0x0000000008009430       0x54 ./Middlewares/Third_Party/FreeRTOS/Source/list.o
                0x0000000008009430                uxListRemove
 .text.xQueueGenericReset
                0x0000000008009484       0xd0 ./Middlewares/Third_Party/FreeRTOS/Source/queue.o
                0x0000000008009484                xQueueGenericReset
 .text.xQueueGenericCreateStatic
                0x0000000008009554       0xf0 ./Middlewares/Third_Party/FreeRTOS/Source/queue.o
                0x0000000008009554                xQueueGenericCreateStatic
 .text.xQueueGenericCreate
                0x0000000008009644       0x74 ./Middlewares/Third_Party/FreeRTOS/Source/queue.o
                0x0000000008009644                xQueueGenericCreate
 .text.prvInitialiseNewQueue
                0x00000000080096b8       0x46 ./Middlewares/Third_Party/FreeRTOS/Source/queue.o
 *fill*         0x00000000080096fe        0x2 
 .text.xQueueGenericSend
                0x0000000008009700      0x1fc ./Middlewares/Third_Party/FreeRTOS/Source/queue.o
                0x0000000008009700                xQueueGenericSend
 .text.xQueueGenericSendFromISR
                0x00000000080098fc      0x136 ./Middlewares/Third_Party/FreeRTOS/Source/queue.o
                0x00000000080098fc                xQueueGenericSendFromISR
 *fill*         0x0000000008009a32        0x2 
 .text.xQueueReceive
                0x0000000008009a34      0x1c0 ./Middlewares/Third_Party/FreeRTOS/Source/queue.o
                0x0000000008009a34                xQueueReceive
 .text.prvCopyDataToQueue
                0x0000000008009bf4       0xd4 ./Middlewares/Third_Party/FreeRTOS/Source/queue.o
 .text.prvCopyDataFromQueue
                0x0000000008009cc8       0x4c ./Middlewares/Third_Party/FreeRTOS/Source/queue.o
 .text.prvUnlockQueue
                0x0000000008009d14       0xa4 ./Middlewares/Third_Party/FreeRTOS/Source/queue.o
 .text.prvIsQueueEmpty
                0x0000000008009db8       0x2c ./Middlewares/Third_Party/FreeRTOS/Source/queue.o
 .text.prvIsQueueFull
                0x0000000008009de4       0x30 ./Middlewares/Third_Party/FreeRTOS/Source/queue.o
 .text.vQueueAddToRegistry
                0x0000000008009e14       0x54 ./Middlewares/Third_Party/FreeRTOS/Source/queue.o
                0x0000000008009e14                vQueueAddToRegistry
 .text.vQueueWaitForMessageRestricted
                0x0000000008009e68       0x68 ./Middlewares/Third_Party/FreeRTOS/Source/queue.o
                0x0000000008009e68                vQueueWaitForMessageRestricted
 .text.xTaskCreateStatic
                0x0000000008009ed0       0xba ./Middlewares/Third_Party/FreeRTOS/Source/tasks.o
                0x0000000008009ed0                xTaskCreateStatic
 .text.xTaskCreate
                0x0000000008009f8a       0x8a ./Middlewares/Third_Party/FreeRTOS/Source/tasks.o
                0x0000000008009f8a                xTaskCreate
 .text.prvInitialiseNewTask
                0x000000000800a014      0x14c ./Middlewares/Third_Party/FreeRTOS/Source/tasks.o
 .text.prvAddNewTaskToReadyList
                0x000000000800a160       0xe0 ./Middlewares/Third_Party/FreeRTOS/Source/tasks.o
 .text.vTaskDelay
                0x000000000800a240       0x68 ./Middlewares/Third_Party/FreeRTOS/Source/tasks.o
                0x000000000800a240                vTaskDelay
 .text.vTaskStartScheduler
                0x000000000800a2a8       0xe0 ./Middlewares/Third_Party/FreeRTOS/Source/tasks.o
                0x000000000800a2a8                vTaskStartScheduler
 .text.vTaskSuspendAll
                0x000000000800a388       0x1c ./Middlewares/Third_Party/FreeRTOS/Source/tasks.o
                0x000000000800a388                vTaskSuspendAll
 .text.xTaskResumeAll
                0x000000000800a3a4      0x13c ./Middlewares/Third_Party/FreeRTOS/Source/tasks.o
                0x000000000800a3a4                xTaskResumeAll
 .text.xTaskGetTickCount
                0x000000000800a4e0       0x20 ./Middlewares/Third_Party/FreeRTOS/Source/tasks.o
                0x000000000800a4e0                xTaskGetTickCount
 .text.xTaskIncrementTick
                0x000000000800a500      0x174 ./Middlewares/Third_Party/FreeRTOS/Source/tasks.o
                0x000000000800a500                xTaskIncrementTick
 .text.vTaskSwitchContext
                0x000000000800a674       0xc8 ./Middlewares/Third_Party/FreeRTOS/Source/tasks.o
                0x000000000800a674                vTaskSwitchContext
 .text.vTaskPlaceOnEventList
                0x000000000800a73c       0x48 ./Middlewares/Third_Party/FreeRTOS/Source/tasks.o
                0x000000000800a73c                vTaskPlaceOnEventList
 .text.vTaskPlaceOnEventListRestricted
                0x000000000800a784       0x58 ./Middlewares/Third_Party/FreeRTOS/Source/tasks.o
                0x000000000800a784                vTaskPlaceOnEventListRestricted
 .text.xTaskRemoveFromEventList
                0x000000000800a7dc       0xc8 ./Middlewares/Third_Party/FreeRTOS/Source/tasks.o
                0x000000000800a7dc                xTaskRemoveFromEventList
 .text.vTaskInternalSetTimeOutState
                0x000000000800a8a4       0x2c ./Middlewares/Third_Party/FreeRTOS/Source/tasks.o
                0x000000000800a8a4                vTaskInternalSetTimeOutState
 .text.xTaskCheckForTimeOut
                0x000000000800a8d0       0xc4 ./Middlewares/Third_Party/FreeRTOS/Source/tasks.o
                0x000000000800a8d0                xTaskCheckForTimeOut
 .text.vTaskMissedYield
                0x000000000800a994       0x18 ./Middlewares/Third_Party/FreeRTOS/Source/tasks.o
                0x000000000800a994                vTaskMissedYield
 .text.prvIdleTask
                0x000000000800a9ac       0x30 ./Middlewares/Third_Party/FreeRTOS/Source/tasks.o
 .text.prvInitialiseTaskLists
                0x000000000800a9dc       0x80 ./Middlewares/Third_Party/FreeRTOS/Source/tasks.o
 .text.prvCheckTasksWaitingTermination
                0x000000000800aa5c       0x5c ./Middlewares/Third_Party/FreeRTOS/Source/tasks.o
 .text.prvDeleteTCB
                0x000000000800aab8       0x68 ./Middlewares/Third_Party/FreeRTOS/Source/tasks.o
 .text.prvResetNextTaskUnblockTime
                0x000000000800ab20       0x40 ./Middlewares/Third_Party/FreeRTOS/Source/tasks.o
 .text.xTaskGetSchedulerState
                0x000000000800ab60       0x3c ./Middlewares/Third_Party/FreeRTOS/Source/tasks.o
                0x000000000800ab60                xTaskGetSchedulerState
 .text.xTaskPriorityDisinherit
                0x000000000800ab9c       0xdc ./Middlewares/Third_Party/FreeRTOS/Source/tasks.o
                0x000000000800ab9c                xTaskPriorityDisinherit
 .text.prvAddCurrentTaskToDelayedList
                0x000000000800ac78       0xa8 ./Middlewares/Third_Party/FreeRTOS/Source/tasks.o
 .text.xTimerCreateTimerTask
                0x000000000800ad20       0x90 ./Middlewares/Third_Party/FreeRTOS/Source/timers.o
                0x000000000800ad20                xTimerCreateTimerTask
 .text.xTimerGenericCommand
                0x000000000800adb0       0x9c ./Middlewares/Third_Party/FreeRTOS/Source/timers.o
                0x000000000800adb0                xTimerGenericCommand
 .text.prvProcessExpiredTimer
                0x000000000800ae4c       0x98 ./Middlewares/Third_Party/FreeRTOS/Source/timers.o
 .text.prvTimerTask
                0x000000000800aee4       0x24 ./Middlewares/Third_Party/FreeRTOS/Source/timers.o
 .text.prvProcessTimerOrBlockTask
                0x000000000800af08       0x9c ./Middlewares/Third_Party/FreeRTOS/Source/timers.o
 .text.prvGetNextExpireTime
                0x000000000800afa4       0x48 ./Middlewares/Third_Party/FreeRTOS/Source/timers.o
 .text.prvSampleTimeNow
                0x000000000800afec       0x40 ./Middlewares/Third_Party/FreeRTOS/Source/timers.o
 .text.prvInsertTimerInActiveList
                0x000000000800b02c       0x84 ./Middlewares/Third_Party/FreeRTOS/Source/timers.o
 .text.prvProcessReceivedCommands
                0x000000000800b0b0      0x1c4 ./Middlewares/Third_Party/FreeRTOS/Source/timers.o
 .text.prvSwitchTimerLists
                0x000000000800b274       0xc8 ./Middlewares/Third_Party/FreeRTOS/Source/timers.o
 .text.prvCheckForValidListAndQueue
                0x000000000800b33c       0x80 ./Middlewares/Third_Party/FreeRTOS/Source/timers.o
 .text.pxPortInitialiseStack
                0x000000000800b3bc       0x68 ./Middlewares/Third_Party/FreeRTOS/Source/portable/GCC/ARM_CM4F/port.o
                0x000000000800b3bc                pxPortInitialiseStack
 .text.prvTaskExitError
                0x000000000800b424       0x58 ./Middlewares/Third_Party/FreeRTOS/Source/portable/GCC/ARM_CM4F/port.o
 *fill*         0x000000000800b47c        0x4 
 .text.SVC_Handler
                0x000000000800b480       0x28 ./Middlewares/Third_Party/FreeRTOS/Source/portable/GCC/ARM_CM4F/port.o
                0x000000000800b480                SVC_Handler
 .text.prvPortStartFirstTask
                0x000000000800b4a8       0x28 ./Middlewares/Third_Party/FreeRTOS/Source/portable/GCC/ARM_CM4F/port.o
 .text.xPortStartScheduler
                0x000000000800b4d0      0x144 ./Middlewares/Third_Party/FreeRTOS/Source/portable/GCC/ARM_CM4F/port.o
                0x000000000800b4d0                xPortStartScheduler
 .text.vPortEnterCritical
                0x000000000800b614       0x60 ./Middlewares/Third_Party/FreeRTOS/Source/portable/GCC/ARM_CM4F/port.o
                0x000000000800b614                vPortEnterCritical
 .text.vPortExitCritical
                0x000000000800b674       0x54 ./Middlewares/Third_Party/FreeRTOS/Source/portable/GCC/ARM_CM4F/port.o
                0x000000000800b674                vPortExitCritical
 *fill*         0x000000000800b6c8        0x8 
 .text.PendSV_Handler
                0x000000000800b6d0       0x68 ./Middlewares/Third_Party/FreeRTOS/Source/portable/GCC/ARM_CM4F/port.o
                0x000000000800b6d0                PendSV_Handler
 .text.xPortSysTickHandler
                0x000000000800b738       0x44 ./Middlewares/Third_Party/FreeRTOS/Source/portable/GCC/ARM_CM4F/port.o
                0x000000000800b738                xPortSysTickHandler
 .text.vPortSetupTimerInterrupt
                0x000000000800b77c       0x48 ./Middlewares/Third_Party/FreeRTOS/Source/portable/GCC/ARM_CM4F/port.o
                0x000000000800b77c                vPortSetupTimerInterrupt
 .text.vPortEnableVFP
                0x000000000800b7c4       0x14 ./Middlewares/Third_Party/FreeRTOS/Source/portable/GCC/ARM_CM4F/port.o
 .text.vPortValidateInterruptPriority
                0x000000000800b7d8       0x80 ./Middlewares/Third_Party/FreeRTOS/Source/portable/GCC/ARM_CM4F/port.o
                0x000000000800b7d8                vPortValidateInterruptPriority
 .text.pvPortMalloc
                0x000000000800b858      0x198 ./Middlewares/Third_Party/FreeRTOS/Source/portable/MemMang/heap_4.o
                0x000000000800b858                pvPortMalloc
 .text.vPortFree
                0x000000000800b9f0       0xc4 ./Middlewares/Third_Party/FreeRTOS/Source/portable/MemMang/heap_4.o
                0x000000000800b9f0                vPortFree
 .text.prvHeapInit
                0x000000000800bab4       0xc4 ./Middlewares/Third_Party/FreeRTOS/Source/portable/MemMang/heap_4.o
 .text.prvInsertBlockIntoFreeList
                0x000000000800bb78       0xb4 ./Middlewares/Third_Party/FreeRTOS/Source/portable/MemMang/heap_4.o
 .text.MX_USB_DEVICE_Init
                0x000000000800bc2c       0x60 ./USB_DEVICE/App/usb_device.o
                0x000000000800bc2c                MX_USB_DEVICE_Init
 .text.CDC_Init_FS
                0x000000000800bc8c       0x28 ./USB_DEVICE/App/usbd_cdc_if.o
 .text.CDC_DeInit_FS
                0x000000000800bcb4       0x10 ./USB_DEVICE/App/usbd_cdc_if.o
 .text.CDC_Control_FS
                0x000000000800bcc4       0xbc ./USB_DEVICE/App/usbd_cdc_if.o
 .text.CDC_Receive_FS
                0x000000000800bd80       0xa0 ./USB_DEVICE/App/usbd_cdc_if.o
 .text.CDC_Transmit_FS
                0x000000000800be20       0x4c ./USB_DEVICE/App/usbd_cdc_if.o
                0x000000000800be20                CDC_Transmit_FS
 .text.CDC_TransmitCplt_FS
                0x000000000800be6c       0x22 ./USB_DEVICE/App/usbd_cdc_if.o
 *fill*         0x000000000800be8e        0x2 
 .text.USBD_FS_DeviceDescriptor
                0x000000000800be90       0x24 ./USB_DEVICE/App/usbd_desc.o
                0x000000000800be90                USBD_FS_DeviceDescriptor
 .text.USBD_FS_LangIDStrDescriptor
                0x000000000800beb4       0x24 ./USB_DEVICE/App/usbd_desc.o
                0x000000000800beb4                USBD_FS_LangIDStrDescriptor
 .text.USBD_FS_ProductStrDescriptor
                0x000000000800bed8       0x3c ./USB_DEVICE/App/usbd_desc.o
                0x000000000800bed8                USBD_FS_ProductStrDescriptor
 .text.USBD_FS_ManufacturerStrDescriptor
                0x000000000800bf14       0x28 ./USB_DEVICE/App/usbd_desc.o
                0x000000000800bf14                USBD_FS_ManufacturerStrDescriptor
 .text.USBD_FS_SerialStrDescriptor
                0x000000000800bf3c       0x24 ./USB_DEVICE/App/usbd_desc.o
                0x000000000800bf3c                USBD_FS_SerialStrDescriptor
 .text.USBD_FS_ConfigStrDescriptor
                0x000000000800bf60       0x3c ./USB_DEVICE/App/usbd_desc.o
                0x000000000800bf60                USBD_FS_ConfigStrDescriptor
 .text.USBD_FS_InterfaceStrDescriptor
                0x000000000800bf9c       0x3c ./USB_DEVICE/App/usbd_desc.o
                0x000000000800bf9c                USBD_FS_InterfaceStrDescriptor
 .text.Get_SerialNum
                0x000000000800bfd8       0x58 ./USB_DEVICE/App/usbd_desc.o
 .text.IntToUnicode
                0x000000000800c030       0x7e ./USB_DEVICE/App/usbd_desc.o
 *fill*         0x000000000800c0ae        0x2 
 .text.HAL_PCD_MspInit
                0x000000000800c0b0       0xc4 ./USB_DEVICE/Target/usbd_conf.o
                0x000000000800c0b0                HAL_PCD_MspInit
 .text.HAL_PCD_SetupStageCallback
                0x000000000800c174       0x24 ./USB_DEVICE/Target/usbd_conf.o
                0x000000000800c174                HAL_PCD_SetupStageCallback
 .text.HAL_PCD_DataOutStageCallback
                0x000000000800c198       0x36 ./USB_DEVICE/Target/usbd_conf.o
                0x000000000800c198                HAL_PCD_DataOutStageCallback
 .text.HAL_PCD_DataInStageCallback
                0x000000000800c1ce       0x34 ./USB_DEVICE/Target/usbd_conf.o
                0x000000000800c1ce                HAL_PCD_DataInStageCallback
 .text.HAL_PCD_SOFCallback
                0x000000000800c202       0x1c ./USB_DEVICE/Target/usbd_conf.o
                0x000000000800c202                HAL_PCD_SOFCallback
 .text.HAL_PCD_ResetCallback
                0x000000000800c21e       0x3c ./USB_DEVICE/Target/usbd_conf.o
                0x000000000800c21e                HAL_PCD_ResetCallback
 *fill*         0x000000000800c25a        0x2 
 .text.HAL_PCD_SuspendCallback
                0x000000000800c25c       0x4c ./USB_DEVICE/Target/usbd_conf.o
                0x000000000800c25c                HAL_PCD_SuspendCallback
 .text.HAL_PCD_ResumeCallback
                0x000000000800c2a8       0x1c ./USB_DEVICE/Target/usbd_conf.o
                0x000000000800c2a8                HAL_PCD_ResumeCallback
 .text.HAL_PCD_ISOOUTIncompleteCallback
                0x000000000800c2c4       0x24 ./USB_DEVICE/Target/usbd_conf.o
                0x000000000800c2c4                HAL_PCD_ISOOUTIncompleteCallback
 .text.HAL_PCD_ISOINIncompleteCallback
                0x000000000800c2e8       0x24 ./USB_DEVICE/Target/usbd_conf.o
                0x000000000800c2e8                HAL_PCD_ISOINIncompleteCallback
 .text.HAL_PCD_ConnectCallback
                0x000000000800c30c       0x1c ./USB_DEVICE/Target/usbd_conf.o
                0x000000000800c30c                HAL_PCD_ConnectCallback
 .text.HAL_PCD_DisconnectCallback
                0x000000000800c328       0x1c ./USB_DEVICE/Target/usbd_conf.o
                0x000000000800c328                HAL_PCD_DisconnectCallback
 .text.USBD_LL_Init
                0x000000000800c344       0x98 ./USB_DEVICE/Target/usbd_conf.o
                0x000000000800c344                USBD_LL_Init
 .text.USBD_LL_Start
                0x000000000800c3dc       0x36 ./USB_DEVICE/Target/usbd_conf.o
                0x000000000800c3dc                USBD_LL_Start
 .text.USBD_LL_OpenEP
                0x000000000800c412       0x4c ./USB_DEVICE/Target/usbd_conf.o
                0x000000000800c412                USBD_LL_OpenEP
 .text.USBD_LL_CloseEP
                0x000000000800c45e       0x3e ./USB_DEVICE/Target/usbd_conf.o
                0x000000000800c45e                USBD_LL_CloseEP
 .text.USBD_LL_StallEP
                0x000000000800c49c       0x3e ./USB_DEVICE/Target/usbd_conf.o
                0x000000000800c49c                USBD_LL_StallEP
 .text.USBD_LL_ClearStallEP
                0x000000000800c4da       0x3e ./USB_DEVICE/Target/usbd_conf.o
                0x000000000800c4da                USBD_LL_ClearStallEP
 .text.USBD_LL_IsStallEP
                0x000000000800c518       0x58 ./USB_DEVICE/Target/usbd_conf.o
                0x000000000800c518                USBD_LL_IsStallEP
 .text.USBD_LL_SetUSBAddress
                0x000000000800c570       0x3e ./USB_DEVICE/Target/usbd_conf.o
                0x000000000800c570                USBD_LL_SetUSBAddress
 .text.USBD_LL_Transmit
                0x000000000800c5ae       0x42 ./USB_DEVICE/Target/usbd_conf.o
                0x000000000800c5ae                USBD_LL_Transmit
 .text.USBD_LL_PrepareReceive
                0x000000000800c5f0       0x42 ./USB_DEVICE/Target/usbd_conf.o
                0x000000000800c5f0                USBD_LL_PrepareReceive
 .text.USBD_LL_GetRxDataSize
                0x000000000800c632       0x26 ./USB_DEVICE/Target/usbd_conf.o
                0x000000000800c632                USBD_LL_GetRxDataSize
 .text.USBD_static_malloc
                0x000000000800c658       0x1c ./USB_DEVICE/Target/usbd_conf.o
                0x000000000800c658                USBD_static_malloc
 .text.USBD_static_free
                0x000000000800c674       0x14 ./USB_DEVICE/Target/usbd_conf.o
                0x000000000800c674                USBD_static_free
 .text.USBD_Get_USB_Status
                0x000000000800c688       0x58 ./USB_DEVICE/Target/usbd_conf.o
                0x000000000800c688                USBD_Get_USB_Status
 .text.__libc_init_array
                0x000000000800c6e0       0x48 c:/st/stm32cubeide_1.10.1/stm32cubeide/plugins/com.st.stm32cube.ide.mcu.externaltools.gnu-tools-for-stm32.10.3-2021.10.win32_1.0.0.202111181127/tools/bin/../lib/gcc/arm-none-eabi/10.3.1/../../../../arm-none-eabi/lib/thumb/v7e-m+fp/hard\libc_nano.a(lib_a-init.o)
                0x000000000800c6e0                __libc_init_array
 .text.__retarget_lock_acquire_recursive
                0x000000000800c728        0x2 c:/st/stm32cubeide_1.10.1/stm32cubeide/plugins/com.st.stm32cube.ide.mcu.externaltools.gnu-tools-for-stm32.10.3-2021.10.win32_1.0.0.202111181127/tools/bin/../lib/gcc/arm-none-eabi/10.3.1/../../../../arm-none-eabi/lib/thumb/v7e-m+fp/hard\libc_nano.a(lib_a-lock.o)
                0x000000000800c728                __retarget_lock_acquire_recursive
 .text.__retarget_lock_release_recursive
                0x000000000800c72a        0x2 c:/st/stm32cubeide_1.10.1/stm32cubeide/plugins/com.st.stm32cube.ide.mcu.externaltools.gnu-tools-for-stm32.10.3-2021.10.win32_1.0.0.202111181127/tools/bin/../lib/gcc/arm-none-eabi/10.3.1/../../../../arm-none-eabi/lib/thumb/v7e-m+fp/hard\libc_nano.a(lib_a-lock.o)
                0x000000000800c72a                __retarget_lock_release_recursive
 .text.memcpy   0x000000000800c72c       0x1c c:/st/stm32cubeide_1.10.1/stm32cubeide/plugins/com.st.stm32cube.ide.mcu.externaltools.gnu-tools-for-stm32.10.3-2021.10.win32_1.0.0.202111181127/tools/bin/../lib/gcc/arm-none-eabi/10.3.1/../../../../arm-none-eabi/lib/thumb/v7e-m+fp/hard\libc_nano.a(lib_a-memcpy-stub.o)
                0x000000000800c72c                memcpy
 .text.memset   0x000000000800c748       0x10 c:/st/stm32cubeide_1.10.1/stm32cubeide/plugins/com.st.stm32cube.ide.mcu.externaltools.gnu-tools-for-stm32.10.3-2021.10.win32_1.0.0.202111181127/tools/bin/../lib/gcc/arm-none-eabi/10.3.1/../../../../arm-none-eabi/lib/thumb/v7e-m+fp/hard\libc_nano.a(lib_a-memset.o)
                0x000000000800c748                memset
 .text.cleanup_glue
                0x000000000800c758       0x1a c:/st/stm32cubeide_1.10.1/stm32cubeide/plugins/com.st.stm32cube.ide.mcu.externaltools.gnu-tools-for-stm32.10.3-2021.10.win32_1.0.0.202111181127/tools/bin/../lib/gcc/arm-none-eabi/10.3.1/../../../../arm-none-eabi/lib/thumb/v7e-m+fp/hard\libc_nano.a(lib_a-reent.o)
                0x000000000800c758                cleanup_glue
 *fill*         0x000000000800c772        0x2 
 .text._reclaim_reent
                0x000000000800c774       0xb8 c:/st/stm32cubeide_1.10.1/stm32cubeide/plugins/com.st.stm32cube.ide.mcu.externaltools.gnu-tools-for-stm32.10.3-2021.10.win32_1.0.0.202111181127/tools/bin/../lib/gcc/arm-none-eabi/10.3.1/../../../../arm-none-eabi/lib/thumb/v7e-m+fp/hard\libc_nano.a(lib_a-reent.o)
                0x000000000800c774                _reclaim_reent
 .text.__malloc_lock
                0x000000000800c82c        0xc c:/st/stm32cubeide_1.10.1/stm32cubeide/plugins/com.st.stm32cube.ide.mcu.externaltools.gnu-tools-for-stm32.10.3-2021.10.win32_1.0.0.202111181127/tools/bin/../lib/gcc/arm-none-eabi/10.3.1/../../../../arm-none-eabi/lib/thumb/v7e-m+fp/hard\libc_nano.a(lib_a-mlock.o)
                0x000000000800c82c                __malloc_lock
 .text.__malloc_unlock
                0x000000000800c838        0xc c:/st/stm32cubeide_1.10.1/stm32cubeide/plugins/com.st.stm32cube.ide.mcu.externaltools.gnu-tools-for-stm32.10.3-2021.10.win32_1.0.0.202111181127/tools/bin/../lib/gcc/arm-none-eabi/10.3.1/../../../../arm-none-eabi/lib/thumb/v7e-m+fp/hard\libc_nano.a(lib_a-mlock.o)
                0x000000000800c838                __malloc_unlock
 .text._free_r  0x000000000800c844       0x98 c:/st/stm32cubeide_1.10.1/stm32cubeide/plugins/com.st.stm32cube.ide.mcu.externaltools.gnu-tools-for-stm32.10.3-2021.10.win32_1.0.0.202111181127/tools/bin/../lib/gcc/arm-none-eabi/10.3.1/../../../../arm-none-eabi/lib/thumb/v7e-m+fp/hard\libc_nano.a(lib_a-nano-freer.o)
                0x000000000800c844                _free_r
 *(.glue_7)
 .glue_7        0x000000000800c8dc        0x0 linker stubs
 *(.glue_7t)
 .glue_7t       0x000000000800c8dc        0x0 linker stubs
 *(.eh_frame)
 .eh_frame      0x000000000800c8dc        0x0 c:/st/stm32cubeide_1.10.1/stm32cubeide/plugins/com.st.stm32cube.ide.mcu.externaltools.gnu-tools-for-stm32.10.3-2021.10.win32_1.0.0.202111181127/tools/bin/../lib/gcc/arm-none-eabi/10.3.1/thumb/v7e-m+fp/hard/crtbegin.o
 *(.init)
 .init          0x000000000800c8dc        0x4 c:/st/stm32cubeide_1.10.1/stm32cubeide/plugins/com.st.stm32cube.ide.mcu.externaltools.gnu-tools-for-stm32.10.3-2021.10.win32_1.0.0.202111181127/tools/bin/../lib/gcc/arm-none-eabi/10.3.1/thumb/v7e-m+fp/hard/crti.o
                0x000000000800c8dc                _init
 .init          0x000000000800c8e0        0x8 c:/st/stm32cubeide_1.10.1/stm32cubeide/plugins/com.st.stm32cube.ide.mcu.externaltools.gnu-tools-for-stm32.10.3-2021.10.win32_1.0.0.202111181127/tools/bin/../lib/gcc/arm-none-eabi/10.3.1/thumb/v7e-m+fp/hard/crtn.o
 *(.fini)
 .fini          0x000000000800c8e8        0x4 c:/st/stm32cubeide_1.10.1/stm32cubeide/plugins/com.st.stm32cube.ide.mcu.externaltools.gnu-tools-for-stm32.10.3-2021.10.win32_1.0.0.202111181127/tools/bin/../lib/gcc/arm-none-eabi/10.3.1/thumb/v7e-m+fp/hard/crti.o
                0x000000000800c8e8                _fini
 .fini          0x000000000800c8ec        0x8 c:/st/stm32cubeide_1.10.1/stm32cubeide/plugins/com.st.stm32cube.ide.mcu.externaltools.gnu-tools-for-stm32.10.3-2021.10.win32_1.0.0.202111181127/tools/bin/../lib/gcc/arm-none-eabi/10.3.1/thumb/v7e-m+fp/hard/crtn.o
                0x000000000800c8f4                . = ALIGN (0x4)
                0x000000000800c8f4                _etext = .

.vfp11_veneer   0x000000000800c8f4        0x0
 .vfp11_veneer  0x000000000800c8f4        0x0 linker stubs

.v4_bx          0x000000000800c8f4        0x0
 .v4_bx         0x000000000800c8f4        0x0 linker stubs

.iplt           0x000000000800c8f4        0x0
 .iplt          0x000000000800c8f4        0x0 c:/st/stm32cubeide_1.10.1/stm32cubeide/plugins/com.st.stm32cube.ide.mcu.externaltools.gnu-tools-for-stm32.10.3-2021.10.win32_1.0.0.202111181127/tools/bin/../lib/gcc/arm-none-eabi/10.3.1/thumb/v7e-m+fp/hard/crtbegin.o

.rodata         0x000000000800c8f4      0x150
                0x000000000800c8f4                . = ALIGN (0x4)
 *(.rodata)
 .rodata        0x000000000800c8f4       0x54 ./Core/Src/main.o
 .rodata        0x000000000800c948        0x5 ./Middlewares/Third_Party/FreeRTOS/Source/tasks.o
 *fill*         0x000000000800c94d        0x3 
 .rodata        0x000000000800c950        0xd ./Middlewares/Third_Party/FreeRTOS/Source/timers.o
 *fill*         0x000000000800c95d        0x3 
 .rodata        0x000000000800c960       0x46 ./USB_DEVICE/App/usbd_desc.o
 *(.rodata*)
 *fill*         0x000000000800c9a6        0x2 
 .rodata.defaultTask_attributes
                0x000000000800c9a8       0x24 ./Core/Src/main.o
                0x000000000800c9a8                defaultTask_attributes
 .rodata.AHBPrescTable
                0x000000000800c9cc       0x10 ./Core/Src/system_stm32f4xx.o
                0x000000000800c9cc                AHBPrescTable
 .rodata.APBPrescTable
                0x000000000800c9dc        0x8 ./Core/Src/system_stm32f4xx.o
                0x000000000800c9dc                APBPrescTable
 .rodata.__sf_fake_stderr
                0x000000000800c9e4       0x20 c:/st/stm32cubeide_1.10.1/stm32cubeide/plugins/com.st.stm32cube.ide.mcu.externaltools.gnu-tools-for-stm32.10.3-2021.10.win32_1.0.0.202111181127/tools/bin/../lib/gcc/arm-none-eabi/10.3.1/../../../../arm-none-eabi/lib/thumb/v7e-m+fp/hard\libc_nano.a(lib_a-findfp.o)
                0x000000000800c9e4                __sf_fake_stderr
 .rodata.__sf_fake_stdin
                0x000000000800ca04       0x20 c:/st/stm32cubeide_1.10.1/stm32cubeide/plugins/com.st.stm32cube.ide.mcu.externaltools.gnu-tools-for-stm32.10.3-2021.10.win32_1.0.0.202111181127/tools/bin/../lib/gcc/arm-none-eabi/10.3.1/../../../../arm-none-eabi/lib/thumb/v7e-m+fp/hard\libc_nano.a(lib_a-findfp.o)
                0x000000000800ca04                __sf_fake_stdin
 .rodata.__sf_fake_stdout
                0x000000000800ca24       0x20 c:/st/stm32cubeide_1.10.1/stm32cubeide/plugins/com.st.stm32cube.ide.mcu.externaltools.gnu-tools-for-stm32.10.3-2021.10.win32_1.0.0.202111181127/tools/bin/../lib/gcc/arm-none-eabi/10.3.1/../../../../arm-none-eabi/lib/thumb/v7e-m+fp/hard\libc_nano.a(lib_a-findfp.o)
                0x000000000800ca24                __sf_fake_stdout
                0x000000000800ca44                . = ALIGN (0x4)

.ARM.extab      0x000000000800ca44        0x0
                0x000000000800ca44                . = ALIGN (0x4)
 *(.ARM.extab* .gnu.linkonce.armextab.*)
                0x000000000800ca44                . = ALIGN (0x4)

.ARM            0x000000000800ca44        0x8
                0x000000000800ca44                . = ALIGN (0x4)
                0x000000000800ca44                __exidx_start = .
 *(.ARM.exidx*)
 .ARM.exidx     0x000000000800ca44        0x8 c:/st/stm32cubeide_1.10.1/stm32cubeide/plugins/com.st.stm32cube.ide.mcu.externaltools.gnu-tools-for-stm32.10.3-2021.10.win32_1.0.0.202111181127/tools/bin/../lib/gcc/arm-none-eabi/10.3.1/thumb/v7e-m+fp/hard\libgcc.a(_udivmoddi4.o)
                0x000000000800ca4c                __exidx_end = .
                0x000000000800ca4c                . = ALIGN (0x4)

.rel.dyn        0x000000000800ca4c        0x0
 .rel.iplt      0x000000000800ca4c        0x0 c:/st/stm32cubeide_1.10.1/stm32cubeide/plugins/com.st.stm32cube.ide.mcu.externaltools.gnu-tools-for-stm32.10.3-2021.10.win32_1.0.0.202111181127/tools/bin/../lib/gcc/arm-none-eabi/10.3.1/thumb/v7e-m+fp/hard/crtbegin.o

.preinit_array  0x000000000800ca4c        0x0
                0x000000000800ca4c                . = ALIGN (0x4)
                0x000000000800ca4c                PROVIDE (__preinit_array_start = .)
 *(.preinit_array*)
                0x000000000800ca4c                PROVIDE (__preinit_array_end = .)
                0x000000000800ca4c                . = ALIGN (0x4)

.init_array     0x000000000800ca4c        0x4
                0x000000000800ca4c                . = ALIGN (0x4)
                0x000000000800ca4c                PROVIDE (__init_array_start = .)
 *(SORT_BY_NAME(.init_array.*))
 *(.init_array*)
 .init_array    0x000000000800ca4c        0x4 c:/st/stm32cubeide_1.10.1/stm32cubeide/plugins/com.st.stm32cube.ide.mcu.externaltools.gnu-tools-for-stm32.10.3-2021.10.win32_1.0.0.202111181127/tools/bin/../lib/gcc/arm-none-eabi/10.3.1/thumb/v7e-m+fp/hard/crtbegin.o
                0x000000000800ca50                PROVIDE (__init_array_end = .)
                0x000000000800ca50                . = ALIGN (0x4)

.fini_array     0x000000000800ca50        0x4
                0x000000000800ca50                . = ALIGN (0x4)
                [!provide]                        PROVIDE (__fini_array_start = .)
 *(SORT_BY_NAME(.fini_array.*))
 *(.fini_array*)
 .fini_array    0x000000000800ca50        0x4 c:/st/stm32cubeide_1.10.1/stm32cubeide/plugins/com.st.stm32cube.ide.mcu.externaltools.gnu-tools-for-stm32.10.3-2021.10.win32_1.0.0.202111181127/tools/bin/../lib/gcc/arm-none-eabi/10.3.1/thumb/v7e-m+fp/hard/crtbegin.o
                [!provide]                        PROVIDE (__fini_array_end = .)
                0x000000000800ca54                . = ALIGN (0x4)
                0x000000000800ca54                _sidata = LOADADDR (.data)

.data           0x0000000020000000      0x164 load address 0x000000000800ca54
                0x0000000020000000                . = ALIGN (0x4)
                0x0000000020000000                _sdata = .
 *(.data)
 *(.data*)
 .data.SystemCoreClock
                0x0000000020000000        0x4 ./Core/Src/system_stm32f4xx.o
                0x0000000020000000                SystemCoreClock
 .data.uwTickPrio
                0x0000000020000004        0x4 ./Drivers/STM32F4xx_HAL_Driver/Src/stm32f4xx_hal.o
                0x0000000020000004                uwTickPrio
 .data.uwTickFreq
                0x0000000020000008        0x1 ./Drivers/STM32F4xx_HAL_Driver/Src/stm32f4xx_hal.o
                0x0000000020000008                uwTickFreq
 *fill*         0x0000000020000009        0x3 
 .data.USBD_CDC_DeviceQualifierDesc
                0x000000002000000c        0xa ./Middlewares/ST/STM32_USB_Device_Library/Class/CDC/Src/usbd_cdc.o
 *fill*         0x0000000020000016        0x2 
 .data.USBD_CDC
                0x0000000020000018       0x38 ./Middlewares/ST/STM32_USB_Device_Library/Class/CDC/Src/usbd_cdc.o
                0x0000000020000018                USBD_CDC
 .data.USBD_CDC_CfgDesc
                0x0000000020000050       0x43 ./Middlewares/ST/STM32_USB_Device_Library/Class/CDC/Src/usbd_cdc.o
 .data.CDCInEpAdd
                0x0000000020000093        0x1 ./Middlewares/ST/STM32_USB_Device_Library/Class/CDC/Src/usbd_cdc.o
 .data.CDCOutEpAdd
                0x0000000020000094        0x1 ./Middlewares/ST/STM32_USB_Device_Library/Class/CDC/Src/usbd_cdc.o
 .data.CDCCmdEpAdd
                0x0000000020000095        0x1 ./Middlewares/ST/STM32_USB_Device_Library/Class/CDC/Src/usbd_cdc.o
 *fill*         0x0000000020000096        0x2 
 .data.uxCriticalNesting
                0x0000000020000098        0x4 ./Middlewares/Third_Party/FreeRTOS/Source/portable/GCC/ARM_CM4F/port.o
 .data.USBD_Interface_fops_FS
                0x000000002000009c       0x14 ./USB_DEVICE/App/usbd_cdc_if.o
                0x000000002000009c                USBD_Interface_fops_FS
 .data.FS_Desc  0x00000000200000b0       0x1c ./USB_DEVICE/App/usbd_desc.o
                0x00000000200000b0                FS_Desc
 .data.USBD_FS_DeviceDesc
                0x00000000200000cc       0x12 ./USB_DEVICE/App/usbd_desc.o
                0x00000000200000cc                USBD_FS_DeviceDesc
 *fill*         0x00000000200000de        0x2 
 .data.USBD_LangIDDesc
                0x00000000200000e0        0x4 ./USB_DEVICE/App/usbd_desc.o
                0x00000000200000e0                USBD_LangIDDesc
 .data.USBD_StringSerial
                0x00000000200000e4       0x1a ./USB_DEVICE/App/usbd_desc.o
                0x00000000200000e4                USBD_StringSerial
 *fill*         0x00000000200000fe        0x2 
 .data._impure_ptr
                0x0000000020000100        0x4 c:/st/stm32cubeide_1.10.1/stm32cubeide/plugins/com.st.stm32cube.ide.mcu.externaltools.gnu-tools-for-stm32.10.3-2021.10.win32_1.0.0.202111181127/tools/bin/../lib/gcc/arm-none-eabi/10.3.1/../../../../arm-none-eabi/lib/thumb/v7e-m+fp/hard\libc_nano.a(lib_a-impure.o)
                0x0000000020000100                _impure_ptr
 .data.impure_data
                0x0000000020000104       0x60 c:/st/stm32cubeide_1.10.1/stm32cubeide/plugins/com.st.stm32cube.ide.mcu.externaltools.gnu-tools-for-stm32.10.3-2021.10.win32_1.0.0.202111181127/tools/bin/../lib/gcc/arm-none-eabi/10.3.1/../../../../arm-none-eabi/lib/thumb/v7e-m+fp/hard\libc_nano.a(lib_a-impure.o)
 *(.RamFunc)
 *(.RamFunc*)
                0x0000000020000164                . = ALIGN (0x4)
                0x0000000020000164                _edata = .

.igot.plt       0x0000000020000164        0x0 load address 0x000000000800cbb8
 .igot.plt      0x0000000020000164        0x0 c:/st/stm32cubeide_1.10.1/stm32cubeide/plugins/com.st.stm32cube.ide.mcu.externaltools.gnu-tools-for-stm32.10.3-2021.10.win32_1.0.0.202111181127/tools/bin/../lib/gcc/arm-none-eabi/10.3.1/thumb/v7e-m+fp/hard/crtbegin.o
                0x0000000020000164                . = ALIGN (0x4)

.bss            0x0000000020000164     0x6860 load address 0x000000000800cbb8
                0x0000000020000164                _sbss = .
                0x0000000020000164                __bss_start__ = _sbss
 *(.bss)
 .bss           0x0000000020000164       0x1c c:/st/stm32cubeide_1.10.1/stm32cubeide/plugins/com.st.stm32cube.ide.mcu.externaltools.gnu-tools-for-stm32.10.3-2021.10.win32_1.0.0.202111181127/tools/bin/../lib/gcc/arm-none-eabi/10.3.1/thumb/v7e-m+fp/hard/crtbegin.o
 *(.bss*)
 .bss.hi2c1     0x0000000020000180       0x54 ./Core/Src/main.o
                0x0000000020000180                hi2c1
 .bss.hi2s2     0x00000000200001d4       0x48 ./Core/Src/main.o
                0x00000000200001d4                hi2s2
 .bss.hi2s3     0x000000002000021c       0x48 ./Core/Src/main.o
                0x000000002000021c                hi2s3
 .bss.hspi1     0x0000000020000264       0x58 ./Core/Src/main.o
                0x0000000020000264                hspi1
 .bss.defaultTaskHandle
                0x00000000200002bc        0x4 ./Core/Src/main.o
                0x00000000200002bc                defaultTaskHandle
 .bss.Opravilo_LEDHandle
                0x00000000200002c0        0x4 ./Core/Src/main.o
                0x00000000200002c0                Opravilo_LEDHandle
 .bss.Opravilo_pospeskometerHandle
                0x00000000200002c4        0x4 ./Core/Src/main.o
                0x00000000200002c4                Opravilo_pospeskometerHandle
 .bss.cdcTxQueue
                0x00000000200002c8        0x4 ./Core/Src/main.o
                0x00000000200002c8                cdcTxQueue
 .bss.cdcRxQueue
                0x00000000200002cc        0x4 ./Core/Src/main.o
                0x00000000200002cc                cdcRxQueue
 .bss.htim2     0x00000000200002d0       0x48 ./Core/Src/stm32f4xx_hal_timebase_tim.o
                0x00000000200002d0                htim2
 .bss.uwTick    0x0000000020000318        0x4 ./Drivers/STM32F4xx_HAL_Driver/Src/stm32f4xx_hal.o
                0x0000000020000318                uwTick
 .bss.cfgidx.0  0x000000002000031c        0x1 ./Middlewares/ST/STM32_USB_Device_Library/Core/Src/usbd_ctlreq.o
 *fill*         0x000000002000031d        0x3 
 .bss.KernelState
                0x0000000020000320        0x4 ./Middlewares/Third_Party/FreeRTOS/Source/CMSIS_RTOS_V2/cmsis_os2.o
 .bss.Idle_TCB.3
                0x0000000020000324       0xbc ./Middlewares/Third_Party/FreeRTOS/Source/CMSIS_RTOS_V2/cmsis_os2.o
 .bss.Idle_Stack.2
                0x00000000200003e0      0x200 ./Middlewares/Third_Party/FreeRTOS/Source/CMSIS_RTOS_V2/cmsis_os2.o
 .bss.Timer_TCB.1
                0x00000000200005e0       0xbc ./Middlewares/Third_Party/FreeRTOS/Source/CMSIS_RTOS_V2/cmsis_os2.o
 .bss.Timer_Stack.0
                0x000000002000069c      0x400 ./Middlewares/Third_Party/FreeRTOS/Source/CMSIS_RTOS_V2/cmsis_os2.o
 .bss.xQueueRegistry
                0x0000000020000a9c       0x40 ./Middlewares/Third_Party/FreeRTOS/Source/queue.o
                0x0000000020000a9c                xQueueRegistry
 .bss.pxCurrentTCB
                0x0000000020000adc        0x4 ./Middlewares/Third_Party/FreeRTOS/Source/tasks.o
                0x0000000020000adc                pxCurrentTCB
 .bss.pxReadyTasksLists
                0x0000000020000ae0      0x460 ./Middlewares/Third_Party/FreeRTOS/Source/tasks.o
 .bss.xDelayedTaskList1
                0x0000000020000f40       0x14 ./Middlewares/Third_Party/FreeRTOS/Source/tasks.o
 .bss.xDelayedTaskList2
                0x0000000020000f54       0x14 ./Middlewares/Third_Party/FreeRTOS/Source/tasks.o
 .bss.pxDelayedTaskList
                0x0000000020000f68        0x4 ./Middlewares/Third_Party/FreeRTOS/Source/tasks.o
 .bss.pxOverflowDelayedTaskList
                0x0000000020000f6c        0x4 ./Middlewares/Third_Party/FreeRTOS/Source/tasks.o
 .bss.xPendingReadyList
                0x0000000020000f70       0x14 ./Middlewares/Third_Party/FreeRTOS/Source/tasks.o
 .bss.xTasksWaitingTermination
                0x0000000020000f84       0x14 ./Middlewares/Third_Party/FreeRTOS/Source/tasks.o
 .bss.uxDeletedTasksWaitingCleanUp
                0x0000000020000f98        0x4 ./Middlewares/Third_Party/FreeRTOS/Source/tasks.o
 .bss.xSuspendedTaskList
                0x0000000020000f9c       0x14 ./Middlewares/Third_Party/FreeRTOS/Source/tasks.o
 .bss.uxCurrentNumberOfTasks
                0x0000000020000fb0        0x4 ./Middlewares/Third_Party/FreeRTOS/Source/tasks.o
 .bss.xTickCount
                0x0000000020000fb4        0x4 ./Middlewares/Third_Party/FreeRTOS/Source/tasks.o
 .bss.uxTopReadyPriority
                0x0000000020000fb8        0x4 ./Middlewares/Third_Party/FreeRTOS/Source/tasks.o
 .bss.xSchedulerRunning
                0x0000000020000fbc        0x4 ./Middlewares/Third_Party/FreeRTOS/Source/tasks.o
 .bss.xPendedTicks
                0x0000000020000fc0        0x4 ./Middlewares/Third_Party/FreeRTOS/Source/tasks.o
 .bss.xYieldPending
                0x0000000020000fc4        0x4 ./Middlewares/Third_Party/FreeRTOS/Source/tasks.o
 .bss.xNumOfOverflows
                0x0000000020000fc8        0x4 ./Middlewares/Third_Party/FreeRTOS/Source/tasks.o
 .bss.uxTaskNumber
                0x0000000020000fcc        0x4 ./Middlewares/Third_Party/FreeRTOS/Source/tasks.o
 .bss.xNextTaskUnblockTime
                0x0000000020000fd0        0x4 ./Middlewares/Third_Party/FreeRTOS/Source/tasks.o
 .bss.xIdleTaskHandle
                0x0000000020000fd4        0x4 ./Middlewares/Third_Party/FreeRTOS/Source/tasks.o
 .bss.uxSchedulerSuspended
                0x0000000020000fd8        0x4 ./Middlewares/Third_Party/FreeRTOS/Source/tasks.o
 .bss.xActiveTimerList1
                0x0000000020000fdc       0x14 ./Middlewares/Third_Party/FreeRTOS/Source/timers.o
 .bss.xActiveTimerList2
                0x0000000020000ff0       0x14 ./Middlewares/Third_Party/FreeRTOS/Source/timers.o
 .bss.pxCurrentTimerList
                0x0000000020001004        0x4 ./Middlewares/Third_Party/FreeRTOS/Source/timers.o
 .bss.pxOverflowTimerList
                0x0000000020001008        0x4 ./Middlewares/Third_Party/FreeRTOS/Source/timers.o
 .bss.xTimerQueue
                0x000000002000100c        0x4 ./Middlewares/Third_Party/FreeRTOS/Source/timers.o
 .bss.xTimerTaskHandle
                0x0000000020001010        0x4 ./Middlewares/Third_Party/FreeRTOS/Source/timers.o
 .bss.xLastTime.2
                0x0000000020001014        0x4 ./Middlewares/Third_Party/FreeRTOS/Source/timers.o
 .bss.ucStaticTimerQueueStorage.1
                0x0000000020001018       0xa0 ./Middlewares/Third_Party/FreeRTOS/Source/timers.o
 .bss.xStaticTimerQueue.0
                0x00000000200010b8       0x50 ./Middlewares/Third_Party/FreeRTOS/Source/timers.o
 .bss.ucMaxSysCallPriority
                0x0000000020001108        0x1 ./Middlewares/Third_Party/FreeRTOS/Source/portable/GCC/ARM_CM4F/port.o
 *fill*         0x0000000020001109        0x3 
 .bss.ulMaxPRIGROUPValue
                0x000000002000110c        0x4 ./Middlewares/Third_Party/FreeRTOS/Source/portable/GCC/ARM_CM4F/port.o
 .bss.ucHeap    0x0000000020001110     0x3c00 ./Middlewares/Third_Party/FreeRTOS/Source/portable/MemMang/heap_4.o
 .bss.xStart    0x0000000020004d10        0x8 ./Middlewares/Third_Party/FreeRTOS/Source/portable/MemMang/heap_4.o
 .bss.pxEnd     0x0000000020004d18        0x4 ./Middlewares/Third_Party/FreeRTOS/Source/portable/MemMang/heap_4.o
 .bss.xFreeBytesRemaining
                0x0000000020004d1c        0x4 ./Middlewares/Third_Party/FreeRTOS/Source/portable/MemMang/heap_4.o
 .bss.xMinimumEverFreeBytesRemaining
                0x0000000020004d20        0x4 ./Middlewares/Third_Party/FreeRTOS/Source/portable/MemMang/heap_4.o
 .bss.xNumberOfSuccessfulAllocations
                0x0000000020004d24        0x4 ./Middlewares/Third_Party/FreeRTOS/Source/portable/MemMang/heap_4.o
 .bss.xNumberOfSuccessfulFrees
                0x0000000020004d28        0x4 ./Middlewares/Third_Party/FreeRTOS/Source/portable/MemMang/heap_4.o
 .bss.xBlockAllocatedBit
                0x0000000020004d2c        0x4 ./Middlewares/Third_Party/FreeRTOS/Source/portable/MemMang/heap_4.o
 .bss.hUsbDeviceFS
                0x0000000020004d30      0x2dc ./USB_DEVICE/App/usb_device.o
                0x0000000020004d30                hUsbDeviceFS
 .bss.buffer    0x000000002000500c       0x80 ./USB_DEVICE/App/usbd_cdc_if.o
                0x000000002000500c                buffer
 .bss.bufferIndex
                0x000000002000508c        0x4 ./USB_DEVICE/App/usbd_cdc_if.o
                0x000000002000508c                bufferIndex
 .bss.UserRxBufferFS
                0x0000000020005090      0x800 ./USB_DEVICE/App/usbd_cdc_if.o
                0x0000000020005090                UserRxBufferFS
 .bss.UserTxBufferFS
                0x0000000020005890      0x800 ./USB_DEVICE/App/usbd_cdc_if.o
                0x0000000020005890                UserTxBufferFS
 .bss.USBD_StrDesc
                0x0000000020006090      0x200 ./USB_DEVICE/App/usbd_desc.o
                0x0000000020006090                USBD_StrDesc
 .bss.hpcd_USB_OTG_FS