Archive member included to satisfy reference by file (symbol)

C:/ST/STM32CubeIDE_1.16.1/STM32CubeIDE/plugins/com.st.stm32cube.ide.mcu.externaltools.gnu-tools-for-stm32.12.3.rel1.win32_1.0.200.202406191623/tools/bin/../lib/gcc/arm-none-eabi/12.3.1/../../../../arm-none-eabi/lib/thumb/v7e-m+fp/hard\libc_nano.a(libc_a-exit.o)
                              C:/ST/STM32CubeIDE_1.16.1/STM32CubeIDE/plugins/com.st.stm32cube.ide.mcu.externaltools.gnu-tools-for-stm32.12.3.rel1.win32_1.0.200.202406191623/tools/bin/../lib/gcc/arm-none-eabi/12.3.1/../../../../arm-none-eabi/lib/thumb/v7e-m+fp/hard/crt0.o (exit)
C:/ST/STM32CubeIDE_1.16.1/STM32CubeIDE/plugins/com.st.stm32cube.ide.mcu.externaltools.gnu-tools-for-stm32.12.3.rel1.win32_1.0.200.202406191623/tools/bin/../lib/gcc/arm-none-eabi/12.3.1/../../../../arm-none-eabi/lib/thumb/v7e-m+fp/hard\libc_nano.a(libc_a-findfp.o)
                              C:/ST/STM32CubeIDE_1.16.1/STM32CubeIDE/plugins/com.st.stm32cube.ide.mcu.externaltools.gnu-tools-for-stm32.12.3.rel1.win32_1.0.200.202406191623/tools/bin/../lib/gcc/arm-none-eabi/12.3.1/../../../../arm-none-eabi/lib/thumb/v7e-m+fp/hard\libc_nano.a(libc_a-exit.o) (__stdio_exit_handler)
C:/ST/STM32CubeIDE_1.16.1/STM32CubeIDE/plugins/com.st.stm32cube.ide.mcu.externaltools.gnu-tools-for-stm32.12.3.rel1.win32_1.0.200.202406191623/tools/bin/../lib/gcc/arm-none-eabi/12.3.1/../../../../arm-none-eabi/lib/thumb/v7e-m+fp/hard\libc_nano.a(libc_a-fwalk.o)
                              C:/ST/STM32CubeIDE_1.16.1/STM32CubeIDE/plugins/com.st.stm32cube.ide.mcu.externaltools.gnu-tools-for-stm32.12.3.rel1.win32_1.0.200.202406191623/tools/bin/../lib/gcc/arm-none-eabi/12.3.1/../../../../arm-none-eabi/lib/thumb/v7e-m+fp/hard\libc_nano.a(libc_a-findfp.o) (_fwalk_sglue)
C:/ST/STM32CubeIDE_1.16.1/STM32CubeIDE/plugins/com.st.stm32cube.ide.mcu.externaltools.gnu-tools-for-stm32.12.3.rel1.win32_1.0.200.202406191623/tools/bin/../lib/gcc/arm-none-eabi/12.3.1/../../../../arm-none-eabi/lib/thumb/v7e-m+fp/hard\libc_nano.a(libc_a-stdio.o)
                              C:/ST/STM32CubeIDE_1.16.1/STM32CubeIDE/plugins/com.st.stm32cube.ide.mcu.externaltools.gnu-tools-for-stm32.12.3.rel1.win32_1.0.200.202406191623/tools/bin/../lib/gcc/arm-none-eabi/12.3.1/../../../../arm-none-eabi/lib/thumb/v7e-m+fp/hard\libc_nano.a(libc_a-findfp.o) (__sread)
C:/ST/STM32CubeIDE_1.16.1/STM32CubeIDE/plugins/com.st.stm32cube.ide.mcu.externaltools.gnu-tools-for-stm32.12.3.rel1.win32_1.0.200.202406191623/tools/bin/../lib/gcc/arm-none-eabi/12.3.1/../../../../arm-none-eabi/lib/thumb/v7e-m+fp/hard\libc_nano.a(libc_a-memset.o)
                              C:/ST/STM32CubeIDE_1.16.1/STM32CubeIDE/plugins/com.st.stm32cube.ide.mcu.externaltools.gnu-tools-for-stm32.12.3.rel1.win32_1.0.200.202406191623/tools/bin/../lib/gcc/arm-none-eabi/12.3.1/../../../../arm-none-eabi/lib/thumb/v7e-m+fp/hard/crt0.o (memset)
C:/ST/STM32CubeIDE_1.16.1/STM32CubeIDE/plugins/com.st.stm32cube.ide.mcu.externaltools.gnu-tools-for-stm32.12.3.rel1.win32_1.0.200.202406191623/tools/bin/../lib/gcc/arm-none-eabi/12.3.1/../../../../arm-none-eabi/lib/thumb/v7e-m+fp/hard\libc_nano.a(libc_a-closer.o)
                              C:/ST/STM32CubeIDE_1.16.1/STM32CubeIDE/plugins/com.st.stm32cube.ide.mcu.externaltools.gnu-tools-for-stm32.12.3.rel1.win32_1.0.200.202406191623/tools/bin/../lib/gcc/arm-none-eabi/12.3.1/../../../../arm-none-eabi/lib/thumb/v7e-m+fp/hard\libc_nano.a(libc_a-stdio.o) (_close_r)
C:/ST/STM32CubeIDE_1.16.1/STM32CubeIDE/plugins/com.st.stm32cube.ide.mcu.externaltools.gnu-tools-for-stm32.12.3.rel1.win32_1.0.200.202406191623/tools/bin/../lib/gcc/arm-none-eabi/12.3.1/../../../../arm-none-eabi/lib/thumb/v7e-m+fp/hard\libc_nano.a(libc_a-reent.o)
                              C:/ST/STM32CubeIDE_1.16.1/STM32CubeIDE/plugins/com.st.stm32cube.ide.mcu.externaltools.gnu-tools-for-stm32.12.3.rel1.win32_1.0.200.202406191623/tools/bin/../lib/gcc/arm-none-eabi/12.3.1/../../../../arm-none-eabi/lib/thumb/v7e-m+fp/hard\libc_nano.a(libc_a-closer.o) (errno)
C:/ST/STM32CubeIDE_1.16.1/STM32CubeIDE/plugins/com.st.stm32cube.ide.mcu.externaltools.gnu-tools-for-stm32.12.3.rel1.win32_1.0.200.202406191623/tools/bin/../lib/gcc/arm-none-eabi/12.3.1/../../../../arm-none-eabi/lib/thumb/v7e-m+fp/hard\libc_nano.a(libc_a-impure.o)
                              C:/ST/STM32CubeIDE_1.16.1/STM32CubeIDE/plugins/com.st.stm32cube.ide.mcu.externaltools.gnu-tools-for-stm32.12.3.rel1.win32_1.0.200.202406191623/tools/bin/../lib/gcc/arm-none-eabi/12.3.1/../../../../arm-none-eabi/lib/thumb/v7e-m+fp/hard\libc_nano.a(libc_a-reent.o) (_impure_ptr)
C:/ST/STM32CubeIDE_1.16.1/STM32CubeIDE/plugins/com.st.stm32cube.ide.mcu.externaltools.gnu-tools-for-stm32.12.3.rel1.win32_1.0.200.202406191623/tools/bin/../lib/gcc/arm-none-eabi/12.3.1/../../../../arm-none-eabi/lib/thumb/v7e-m+fp/hard\libc_nano.a(libc_a-lseekr.o)
[...]
Memory Configuration

Name             Origin             Length             Attributes
RAM              0x20000000         0x00020000         xrw
FLASH            0x08000000         0x00080000         xr
*default*        0x00000000         0xffffffff

Linker script and memory map

LOAD C:/ST/STM32CubeIDE_1.16.1/STM32CubeIDE/plugins/com.st.stm32cube.ide.mcu.externaltools.gnu-tools-for-stm32.12.3.rel1.win32_1.0.200.202406191623/tools/bin/../lib/gcc/arm-none-eabi/12.3.1/thumb/v7e-m+fp/hard/crti.o
LOAD C:/ST/STM32CubeIDE_1.16.1/STM32CubeIDE/plugins/com.st.stm32cube.ide.mcu.externaltools.gnu-tools-for-stm32.12.3.rel1.win32_1.0.200.202406191623/tools/bin/../lib/gcc/arm-none-eabi/12.3.1/thumb/v7e-m+fp/hard/crtbegin.o
LOAD C:/ST/STM32CubeIDE_1.16.1/STM32CubeIDE/plugins/com.st.stm32cube.ide.mcu.externaltools.gnu-tools-for-stm32.12.3.rel1.win32_1.0.200.202406191623/tools/bin/../lib/gcc/arm-none-eabi/12.3.1/../../../../arm-none-eabi/lib/thumb/v7e-m+fp/hard/crt0.o
LOAD ./Core/Src/main.o
LOAD ./Core/Src/stm32f4xx_hal_msp.o
LOAD ./Core/Src/stm32f4xx_it.o
LOAD ./Core/Src/syscalls.o
LOAD ./Core/Src/sysmem.o
LOAD ./Core/Src/system_stm32f4xx.o
LOAD ./Core/Startup/startup_stm32f411vetx.o
LOAD ./Drivers/STM32F4xx_HAL_Driver/Src/stm32f4xx_hal.o
LOAD ./Drivers/STM32F4xx_HAL_Driver/Src/stm32f4xx_hal_cortex.o
LOAD ./Drivers/STM32F4xx_HAL_Driver/Src/stm32f4xx_hal_dma.o
LOAD ./Drivers/STM32F4xx_HAL_Driver/Src/stm32f4xx_hal_dma_ex.o
LOAD ./Drivers/STM32F4xx_HAL_Driver/Src/stm32f4xx_hal_exti.o
LOAD ./Drivers/STM32F4xx_HAL_Driver/Src/stm32f4xx_hal_flash.o
LOAD ./Drivers/STM32F4xx_HAL_Driver/Src/stm32f4xx_hal_flash_ex.o
LOAD ./Drivers/STM32F4xx_HAL_Driver/Src/stm32f4xx_hal_flash_ramfunc.o
LOAD ./Drivers/STM32F4xx_HAL_Driver/Src/stm32f4xx_hal_gpio.o
LOAD ./Drivers/STM32F4xx_HAL_Driver/Src/stm32f4xx_hal_i2c.o
LOAD ./Drivers/STM32F4xx_HAL_Driver/Src/stm32f4xx_hal_i2c_ex.o
LOAD ./Drivers/STM32F4xx_HAL_Driver/Src/stm32f4xx_hal_pcd.o
LOAD ./Drivers/STM32F4xx_HAL_Driver/Src/stm32f4xx_hal_pcd_ex.o
LOAD ./Drivers/STM32F4xx_HAL_Driver/Src/stm32f4xx_hal_pwr.o
LOAD ./Drivers/STM32F4xx_HAL_Driver/Src/stm32f4xx_hal_pwr_ex.o
LOAD ./Drivers/STM32F4xx_HAL_Driver/Src/stm32f4xx_hal_rcc.o
LOAD ./Drivers/STM32F4xx_HAL_Driver/Src/stm32f4xx_hal_rcc_ex.o
LOAD ./Drivers/STM32F4xx_HAL_Driver/Src/stm32f4xx_hal_tim.o
LOAD ./Drivers/STM32F4xx_HAL_Driver/Src/stm32f4xx_hal_tim_ex.o
LOAD ./Drivers/STM32F4xx_HAL_Driver/Src/stm32f4xx_ll_usb.o
LOAD ./Middlewares/ST/STM32_USB_Device_Library/Class/CDC/Src/usbd_cdc.o
LOAD ./Middlewares/ST/STM32_USB_Device_Library/Core/Src/usbd_core.o
LOAD ./Middlewares/ST/STM32_USB_Device_Library/Core/Src/usbd_ctlreq.o
LOAD ./Middlewares/ST/STM32_USB_Device_Library/Core/Src/usbd_ioreq.o
LOAD ./USB_DEVICE/App/usb_device.o
LOAD ./USB_DEVICE/App/usbd_cdc_if.o
LOAD ./USB_DEVICE/App/usbd_desc.o
LOAD ./USB_DEVICE/Target/usbd_conf.o
START GROUP
LOAD C:/ST/STM32CubeIDE_1.16.1/STM32CubeIDE/plugins/com.st.stm32cube.ide.mcu.externaltools.gnu-tools-for-stm32.12.3.rel1.win32_1.0.200.202406191623/tools/bin/../lib/gcc/arm-none-eabi/12.3.1/../../../../arm-none-eabi/lib/thumb/v7e-m+fp/hard\libc_nano.a
LOAD C:/ST/STM32CubeIDE_1.16.1/STM32CubeIDE/plugins/com.st.stm32cube.ide.mcu.externaltools.gnu-tools-for-stm32.12.3.rel1.win32_1.0.200.202406191623/tools/bin/../lib/gcc/arm-none-eabi/12.3.1/../../../../arm-none-eabi/lib/thumb/v7e-m+fp/hard\libm.a
END GROUP
START GROUP
LOAD C:/ST/STM32CubeIDE_1.16.1/STM32CubeIDE/plugins/com.st.stm32cube.ide.mcu.externaltools.gnu-tools-for-stm32.12.3.rel1.win32_1.0.200.202406191623/tools/bin/../lib/gcc/arm-none-eabi/12.3.1/thumb/v7e-m+fp/hard\libgcc.a
LOAD C:/ST/STM32CubeIDE_1.16.1/STM32CubeIDE/plugins/com.st.stm32cube.ide.mcu.externaltools.gnu-tools-for-stm32.12.3.rel1.win32_1.0.200.202406191623/tools/bin/../lib/gcc/arm-none-eabi/12.3.1/../../../../arm-none-eabi/lib/thumb/v7e-m+fp/hard\libc_nano.a
END GROUP
START GROUP
LOAD C:/ST/STM32CubeIDE_1.16.1/STM32CubeIDE/plugins/com.st.stm32cube.ide.mcu.externaltools.gnu-tools-for-stm32.12.3.rel1.win32_1.0.200.202406191623/tools/bin/../lib/gcc/arm-none-eabi/12.3.1/thumb/v7e-m+fp/hard\libgcc.a
LOAD C:/ST/STM32CubeIDE_1.16.1/STM32CubeIDE/plugins/com.st.stm32cube.ide.mcu.externaltools.gnu-tools-for-stm32.12.3.rel1.win32_1.0.200.202406191623/tools/bin/../lib/gcc/arm-none-eabi/12.3.1/../../../../arm-none-eabi/lib/thumb/v7e-m+fp/hard\libc_nano.a
LOAD C:/ST/STM32CubeIDE_1.16.1/STM32CubeIDE/plugins/com.st.stm32cube.ide.mcu.externaltools.gnu-tools-for-stm32.12.3.rel1.win32_1.0.200.202406191623/tools/bin/../lib/gcc/arm-none-eabi/12.3.1/../../../../arm-none-eabi/lib/thumb/v7e-m+fp/hard\libnosys.a
END GROUP
START GROUP
LOAD C:/ST/STM32CubeIDE_1.16.1/STM32CubeIDE/plugins/com.st.stm32cube.ide.mcu.externaltools.gnu-tools-for-stm32.12.3.rel1.win32_1.0.200.202406191623/tools/bin/../lib/gcc/arm-none-eabi/12.3.1/thumb/v7e-m+fp/hard\libgcc.a
LOAD C:/ST/STM32CubeIDE_1.16.1/STM32CubeIDE/plugins/com.st.stm32cube.ide.mcu.externaltools.gnu-tools-for-stm32.12.3.rel1.win32_1.0.200.202406191623/tools/bin/../lib/gcc/arm-none-eabi/12.3.1/../../../../arm-none-eabi/lib/thumb/v7e-m+fp/hard\libc_nano.a
LOAD C:/ST/STM32CubeIDE_1.16.1/STM32CubeIDE/plugins/com.st.stm32cube.ide.mcu.externaltools.gnu-tools-for-stm32.12.3.rel1.win32_1.0.200.202406191623/tools/bin/../lib/gcc/arm-none-eabi/12.3.1/../../../../arm-none-eabi/lib/thumb/v7e-m+fp/hard\libnosys.a
END GROUP
LOAD C:/ST/STM32CubeIDE_1.16.1/STM32CubeIDE/plugins/com.st.stm32cube.ide.mcu.externaltools.gnu-tools-for-stm32.12.3.rel1.win32_1.0.200.202406191623/tools/bin/../lib/gcc/arm-none-eabi/12.3.1/thumb/v7e-m+fp/hard/crtend.o
LOAD C:/ST/STM32CubeIDE_1.16.1/STM32CubeIDE/plugins/com.st.stm32cube.ide.mcu.externaltools.gnu-tools-for-stm32.12.3.rel1.win32_1.0.200.202406191623/tools/bin/../lib/gcc/arm-none-eabi/12.3.1/thumb/v7e-m+fp/hard/crtn.o
                0x20020000                        _estack = (ORIGIN (RAM) + LENGTH (RAM))
                0x00000200                        _Min_Heap_Size = 0x200
                0x00000400                        _Min_Stack_Size = 0x400

.isr_vector     0x08000000      0x198
                0x08000000                        . = ALIGN (0x4)
 *(.isr_vector)
 .isr_vector    0x08000000      0x198 ./Core/Startup/startup_stm32f411vetx.o
                0x08000000                g_pfnVectors
                0x08000198                        . = ALIGN (0x4)

.text           0x08000198     0x7d30
                0x08000198                        . = ALIGN (0x4)
 *(.text)
 .text          0x08000198       0x40 C:/ST/STM32CubeIDE_1.16.1/STM32CubeIDE/plugins/com.st.stm32cube.ide.mcu.externaltools.gnu-tools-for-stm32.12.3.rel1.win32_1.0.200.202406191623/tools/bin/../lib/gcc/arm-none-eabi/12.3.1/thumb/v7e-m+fp/hard/crtbegin.o
 .text          0x080001d8       0x30 C:/ST/STM32CubeIDE_1.16.1/STM32CubeIDE/plugins/com.st.stm32cube.ide.mcu.externaltools.gnu-tools-for-stm32.12.3.rel1.win32_1.0.200.202406191623/tools/bin/../lib/gcc/arm-none-eabi/12.3.1/thumb/v7e-m+fp/hard\libgcc.a(_aeabi_uldivmod.o)
                0x080001d8                __aeabi_uldivmod
 .text          0x08000208      0x2bc C:/ST/STM32CubeIDE_1.16.1/STM32CubeIDE/plugins/com.st.stm32cube.ide.mcu.externaltools.gnu-tools-for-stm32.12.3.rel1.win32_1.0.200.202406191623/tools/bin/../lib/gcc/arm-none-eabi/12.3.1/thumb/v7e-m+fp/hard\libgcc.a(_udivmoddi4.o)
                0x08000208                __udivmoddi4
 .text          0x080004c4        0x4 C:/ST/STM32CubeIDE_1.16.1/STM32CubeIDE/plugins/com.st.stm32cube.ide.mcu.externaltools.gnu-tools-for-stm32.12.3.rel1.win32_1.0.200.202406191623/tools/bin/../lib/gcc/arm-none-eabi/12.3.1/thumb/v7e-m+fp/hard\libgcc.a(_dvmd_tls.o)
                0x080004c4                __aeabi_idiv0
                0x080004c4                __aeabi_ldiv0
 *(.text*)
 .text.i2c1_pisiRegister
                0x080004c8       0x44 ./Core/Src/main.o
                0x080004c8                i2c1_pisiRegister
 .text.i2c1_beriRegistre
                0x0800050c       0x5c ./Core/Src/main.o
                0x0800050c                i2c1_beriRegistre
 .text.initOrientation
                0x08000568       0x1c ./Core/Src/main.o
                0x08000568                initOrientation
 .text.main     0x08000584       0x68 ./Core/Src/main.o
                0x08000584                main
 .text.SystemClock_Config
                0x080005ec       0xd0 ./Core/Src/main.o
                0x080005ec                SystemClock_Config
 .text.MX_I2C1_Init
                0x080006bc       0x60 ./Core/Src/main.o
 .text.MX_GPIO_Init
                0x0800071c       0xdc ./Core/Src/main.o
 .text.Error_Handler
                0x080007f8        0xc ./Core/Src/main.o
                0x080007f8                Error_Handler
 .text.HAL_MspInit
                0x08000804       0x50 ./Core/Src/stm32f4xx_hal_msp.o
                0x08000804                HAL_MspInit
 .text.HAL_I2C_MspInit
                0x08000854       0x90 ./Core/Src/stm32f4xx_hal_msp.o
                0x08000854                HAL_I2C_MspInit
 .text.NMI_Handler
                0x080008e4        0x8 ./Core/Src/stm32f4xx_it.o
                0x080008e4                NMI_Handler
 .text.HardFault_Handler
                0x080008ec        0x8 ./Core/Src/stm32f4xx_it.o
                0x080008ec                HardFault_Handler
 .text.MemManage_Handler
                0x080008f4        0x8 ./Core/Src/stm32f4xx_it.o
                0x080008f4                MemManage_Handler
 .text.BusFault_Handler
                0x080008fc        0x8 ./Core/Src/stm32f4xx_it.o
                0x080008fc                BusFault_Handler
 .text.UsageFault_Handler
                0x08000904        0x8 ./Core/Src/stm32f4xx_it.o
                0x08000904                UsageFault_Handler
 .text.SVC_Handler
                0x0800090c        0xe ./Core/Src/stm32f4xx_it.o
                0x0800090c                SVC_Handler
 .text.DebugMon_Handler
                0x0800091a        0xe ./Core/Src/stm32f4xx_it.o
                0x0800091a                DebugMon_Handler
 .text.PendSV_Handler
                0x08000928        0xe ./Core/Src/stm32f4xx_it.o
                0x08000928                PendSV_Handler
 .text.SysTick_Handler
                0x08000936        0xc ./Core/Src/stm32f4xx_it.o
                0x08000936                SysTick_Handler
 *fill*         0x08000942        0x2 
 .text.OTG_FS_IRQHandler
                0x08000944       0x14 ./Core/Src/stm32f4xx_it.o
                0x08000944                OTG_FS_IRQHandler
 .text.SystemInit
                0x08000958       0x24 ./Core/Src/system_stm32f4xx.o
                0x08000958                SystemInit
 .text.Reset_Handler
                0x0800097c       0x50 ./Core/Startup/startup_stm32f411vetx.o
                0x0800097c                Reset_Handler
 .text.Default_Handler
                0x080009cc        0x2 ./Core/Startup/startup_stm32f411vetx.o
                0x080009cc                RTC_Alarm_IRQHandler
                0x080009cc                EXTI2_IRQHandler
                0x080009cc                SPI4_IRQHandler
                0x080009cc                TIM1_CC_IRQHandler
                0x080009cc                DMA2_Stream5_IRQHandler
                0x080009cc                DMA1_Stream5_IRQHandler
                0x080009cc                PVD_IRQHandler
                0x080009cc                SDIO_IRQHandler
                0x080009cc                TAMP_STAMP_IRQHandler
                0x080009cc                EXTI3_IRQHandler
                0x080009cc                TIM1_UP_TIM10_IRQHandler
                0x080009cc                I2C3_ER_IRQHandler
                0x080009cc                EXTI0_IRQHandler
                0x080009cc                I2C2_EV_IRQHandler
                0x080009cc                DMA1_Stream2_IRQHandler
                0x080009cc                FPU_IRQHandler
                0x080009cc                DMA2_Stream2_IRQHandler
                0x080009cc                SPI1_IRQHandler
                0x080009cc                TIM1_BRK_TIM9_IRQHandler
                0x080009cc                DMA2_Stream3_IRQHandler
                0x080009cc                USART6_IRQHandler
                0x080009cc                DMA2_Stream0_IRQHandler
                0x080009cc                TIM4_IRQHandler
                0x080009cc                I2C1_EV_IRQHandler
                0x080009cc                DMA1_Stream6_IRQHandler
                0x080009cc                DMA1_Stream1_IRQHandler
                0x080009cc                TIM3_IRQHandler
                0x080009cc                RCC_IRQHandler
                0x080009cc                Default_Handler
                0x080009cc                EXTI15_10_IRQHandler
                0x080009cc                ADC_IRQHandler
                0x080009cc                DMA1_Stream7_IRQHandler
                0x080009cc                SPI5_IRQHandler
                0x080009cc                TIM5_IRQHandler
                0x080009cc                DMA2_Stream7_IRQHandler
                0x080009cc                I2C3_EV_IRQHandler
                0x080009cc                EXTI9_5_IRQHandler
                0x080009cc                RTC_WKUP_IRQHandler
                0x080009cc                SPI2_IRQHandler
                0x080009cc                DMA1_Stream0_IRQHandler
                0x080009cc                EXTI4_IRQHandler
                0x080009cc                WWDG_IRQHandler
                0x080009cc                TIM2_IRQHandler
                0x080009cc                OTG_FS_WKUP_IRQHandler
                0x080009cc                TIM1_TRG_COM_TIM11_IRQHandler
                0x080009cc                EXTI1_IRQHandler
                0x080009cc                USART2_IRQHandler
                0x080009cc                I2C2_ER_IRQHandler
                0x080009cc                DMA2_Stream1_IRQHandler
                0x080009cc                FLASH_IRQHandler
                0x080009cc                DMA2_Stream4_IRQHandler
                0x080009cc                USART1_IRQHandler
                0x080009cc                SPI3_IRQHandler
                0x080009cc                DMA1_Stream4_IRQHandler
                0x080009cc                I2C1_ER_IRQHandler
                0x080009cc                DMA2_Stream6_IRQHandler
                0x080009cc                DMA1_Stream3_IRQHandler
 *fill*         0x080009ce        0x2 
 .text.HAL_Init
                0x080009d0       0x44 ./Drivers/STM32F4xx_HAL_Driver/Src/stm32f4xx_hal.o
                0x080009d0                HAL_Init
 .text.HAL_InitTick
                0x08000a14       0x60 ./Drivers/STM32F4xx_HAL_Driver/Src/stm32f4xx_hal.o
                0x08000a14                HAL_InitTick
 .text.HAL_IncTick
                0x08000a74       0x28 ./Drivers/STM32F4xx_HAL_Driver/Src/stm32f4xx_hal.o
                0x08000a74                HAL_IncTick
 .text.HAL_GetTick
                0x08000a9c       0x18 ./Drivers/STM32F4xx_HAL_Driver/Src/stm32f4xx_hal.o
                0x08000a9c                HAL_GetTick
 .text.HAL_Delay
                0x08000ab4       0x48 ./Drivers/STM32F4xx_HAL_Driver/Src/stm32f4xx_hal.o
                0x08000ab4                HAL_Delay
 .text.__NVIC_SetPriorityGrouping
                0x08000afc       0x48 ./Drivers/STM32F4xx_HAL_Driver/Src/stm32f4xx_hal_cortex.o
 .text.__NVIC_GetPriorityGrouping
                0x08000b44       0x1c ./Drivers/STM32F4xx_HAL_Driver/Src/stm32f4xx_hal_cortex.o
 .text.__NVIC_EnableIRQ
                0x08000b60       0x3c ./Drivers/STM32F4xx_HAL_Driver/Src/stm32f4xx_hal_cortex.o
 .text.__NVIC_SetPriority
                0x08000b9c       0x54 ./Drivers/STM32F4xx_HAL_Driver/Src/stm32f4xx_hal_cortex.o
 .text.NVIC_EncodePriority
                0x08000bf0       0x66 ./Drivers/STM32F4xx_HAL_Driver/Src/stm32f4xx_hal_cortex.o
 *fill*         0x08000c56        0x2 
 .text.SysTick_Config
                0x08000c58       0x44 ./Drivers/STM32F4xx_HAL_Driver/Src/stm32f4xx_hal_cortex.o
 .text.HAL_NVIC_SetPriorityGrouping
                0x08000c9c       0x16 ./Drivers/STM32F4xx_HAL_Driver/Src/stm32f4xx_hal_cortex.o
                0x08000c9c                HAL_NVIC_SetPriorityGrouping
 .text.HAL_NVIC_SetPriority
                0x08000cb2       0x38 ./Drivers/STM32F4xx_HAL_Driver/Src/stm32f4xx_hal_cortex.o
                0x08000cb2                HAL_NVIC_SetPriority
 .text.HAL_NVIC_EnableIRQ
                0x08000cea       0x1c ./Drivers/STM32F4xx_HAL_Driver/Src/stm32f4xx_hal_cortex.o
                0x08000cea                HAL_NVIC_EnableIRQ
 .text.HAL_SYSTICK_Config
                0x08000d06       0x18 ./Drivers/STM32F4xx_HAL_Driver/Src/stm32f4xx_hal_cortex.o
                0x08000d06                HAL_SYSTICK_Config
 *fill*         0x08000d1e        0x2 
 .text.HAL_GPIO_Init
                0x08000d20      0x308 ./Drivers/STM32F4xx_HAL_Driver/Src/stm32f4xx_hal_gpio.o
                0x08000d20                HAL_GPIO_Init
 .text.HAL_GPIO_WritePin
                0x08001028       0x32 ./Drivers/STM32F4xx_HAL_Driver/Src/stm32f4xx_hal_gpio.o
                0x08001028                HAL_GPIO_WritePin
 .text.HAL_GPIO_TogglePin
                0x0800105a       0x34 ./Drivers/STM32F4xx_HAL_Driver/Src/stm32f4xx_hal_gpio.o
                0x0800105a                HAL_GPIO_TogglePin
 *fill*         0x0800108e        0x2 
 .text.HAL_I2C_Init
                0x08001090      0x288 ./Drivers/STM32F4xx_HAL_Driver/Src/stm32f4xx_hal_i2c.o
                0x08001090                HAL_I2C_Init
 .text.HAL_I2C_Mem_Write
                0x08001318      0x1f4 ./Drivers/STM32F4xx_HAL_Driver/Src/stm32f4xx_hal_i2c.o
                0x08001318                HAL_I2C_Mem_Write
 .text.HAL_I2C_Mem_Read
                0x0800150c      0x464 ./Drivers/STM32F4xx_HAL_Driver/Src/stm32f4xx_hal_i2c.o
                0x0800150c                HAL_I2C_Mem_Read
 .text.I2C_RequestMemoryWrite
                0x08001970      0x12c ./Drivers/STM32F4xx_HAL_Driver/Src/stm32f4xx_hal_i2c.o
 .text.I2C_RequestMemoryRead
                0x08001a9c      0x1d0 ./Drivers/STM32F4xx_HAL_Driver/Src/stm32f4xx_hal_i2c.o
 .text.I2C_WaitOnFlagUntilTimeout
                0x08001c6c       0xf4 ./Drivers/STM32F4xx_HAL_Driver/Src/stm32f4xx_hal_i2c.o
 .text.I2C_WaitOnMasterAddressFlagUntilTimeout
                0x08001d60      0x140 ./Drivers/STM32F4xx_HAL_Driver/Src/stm32f4xx_hal_i2c.o
 .text.I2C_WaitOnTXEFlagUntilTimeout
                0x08001ea0       0x90 ./Drivers/STM32F4xx_HAL_Driver/Src/stm32f4xx_hal_i2c.o
 .text.I2C_WaitOnBTFFlagUntilTimeout
                0x08001f30       0x90 ./Drivers/STM32F4xx_HAL_Driver/Src/stm32f4xx_hal_i2c.o
 .text.I2C_WaitOnRXNEFlagUntilTimeout
                0x08001fc0       0xba ./Drivers/STM32F4xx_HAL_Driver/Src/stm32f4xx_hal_i2c.o
 .text.I2C_IsAcknowledgeFailed
                0x0800207a       0x5e ./Drivers/STM32F4xx_HAL_Driver/Src/stm32f4xx_hal_i2c.o
 .text.HAL_PCD_Init
                0x080020d8      0x21e ./Drivers/STM32F4xx_HAL_Driver/Src/stm32f4xx_hal_pcd.o
                0x080020d8                HAL_PCD_Init
 .text.HAL_PCD_Start
                0x080022f6       0x6a ./Drivers/STM32F4xx_HAL_Driver/Src/stm32f4xx_hal_pcd.o
                0x080022f6                HAL_PCD_Start
 .text.HAL_PCD_IRQHandler
                0x08002360      0x942 ./Drivers/STM32F4xx_HAL_Driver/Src/stm32f4xx_hal_pcd.o
                0x08002360                HAL_PCD_IRQHandler
 .text.HAL_PCD_SetAddress
                0x08002ca2       0x48 ./Drivers/STM32F4xx_HAL_Driver/Src/stm32f4xx_hal_pcd.o
                0x08002ca2                HAL_PCD_SetAddress
 .text.HAL_PCD_EP_Open
                0x08002cea       0xd4 ./Drivers/STM32F4xx_HAL_Driver/Src/stm32f4xx_hal_pcd.o
                0x08002cea                HAL_PCD_EP_Open
 .text.HAL_PCD_EP_Close
                0x08002dbe       0x94 ./Drivers/STM32F4xx_HAL_Driver/Src/stm32f4xx_hal_pcd.o
                0x08002dbe                HAL_PCD_EP_Close
 .text.HAL_PCD_EP_Receive
                0x08002e52       0x76 ./Drivers/STM32F4xx_HAL_Driver/Src/stm32f4xx_hal_pcd.o
                0x08002e52                HAL_PCD_EP_Receive
 .text.HAL_PCD_EP_GetRxCount
                0x08002ec8       0x30 ./Drivers/STM32F4xx_HAL_Driver/Src/stm32f4xx_hal_pcd.o
                0x08002ec8                HAL_PCD_EP_GetRxCount
 .text.HAL_PCD_EP_Transmit
                0x08002ef8       0x74 ./Drivers/STM32F4xx_HAL_Driver/Src/stm32f4xx_hal_pcd.o
                0x08002ef8                HAL_PCD_EP_Transmit
 .text.HAL_PCD_EP_SetStall
                0x08002f6c       0xc6 ./Drivers/STM32F4xx_HAL_Driver/Src/stm32f4xx_hal_pcd.o
                0x08002f6c                HAL_PCD_EP_SetStall
 .text.HAL_PCD_EP_ClrStall
                0x08003032       0xac ./Drivers/STM32F4xx_HAL_Driver/Src/stm32f4xx_hal_pcd.o
                0x08003032                HAL_PCD_EP_ClrStall
 .text.HAL_PCD_EP_Abort
                0x080030de       0x62 ./Drivers/STM32F4xx_HAL_Driver/Src/stm32f4xx_hal_pcd.o
                0x080030de                HAL_PCD_EP_Abort
 .text.PCD_WriteEmptyTxFifo
                0x08003140      0x118 ./Drivers/STM32F4xx_HAL_Driver/Src/stm32f4xx_hal_pcd.o
 .text.PCD_EP_OutXfrComplete_int
                0x08003258      0x1d0 ./Drivers/STM32F4xx_HAL_Driver/Src/stm32f4xx_hal_pcd.o
 .text.PCD_EP_OutSetupPacket_int
                0x08003428       0x8c ./Drivers/STM32F4xx_HAL_Driver/Src/stm32f4xx_hal_pcd.o
 .text.HAL_PCDEx_SetTxFiFo
                0x080034b4       0x8e ./Drivers/STM32F4xx_HAL_Driver/Src/stm32f4xx_hal_pcd_ex.o
                0x080034b4                HAL_PCDEx_SetTxFiFo
 .text.HAL_PCDEx_SetRxFiFo
                0x08003542       0x22 ./Drivers/STM32F4xx_HAL_Driver/Src/stm32f4xx_hal_pcd_ex.o
                0x08003542                HAL_PCDEx_SetRxFiFo
 .text.HAL_PCDEx_LPM_Callback
                0x08003564       0x18 ./Drivers/STM32F4xx_HAL_Driver/Src/stm32f4xx_hal_pcd_ex.o
                0x08003564                HAL_PCDEx_LPM_Callback
 .text.HAL_RCC_OscConfig
                0x0800357c      0x4f0 ./Drivers/STM32F4xx_HAL_Driver/Src/stm32f4xx_hal_rcc.o
                0x0800357c                HAL_RCC_OscConfig
 .text.HAL_RCC_ClockConfig
                0x08003a6c      0x1cc ./Drivers/STM32F4xx_HAL_Driver/Src/stm32f4xx_hal_rcc.o
                0x08003a6c                HAL_RCC_ClockConfig
 .text.HAL_RCC_GetSysClockFreq
                0x08003c38      0x18c ./Drivers/STM32F4xx_HAL_Driver/Src/stm32f4xx_hal_rcc.o
                0x08003c38                HAL_RCC_GetSysClockFreq
 .text.HAL_RCC_GetHCLKFreq
                0x08003dc4       0x18 ./Drivers/STM32F4xx_HAL_Driver/Src/stm32f4xx_hal_rcc.o
                0x08003dc4                HAL_RCC_GetHCLKFreq
 .text.HAL_RCC_GetPCLK1Freq
                0x08003ddc       0x28 ./Drivers/STM32F4xx_HAL_Driver/Src/stm32f4xx_hal_rcc.o
                0x08003ddc                HAL_RCC_GetPCLK1Freq
 .text.USB_CoreInit
                0x08003e04       0xc8 ./Drivers/STM32F4xx_HAL_Driver/Src/stm32f4xx_ll_usb.o
                0x08003e04                USB_CoreInit
 .text.USB_SetTurnaroundTime
                0x08003ecc      0x144 ./Drivers/STM32F4xx_HAL_Driver/Src/stm32f4xx_ll_usb.o
                0x08003ecc                USB_SetTurnaroundTime
 .text.USB_EnableGlobalInt
                0x08004010       0x22 ./Drivers/STM32F4xx_HAL_Driver/Src/stm32f4xx_ll_usb.o
                0x08004010                USB_EnableGlobalInt
 .text.USB_DisableGlobalInt
                0x08004032       0x22 ./Drivers/STM32F4xx_HAL_Driver/Src/stm32f4xx_ll_usb.o
                0x08004032                USB_DisableGlobalInt
 .text.USB_SetCurrentMode
                0x08004054       0x98 ./Drivers/STM32F4xx_HAL_Driver/Src/stm32f4xx_ll_usb.o
                0x08004054                USB_SetCurrentMode
 .text.USB_DevInit
                0x080040ec      0x2c8 ./Drivers/STM32F4xx_HAL_Driver/Src/stm32f4xx_ll_usb.o
                0x080040ec                USB_DevInit
 .text.USB_FlushTxFifo
                0x080043b4       0x64 ./Drivers/STM32F4xx_HAL_Driver/Src/stm32f4xx_ll_usb.o
                0x080043b4                USB_FlushTxFifo
 .text.USB_FlushRxFifo
                0x08004418       0x5c ./Drivers/STM32F4xx_HAL_Driver/Src/stm32f4xx_ll_usb.o
                0x08004418                USB_FlushRxFifo
 .text.USB_SetDevSpeed
                0x08004474       0x32 ./Drivers/STM32F4xx_HAL_Driver/Src/stm32f4xx_ll_usb.o
                0x08004474                USB_SetDevSpeed
 .text.USB_GetDevSpeed
                0x080044a6       0x4a ./Drivers/STM32F4xx_HAL_Driver/Src/stm32f4xx_ll_usb.o
                0x080044a6                USB_GetDevSpeed
 .text.USB_ActivateEndpoint
                0x080044f0      0x10e ./Drivers/STM32F4xx_HAL_Driver/Src/stm32f4xx_ll_usb.o
                0x080044f0                USB_ActivateEndpoint
 *fill*         0x080045fe        0x2 
 .text.USB_DeactivateEndpoint
                0x08004600      0x1b8 ./Drivers/STM32F4xx_HAL_Driver/Src/stm32f4xx_ll_usb.o
                0x08004600                USB_DeactivateEndpoint
 .text.USB_EPStartXfer
                0x080047b8      0x53c ./Drivers/STM32F4xx_HAL_Driver/Src/stm32f4xx_ll_usb.o
                0x080047b8                USB_EPStartXfer
 .text.USB_EPStopXfer
                0x08004cf4      0x154 ./Drivers/STM32F4xx_HAL_Driver/Src/stm32f4xx_ll_usb.o
                0x08004cf4                USB_EPStopXfer
 .text.USB_WritePacket
                0x08004e48       0x7c ./Drivers/STM32F4xx_HAL_Driver/Src/stm32f4xx_ll_usb.o
                0x08004e48                USB_WritePacket
 .text.USB_ReadPacket
                0x08004ec4       0xb0 ./Drivers/STM32F4xx_HAL_Driver/Src/stm32f4xx_ll_usb.o
                0x08004ec4                USB_ReadPacket
 .text.USB_EPSetStall
                0x08004f74       0xdc ./Drivers/STM32F4xx_HAL_Driver/Src/stm32f4xx_ll_usb.o
                0x08004f74                USB_EPSetStall
 .text.USB_EPClearStall
                0x08005050       0xcc ./Drivers/STM32F4xx_HAL_Driver/Src/stm32f4xx_ll_usb.o
                0x08005050                USB_EPClearStall
 .text.USB_SetDevAddress
                0x0800511c       0x4c ./Drivers/STM32F4xx_HAL_Driver/Src/stm32f4xx_ll_usb.o
                0x0800511c                USB_SetDevAddress
 .text.USB_DevConnect
                0x08005168       0x42 ./Drivers/STM32F4xx_HAL_Driver/Src/stm32f4xx_ll_usb.o
                0x08005168                USB_DevConnect
 .text.USB_DevDisconnect
                0x080051aa       0x42 ./Drivers/STM32F4xx_HAL_Driver/Src/stm32f4xx_ll_usb.o
                0x080051aa                USB_DevDisconnect
 .text.USB_ReadInterrupts
                0x080051ec       0x26 ./Drivers/STM32F4xx_HAL_Driver/Src/stm32f4xx_ll_usb.o
                0x080051ec                USB_ReadInterrupts
 .text.USB_ReadDevAllOutEpInterrupt
                0x08005212       0x34 ./Drivers/STM32F4xx_HAL_Driver/Src/stm32f4xx_ll_usb.o
                0x08005212                USB_ReadDevAllOutEpInterrupt
 .text.USB_ReadDevAllInEpInterrupt
                0x08005246       0x34 ./Drivers/STM32F4xx_HAL_Driver/Src/stm32f4xx_ll_usb.o
                0x08005246                USB_ReadDevAllInEpInterrupt
 .text.USB_ReadDevOutEPInterrupt
                0x0800527a       0x3c ./Drivers/STM32F4xx_HAL_Driver/Src/stm32f4xx_ll_usb.o
                0x0800527a                USB_ReadDevOutEPInterrupt
 .text.USB_ReadDevInEPInterrupt
                0x080052b6       0x5c ./Drivers/STM32F4xx_HAL_Driver/Src/stm32f4xx_ll_usb.o
                0x080052b6                USB_ReadDevInEPInterrupt
 .text.USB_GetMode
                0x08005312       0x1c ./Drivers/STM32F4xx_HAL_Driver/Src/stm32f4xx_ll_usb.o
                0x08005312                USB_GetMode
 .text.USB_ActivateSetup
                0x0800532e       0x46 ./Drivers/STM32F4xx_HAL_Driver/Src/stm32f4xx_ll_usb.o
                0x0800532e                USB_ActivateSetup
 .text.USB_EP0_OutStart
                0x08005374       0xbc ./Drivers/STM32F4xx_HAL_Driver/Src/stm32f4xx_ll_usb.o
                0x08005374                USB_EP0_OutStart
 .text.USB_CoreReset
                0x08005430       0x62 ./Drivers/STM32F4xx_HAL_Driver/Src/stm32f4xx_ll_usb.o
 *fill*         0x08005492        0x2 
 .text.USBD_CDC_Init
                0x08005494      0x1f0 ./Middlewares/ST/STM32_USB_Device_Library/Class/CDC/Src/usbd_cdc.o
 .text.USBD_CDC_DeInit
                0x08005684      0x104 ./Middlewares/ST/STM32_USB_Device_Library/Class/CDC/Src/usbd_cdc.o
 .text.USBD_CDC_Setup
                0x08005788      0x1b8 ./Middlewares/ST/STM32_USB_Device_Library/Class/CDC/Src/usbd_cdc.o
 .text.USBD_CDC_DataIn
                0x08005940       0xfe ./Middlewares/ST/STM32_USB_Device_Library/Class/CDC/Src/usbd_cdc.o
 .text.USBD_CDC_DataOut
                0x08005a3e       0x70 ./Middlewares/ST/STM32_USB_Device_Library/Class/CDC/Src/usbd_cdc.o
 .text.USBD_CDC_EP0_RxReady
                0x08005aae       0x74 ./Middlewares/ST/STM32_USB_Device_Library/Class/CDC/Src/usbd_cdc.o
 *fill*         0x08005b22        0x2 
 .text.USBD_CDC_GetFSCfgDesc
                0x08005b24       0x70 ./Middlewares/ST/STM32_USB_Device_Library/Class/CDC/Src/usbd_cdc.o
 .text.USBD_CDC_GetHSCfgDesc
                0x08005b94       0x70 ./Middlewares/ST/STM32_USB_Device_Library/Class/CDC/Src/usbd_cdc.o
 .text.USBD_CDC_GetOtherSpeedCfgDesc
                0x08005c04       0x70 ./Middlewares/ST/STM32_USB_Device_Library/Class/CDC/Src/usbd_cdc.o
 .text.USBD_CDC_GetDeviceQualifierDescriptor
                0x08005c74       0x20 ./Middlewares/ST/STM32_USB_Device_Library/Class/CDC/Src/usbd_cdc.o
                0x08005c74                USBD_CDC_GetDeviceQualifierDescriptor
 .text.USBD_CDC_RegisterInterface
                0x08005c94       0x34 ./Middlewares/ST/STM32_USB_Device_Library/Class/CDC/Src/usbd_cdc.o
                0x08005c94                USBD_CDC_RegisterInterface
 .text.USBD_CDC_SetTxBuffer
                0x08005cc8       0x44 ./Middlewares/ST/STM32_USB_Device_Library/Class/CDC/Src/usbd_cdc.o
                0x08005cc8                USBD_CDC_SetTxBuffer
 .text.USBD_CDC_SetRxBuffer
                0x08005d0c       0x3a ./Middlewares/ST/STM32_USB_Device_Library/Class/CDC/Src/usbd_cdc.o
                0x08005d0c                USBD_CDC_SetRxBuffer
 *fill*         0x08005d46        0x2 
 .text.USBD_CDC_TransmitPacket
                0x08005d48       0x80 ./Middlewares/ST/STM32_USB_Device_Library/Class/CDC/Src/usbd_cdc.o
                0x08005d48                USBD_CDC_TransmitPacket
 .text.USBD_CDC_ReceivePacket
                0x08005dc8       0x6c ./Middlewares/ST/STM32_USB_Device_Library/Class/CDC/Src/usbd_cdc.o
                0x08005dc8                USBD_CDC_ReceivePacket
 .text.USBD_Init
                0x08005e34       0x60 ./Middlewares/ST/STM32_USB_Device_Library/Core/Src/usbd_core.o
                0x08005e34                USBD_Init
 .text.USBD_RegisterClass
                0x08005e94       0x6c ./Middlewares/ST/STM32_USB_Device_Library/Core/Src/usbd_core.o
                0x08005e94                USBD_RegisterClass
 .text.USBD_Start
                0x08005f00       0x18 ./Middlewares/ST/STM32_USB_Device_Library/Core/Src/usbd_core.o
                0x08005f00                USBD_Start
 .text.USBD_RunTestMode
                0x08005f18       0x16 ./Middlewares/ST/STM32_USB_Device_Library/Core/Src/usbd_core.o
                0x08005f18                USBD_RunTestMode
 .text.USBD_SetClassConfig
                0x08005f2e       0x38 ./Middlewares/ST/STM32_USB_Device_Library/Core/Src/usbd_core.o
                0x08005f2e                USBD_SetClassConfig
 .text.USBD_ClrClassConfig
                0x08005f66       0x34 ./Middlewares/ST/STM32_USB_Device_Library/Core/Src/usbd_core.o
                0x08005f66                USBD_ClrClassConfig
 .text.USBD_LL_SetupStage
                0x08005f9a       0xaa ./Middlewares/ST/STM32_USB_Device_Library/Core/Src/usbd_core.o
                0x08005f9a                USBD_LL_SetupStage
 .text.USBD_LL_DataOutStage
                0x08006044      0x166 ./Middlewares/ST/STM32_USB_Device_Library/Core/Src/usbd_core.o
                0x08006044                USBD_LL_DataOutStage
 .text.USBD_LL_DataInStage
                0x080061aa      0x164 ./Middlewares/ST/STM32_USB_Device_Library/Core/Src/usbd_core.o
                0x080061aa                USBD_LL_DataInStage
 .text.USBD_LL_Reset
                0x0800630e       0xa4 ./Middlewares/ST/STM32_USB_Device_Library/Core/Src/usbd_core.o
                0x0800630e                USBD_LL_Reset
 .text.USBD_LL_SetSpeed
                0x080063b2       0x20 ./Middlewares/ST/STM32_USB_Device_Library/Core/Src/usbd_core.o
                0x080063b2                USBD_LL_SetSpeed
 .text.USBD_LL_Suspend
                0x080063d2       0x38 ./Middlewares/ST/STM32_USB_Device_Library/Core/Src/usbd_core.o
                0x080063d2                USBD_LL_Suspend
 .text.USBD_LL_Resume
                0x0800640a       0x30 ./Middlewares/ST/STM32_USB_Device_Library/Core/Src/usbd_core.o
                0x0800640a                USBD_LL_Resume
 .text.USBD_LL_SOF
                0x0800643a       0x40 ./Middlewares/ST/STM32_USB_Device_Library/Core/Src/usbd_core.o
                0x0800643a                USBD_LL_SOF
 .text.USBD_LL_IsoINIncomplete
                0x0800647a       0x64 ./Middlewares/ST/STM32_USB_Device_Library/Core/Src/usbd_core.o
                0x0800647a                USBD_LL_IsoINIncomplete
 .text.USBD_LL_IsoOUTIncomplete
                0x080064de       0x64 ./Middlewares/ST/STM32_USB_Device_Library/Core/Src/usbd_core.o
                0x080064de                USBD_LL_IsoOUTIncomplete
 .text.USBD_LL_DevConnected
                0x08006542       0x16 ./Middlewares/ST/STM32_USB_Device_Library/Core/Src/usbd_core.o
                0x08006542                USBD_LL_DevConnected
 .text.USBD_LL_DevDisconnected
                0x08006558       0x46 ./Middlewares/ST/STM32_USB_Device_Library/Core/Src/usbd_core.o
                0x08006558                USBD_LL_DevDisconnected
 .text.USBD_CoreFindIF
                0x0800659e       0x1a ./Middlewares/ST/STM32_USB_Device_Library/Core/Src/usbd_core.o
                0x0800659e                USBD_CoreFindIF
 .text.USBD_CoreFindEP
                0x080065b8       0x1a ./Middlewares/ST/STM32_USB_Device_Library/Core/Src/usbd_core.o
                0x080065b8                USBD_CoreFindEP
 .text.USBD_GetEpDesc
                0x080065d2       0x70 ./Middlewares/ST/STM32_USB_Device_Library/Core/Src/usbd_core.o
                0x080065d2                USBD_GetEpDesc
 .text.USBD_GetNextDesc
                0x08006642       0x38 ./Middlewares/ST/STM32_USB_Device_Library/Core/Src/usbd_core.o
                0x08006642                USBD_GetNextDesc
 .text.SWAPBYTE
                0x0800667a       0x3c ./Middlewares/ST/STM32_USB_Device_Library/Core/Src/usbd_ctlreq.o
 *fill*         0x080066b6        0x2 
 .text.USBD_StdDevReq
                0x080066b8       0xe4 ./Middlewares/ST/STM32_USB_Device_Library/Core/Src/usbd_ctlreq.o
                0x080066b8                USBD_StdDevReq
 .text.USBD_StdItfReq
                0x0800679c       0xd8 ./Middlewares/ST/STM32_USB_Device_Library/Core/Src/usbd_ctlreq.o
                0x0800679c                USBD_StdItfReq
 .text.USBD_StdEPReq
                0x08006874      0x33a ./Middlewares/ST/STM32_USB_Device_Library/Core/Src/usbd_ctlreq.o
                0x08006874                USBD_StdEPReq
 *fill*         0x08006bae        0x2 
 .text.USBD_GetDescriptor
                0x08006bb0      0x2d4 ./Middlewares/ST/STM32_USB_Device_Library/Core/Src/usbd_ctlreq.o
 .text.USBD_SetAddress
                0x08006e84       0x88 ./Middlewares/ST/STM32_USB_Device_Library/Core/Src/usbd_ctlreq.o
 .text.USBD_SetConfig
                0x08006f0c      0x154 ./Middlewares/ST/STM32_USB_Device_Library/Core/Src/usbd_ctlreq.o
 .text.USBD_GetConfig
                0x08007060       0x6c ./Middlewares/ST/STM32_USB_Device_Library/Core/Src/usbd_ctlreq.o
 .text.USBD_GetStatus
                0x080070cc       0x68 ./Middlewares/ST/STM32_USB_Device_Library/Core/Src/usbd_ctlreq.o
 .text.USBD_SetFeature
                0x08007134       0x52 ./Middlewares/ST/STM32_USB_Device_Library/Core/Src/usbd_ctlreq.o
 .text.USBD_ClrFeature
                0x08007186       0x44 ./Middlewares/ST/STM32_USB_Device_Library/Core/Src/usbd_ctlreq.o
 .text.USBD_ParseSetupRequest
                0x080071ca       0x74 ./Middlewares/ST/STM32_USB_Device_Library/Core/Src/usbd_ctlreq.o
                0x080071ca                USBD_ParseSetupRequest
 .text.USBD_CtlError
                0x0800723e       0x22 ./Middlewares/ST/STM32_USB_Device_Library/Core/Src/usbd_ctlreq.o
                0x0800723e                USBD_CtlError
 .text.USBD_GetString
                0x08007260       0xa4 ./Middlewares/ST/STM32_USB_Device_Library/Core/Src/usbd_ctlreq.o
                0x08007260                USBD_GetString
 .text.USBD_GetLen
                0x08007304       0x34 ./Middlewares/ST/STM32_USB_Device_Library/Core/Src/usbd_ctlreq.o
 .text.USBD_CtlSendData
                0x08007338       0x36 ./Middlewares/ST/STM32_USB_Device_Library/Core/Src/usbd_ioreq.o
                0x08007338                USBD_CtlSendData
 .text.USBD_CtlContinueSendData
                0x0800736e       0x22 ./Middlewares/ST/STM32_USB_Device_Library/Core/Src/usbd_ioreq.o
                0x0800736e                USBD_CtlContinueSendData
 .text.USBD_CtlPrepareRx
                0x08007390       0x3a ./Middlewares/ST/STM32_USB_Device_Library/Core/Src/usbd_ioreq.o
                0x08007390                USBD_CtlPrepareRx
 .text.USBD_CtlContinueRx
                0x080073ca       0x22 ./Middlewares/ST/STM32_USB_Device_Library/Core/Src/usbd_ioreq.o
                0x080073ca                USBD_CtlContinueRx
 .text.USBD_CtlSendStatus
                0x080073ec       0x26 ./Middlewares/ST/STM32_USB_Device_Library/Core/Src/usbd_ioreq.o
                0x080073ec                USBD_CtlSendStatus
 .text.USBD_CtlReceiveStatus
                0x08007412       0x26 ./Middlewares/ST/STM32_USB_Device_Library/Core/Src/usbd_ioreq.o
                0x08007412                USBD_CtlReceiveStatus
 .text.MX_USB_DEVICE_Init
                0x08007438       0x60 ./USB_DEVICE/App/usb_device.o
                0x08007438                MX_USB_DEVICE_Init
 .text.CDC_Init_FS
                0x08007498       0x28 ./USB_DEVICE/App/usbd_cdc_if.o
 .text.CDC_DeInit_FS
                0x080074c0       0x10 ./USB_DEVICE/App/usbd_cdc_if.o
 .text.CDC_Control_FS
                0x080074d0       0xbc ./USB_DEVICE/App/usbd_cdc_if.o
 .text.CDC_Receive_FS
                0x0800758c       0x28 ./USB_DEVICE/App/usbd_cdc_if.o
 .text.CDC_Transmit_FS
                0x080075b4       0x4c ./USB_DEVICE/App/usbd_cdc_if.o
                0x080075b4                CDC_Transmit_FS
 .text.CDC_TransmitCplt_FS
                0x08007600       0x22 ./USB_DEVICE/App/usbd_cdc_if.o
 *fill*         0x08007622        0x2 
 .text.USBD_FS_DeviceDescriptor
                0x08007624       0x24 ./USB_DEVICE/App/usbd_desc.o
                0x08007624                USBD_FS_DeviceDescriptor
 .text.USBD_FS_LangIDStrDescriptor
                0x08007648       0x24 ./USB_DEVICE/App/usbd_desc.o
                0x08007648                USBD_FS_LangIDStrDescriptor
 .text.USBD_FS_ProductStrDescriptor
                0x0800766c       0x3c ./USB_DEVICE/App/usbd_desc.o
                0x0800766c                USBD_FS_ProductStrDescriptor
 .text.USBD_FS_ManufacturerStrDescriptor
                0x080076a8       0x28 ./USB_DEVICE/App/usbd_desc.o
                0x080076a8                USBD_FS_ManufacturerStrDescriptor
 .text.USBD_FS_SerialStrDescriptor
                0x080076d0       0x24 ./USB_DEVICE/App/usbd_desc.o
                0x080076d0                USBD_FS_SerialStrDescriptor
 .text.USBD_FS_ConfigStrDescriptor
                0x080076f4       0x3c ./USB_DEVICE/App/usbd_desc.o
                0x080076f4                USBD_FS_ConfigStrDescriptor
 .text.USBD_FS_InterfaceStrDescriptor
                0x08007730       0x3c ./USB_DEVICE/App/usbd_desc.o
                0x08007730                USBD_FS_InterfaceStrDescriptor
 .text.Get_SerialNum
                0x0800776c       0x58 ./USB_DEVICE/App/usbd_desc.o
 .text.IntToUnicode
                0x080077c4       0x7e ./USB_DEVICE/App/usbd_desc.o
 *fill*         0x08007842        0x2 
 .text.HAL_PCD_MspInit
                0x08007844       0xa8 ./USB_DEVICE/Target/usbd_conf.o
                0x08007844                HAL_PCD_MspInit
 .text.HAL_PCD_SetupStageCallback
                0x080078ec       0x24 ./USB_DEVICE/Target/usbd_conf.o
                0x080078ec                HAL_PCD_SetupStageCallback
 .text.HAL_PCD_DataOutStageCallback
                0x08007910       0x36 ./USB_DEVICE/Target/usbd_conf.o
                0x08007910                HAL_PCD_DataOutStageCallback
 .text.HAL_PCD_DataInStageCallback
                0x08007946       0x34 ./USB_DEVICE/Target/usbd_conf.o
                0x08007946                HAL_PCD_DataInStageCallback
 .text.HAL_PCD_SOFCallback
                0x0800797a       0x1c ./USB_DEVICE/Target/usbd_conf.o
                0x0800797a                HAL_PCD_SOFCallback
 .text.HAL_PCD_ResetCallback
                0x08007996       0x3c ./USB_DEVICE/Target/usbd_conf.o
                0x08007996                HAL_PCD_ResetCallback
 *fill*         0x080079d2        0x2 
 .text.HAL_PCD_SuspendCallback
                0x080079d4       0x4c ./USB_DEVICE/Target/usbd_conf.o
                0x080079d4                HAL_PCD_SuspendCallback
 .text.HAL_PCD_ResumeCallback
                0x08007a20       0x1c ./USB_DEVICE/Target/usbd_conf.o
                0x08007a20                HAL_PCD_ResumeCallback
 .text.HAL_PCD_ISOOUTIncompleteCallback
                0x08007a3c       0x24 ./USB_DEVICE/Target/usbd_conf.o
                0x08007a3c                HAL_PCD_ISOOUTIncompleteCallback
 .text.HAL_PCD_ISOINIncompleteCallback
                0x08007a60       0x24 ./USB_DEVICE/Target/usbd_conf.o
                0x08007a60                HAL_PCD_ISOINIncompleteCallback
 .text.HAL_PCD_ConnectCallback
                0x08007a84       0x1c ./USB_DEVICE/Target/usbd_conf.o
                0x08007a84                HAL_PCD_ConnectCallback
 .text.HAL_PCD_DisconnectCallback
                0x08007aa0       0x1c ./USB_DEVICE/Target/usbd_conf.o
                0x08007aa0                HAL_PCD_DisconnectCallback
 .text.USBD_LL_Init
                0x08007abc       0x98 ./USB_DEVICE/Target/usbd_conf.o
                0x08007abc                USBD_LL_Init
 .text.USBD_LL_Start
                0x08007b54       0x36 ./USB_DEVICE/Target/usbd_conf.o
                0x08007b54                USBD_LL_Start
 .text.USBD_LL_OpenEP
                0x08007b8a       0x4c ./USB_DEVICE/Target/usbd_conf.o
                0x08007b8a                USBD_LL_OpenEP
 .text.USBD_LL_CloseEP
                0x08007bd6       0x3e ./USB_DEVICE/Target/usbd_conf.o
                0x08007bd6                USBD_LL_CloseEP
 .text.USBD_LL_StallEP
                0x08007c14       0x3e ./USB_DEVICE/Target/usbd_conf.o
                0x08007c14                USBD_LL_StallEP
 .text.USBD_LL_ClearStallEP
                0x08007c52       0x3e ./USB_DEVICE/Target/usbd_conf.o
                0x08007c52                USBD_LL_ClearStallEP
 .text.USBD_LL_IsStallEP
                0x08007c90       0x58 ./USB_DEVICE/Target/usbd_conf.o
                0x08007c90                USBD_LL_IsStallEP
 .text.USBD_LL_SetUSBAddress
                0x08007ce8       0x3e ./USB_DEVICE/Target/usbd_conf.o
                0x08007ce8                USBD_LL_SetUSBAddress
 .text.USBD_LL_Transmit
                0x08007d26       0x42 ./USB_DEVICE/Target/usbd_conf.o
                0x08007d26                USBD_LL_Transmit
 .text.USBD_LL_PrepareReceive
                0x08007d68       0x42 ./USB_DEVICE/Target/usbd_conf.o
                0x08007d68                USBD_LL_PrepareReceive
 .text.USBD_LL_GetRxDataSize
                0x08007daa       0x26 ./USB_DEVICE/Target/usbd_conf.o
                0x08007daa                USBD_LL_GetRxDataSize
 .text.USBD_static_malloc
                0x08007dd0       0x1c ./USB_DEVICE/Target/usbd_conf.o
                0x08007dd0                USBD_static_malloc
 .text.USBD_static_free
                0x08007dec       0x14 ./USB_DEVICE/Target/usbd_conf.o
                0x08007dec                USBD_static_free
 .text.USBD_Get_USB_Status
                0x08007e00       0x58 ./USB_DEVICE/Target/usbd_conf.o
                0x08007e00                USBD_Get_USB_Status
 .text.memset   0x08007e58       0x10 C:/ST/STM32CubeIDE_1.16.1/STM32CubeIDE/plugins/com.st.stm32cube.ide.mcu.externaltools.gnu-tools-for-stm32.12.3.rel1.win32_1.0.200.202406191623/tools/bin/../lib/gcc/arm-none-eabi/12.3.1/../../../../arm-none-eabi/lib/thumb/v7e-m+fp/hard\libc_nano.a(libc_a-memset.o)
                0x08007e58                memset
 .text.__libc_init_array
                0x08007e68       0x48 C:/ST/STM32CubeIDE_1.16.1/STM32CubeIDE/plugins/com.st.stm32cube.ide.mcu.externaltools.gnu-tools-for-stm32.12.3.rel1.win32_1.0.200.202406191623/tools/bin/../lib/gcc/arm-none-eabi/12.3.1/../../../../arm-none-eabi/lib/thumb/v7e-m+fp/hard\libc_nano.a(libc_a-init.o)
                0x08007e68                __libc_init_array
 *(.glue_7)
 .glue_7        0x08007eb0        0x0 linker stubs
 *(.glue_7t)
 .glue_7t       0x08007eb0        0x0 linker stubs
 *(.eh_frame)
 .eh_frame      0x08007eb0        0x0 C:/ST/STM32CubeIDE_1.16.1/STM32CubeIDE/plugins/com.st.stm32cube.ide.mcu.externaltools.gnu-tools-for-stm32.12.3.rel1.win32_1.0.200.202406191623/tools/bin/../lib/gcc/arm-none-eabi/12.3.1/thumb/v7e-m+fp/hard/crtbegin.o
 *(.init)
 .init          0x08007eb0        0x4 C:/ST/STM32CubeIDE_1.16.1/STM32CubeIDE/plugins/com.st.stm32cube.ide.mcu.externaltools.gnu-tools-for-stm32.12.3.rel1.win32_1.0.200.202406191623/tools/bin/../lib/gcc/arm-none-eabi/12.3.1/thumb/v7e-m+fp/hard/crti.o
                0x08007eb0                _init
 .init          0x08007eb4        0x8 C:/ST/STM32CubeIDE_1.16.1/STM32CubeIDE/plugins/com.st.stm32cube.ide.mcu.externaltools.gnu-tools-for-stm32.12.3.rel1.win32_1.0.200.202406191623/tools/bin/../lib/gcc/arm-none-eabi/12.3.1/thumb/v7e-m+fp/hard/crtn.o
 *(.fini)
 .fini          0x08007ebc        0x4 C:/ST/STM32CubeIDE_1.16.1/STM32CubeIDE/plugins/com.st.stm32cube.ide.mcu.externaltools.gnu-tools-for-stm32.12.3.rel1.win32_1.0.200.202406191623/tools/bin/../lib/gcc/arm-none-eabi/12.3.1/thumb/v7e-m+fp/hard/crti.o
                0x08007ebc                _fini
 .fini          0x08007ec0        0x8 C:/ST/STM32CubeIDE_1.16.1/STM32CubeIDE/plugins/com.st.stm32cube.ide.mcu.externaltools.gnu-tools-for-stm32.12.3.rel1.win32_1.0.200.202406191623/tools/bin/../lib/gcc/arm-none-eabi/12.3.1/thumb/v7e-m+fp/hard/crtn.o
                0x08007ec8                        . = ALIGN (0x4)
                0x08007ec8                        _etext = .

.vfp11_veneer   0x08007ec8        0x0
 .vfp11_veneer  0x08007ec8        0x0 linker stubs

.v4_bx          0x08007ec8        0x0
 .v4_bx         0x08007ec8        0x0 linker stubs

.iplt           0x08007ec8        0x0
 .iplt          0x08007ec8        0x0 C:/ST/STM32CubeIDE_1.16.1/STM32CubeIDE/plugins/com.st.stm32cube.ide.mcu.externaltools.gnu-tools-for-stm32.12.3.rel1.win32_1.0.200.202406191623/tools/bin/../lib/gcc/arm-none-eabi/12.3.1/thumb/v7e-m+fp/hard/crtbegin.o

.rodata         0x08007ec8       0x5c
                0x08007ec8                        . = ALIGN (0x4)
 *(.rodata)
 .rodata        0x08007ec8       0x42 ./USB_DEVICE/App/usbd_desc.o
 *(.rodata*)
 *fill*         0x08007f0a        0x2 
 .rodata.AHBPrescTable
                0x08007f0c       0x10 ./Core/Src/system_stm32f4xx.o
                0x08007f0c                AHBPrescTable
 .rodata.APBPrescTable
                0x08007f1c        0x8 ./Core/Src/system_stm32f4xx.o
                0x08007f1c                APBPrescTable
                0x08007f24                        . = ALIGN (0x4)

.ARM.extab      0x08007f24        0x0
                0x08007f24                        . = ALIGN (0x4)
 *(.ARM.extab* .gnu.linkonce.armextab.*)
                0x08007f24                        . = ALIGN (0x4)

.ARM            0x08007f24        0x8
                0x08007f24                        . = ALIGN (0x4)
                0x08007f24                        __exidx_start = .
 *(.ARM.exidx*)
 .ARM.exidx     0x08007f24        0x8 C:/ST/STM32CubeIDE_1.16.1/STM32CubeIDE/plugins/com.st.stm32cube.ide.mcu.externaltools.gnu-tools-for-stm32.12.3.rel1.win32_1.0.200.202406191623/tools/bin/../lib/gcc/arm-none-eabi/12.3.1/thumb/v7e-m+fp/hard\libgcc.a(_udivmoddi4.o)
                0x08007f2c                        __exidx_end = .
                0x08007f2c                        . = ALIGN (0x4)

.preinit_array  0x08007f2c        0x0
                0x08007f2c                        . = ALIGN (0x4)
                0x08007f2c                        PROVIDE (__preinit_array_start = .)
 *(.preinit_array*)
                0x08007f2c                        PROVIDE (__preinit_array_end = .)
                0x08007f2c                        . = ALIGN (0x4)

.init_array     0x08007f2c        0x4
                0x08007f2c                        . = ALIGN (0x4)
                0x08007f2c                        PROVIDE (__init_array_start = .)
 *(SORT_BY_NAME(.init_array.*))
 *(.init_array*)
 .init_array    0x08007f2c        0x4 C:/ST/STM32CubeIDE_1.16.1/STM32CubeIDE/plugins/com.st.stm32cube.ide.mcu.externaltools.gnu-tools-for-stm32.12.3.rel1.win32_1.0.200.202406191623/tools/bin/../lib/gcc/arm-none-eabi/12.3.1/thumb/v7e-m+fp/hard/crtbegin.o
                0x08007f30                        PROVIDE (__init_array_end = .)
                0x08007f30                        . = ALIGN (0x4)

.fini_array     0x08007f30        0x4
                0x08007f30                        . = ALIGN (0x4)
                [!provide]                        PROVIDE (__fini_array_start = .)
 *(SORT_BY_NAME(.fini_array.*))
 *(.fini_array*)
 .fini_array    0x08007f30        0x4 C:/ST/STM32CubeIDE_1.16.1/STM32CubeIDE/plugins/com.st.stm32cube.ide.mcu.externaltools.gnu-tools-for-stm32.12.3.rel1.win32_1.0.200.202406191623/tools/bin/../lib/gcc/arm-none-eabi/12.3.1/thumb/v7e-m+fp/hard/crtbegin.o
                [!provide]                        PROVIDE (__fini_array_end = .)
                0x08007f34                        . = ALIGN (0x4)
                0x08007f34                        _sidata = LOADADDR (.data)

.rel.dyn        0x08007f34        0x0
 .rel.iplt      0x08007f34        0x0 C:/ST/STM32CubeIDE_1.16.1/STM32CubeIDE/plugins/com.st.stm32cube.ide.mcu.externaltools.gnu-tools-for-stm32.12.3.rel1.win32_1.0.200.202406191623/tools/bin/../lib/gcc/arm-none-eabi/12.3.1/thumb/v7e-m+fp/hard/crtbegin.o

.data           0x20000000       0xfc load address 0x08007f34
                0x20000000                        . = ALIGN (0x4)
                0x20000000                        _sdata = .
 *(.data)
 *(.data*)
 .data.SystemCoreClock
                0x20000000        0x4 ./Core/Src/system_stm32f4xx.o
                0x20000000                SystemCoreClock
 .data.uwTickPrio
                0x20000004        0x4 ./Drivers/STM32F4xx_HAL_Driver/Src/stm32f4xx_hal.o
                0x20000004                uwTickPrio
 .data.uwTickFreq
                0x20000008        0x1 ./Drivers/STM32F4xx_HAL_Driver/Src/stm32f4xx_hal.o
                0x20000008                uwTickFreq
 *fill*         0x20000009        0x3 
 .data.USBD_CDC_DeviceQualifierDesc
                0x2000000c        0xa ./Middlewares/ST/STM32_USB_Device_Library/Class/CDC/Src/usbd_cdc.o
 *fill*         0x20000016        0x2 
 .data.USBD_CDC
                0x20000018       0x38 ./Middlewares/ST/STM32_USB_Device_Library/Class/CDC/Src/usbd_cdc.o
                0x20000018                USBD_CDC
 .data.USBD_CDC_CfgDesc
                0x20000050       0x43 ./Middlewares/ST/STM32_USB_Device_Library/Class/CDC/Src/usbd_cdc.o
 .data.CDCInEpAdd
                0x20000093        0x1 ./Middlewares/ST/STM32_USB_Device_Library/Class/CDC/Src/usbd_cdc.o
 .data.CDCOutEpAdd
                0x20000094        0x1 ./Middlewares/ST/STM32_USB_Device_Library/Class/CDC/Src/usbd_cdc.o
 .data.CDCCmdEpAdd
                0x20000095        0x1 ./Middlewares/ST/STM32_USB_Device_Library/Class/CDC/Src/usbd_cdc.o
 *fill*         0x20000096        0x2 
 .data.USBD_Interface_fops_FS
                0x20000098       0x14 ./USB_DEVICE/App/usbd_cdc_if.o
                0x20000098                USBD_Interface_fops_FS
 .data.FS_Desc  0x200000ac       0x1c ./USB_DEVICE/App/usbd_desc.o
                0x200000ac                FS_Desc
 .data.USBD_FS_DeviceDesc
                0x200000c8       0x12 ./USB_DEVICE/App/usbd_desc.o
                0x200000c8                USBD_FS_DeviceDesc
 *fill*         0x200000da        0x2 
 .data.USBD_LangIDDesc
                0x200000dc        0x4 ./USB_DEVICE/App/usbd_desc.o
                0x200000dc                USBD_LangIDDesc
 .data.USBD_StringSerial
                0x200000e0       0x1a ./USB_DEVICE/App/usbd_desc.o
                0x200000e0                USBD_StringSerial
 *(.RamFunc)
 *(.RamFunc*)
                0x200000fc                        . = ALIGN (0x4)
 *fill*         0x200000fa        0x2 
                0x200000fc                        _edata = .

.igot.plt       0x200000fc        0x0 load address 0x08008030
 .igot.plt      0x200000fc        0x0 C:/ST/STM32CubeIDE_1.16.1/STM32CubeIDE/plugins/com.st.stm32cube.ide.mcu.externaltools.gnu-tools-for-stm32.12.3.rel1.win32_1.0.200.202406191623/tools/bin/../lib/gcc/arm-none-eabi/12.3.1/thumb/v7e-m+fp/hard/crtbegin.o
                0x200000fc                        . = ALIGN (0x4)

.bss            0x200000fc     0x1c58 load address 0x08008030
                0x200000fc                        _sbss = .
                0x200000fc                        __bss_start__ = _sbss
 *(.bss)
 .bss           0x200000fc       0x1c C:/ST/STM32CubeIDE_1.16.1/STM32CubeIDE/plugins/com.st.stm32cube.ide.mcu.externaltools.gnu-tools-for-stm32.12.3.rel1.win32_1.0.200.202406191623/tools/bin/../lib/gcc/arm-none-eabi/12.3.1/thumb/v7e-m+fp/hard/crtbegin.o
 *(.bss*)
 .bss.hi2c1     0x20000118       0x54 ./Core/Src/main.o
                0x20000118                hi2c1
 .bss.uwTick    0x2000016c        0x4 ./Drivers/STM32F4xx_HAL_Driver/Src/stm32f4xx_hal.o
                0x2000016c                uwTick
 .bss.cfgidx.0  0x20000170        0x1 ./Middlewares/ST/STM32_USB_Device_Library/Core/Src/usbd_ctlreq.o
 *fill*         0x20000171        0x3 
 .bss.hUsbDeviceFS
                0x20000174      0x2dc ./USB_DEVICE/App/usb_device.o
                0x20000174                hUsbDeviceFS
 .bss.UserRxBufferFS
                0x20000450      0x800 ./USB_DEVICE/App/usbd_cdc_if.o
                0x20000450                UserRxBufferFS
 .bss.UserTxBufferFS
                0x20000c50      0x800 ./USB_DEVICE/App/usbd_cdc_if.o
                0x20000c50                UserTxBufferFS
 .bss.USBD_StrDesc
                0x20001450      0x200 ./USB_DEVICE/App/usbd_desc.o
                0x20001450                USBD_StrDesc
 .bss.hpcd_USB_OTG_FS
                0x20001650      0x4e4 ./USB_DEVICE/Target/usbd_conf.o
                0x20001650                hpcd_USB_OTG_FS
 .bss.mem.0     0x20001b34      0x220 ./USB_DEVICE/Target/usbd_conf.o
 *(COMMON)
                0x20001d54                        . = ALIGN (0x4)
                0x20001d54                        _ebss = .
                0x20001d54                        __bss_end__ = _ebss

._user_heap_stack
                0x20001d54      0x604 load address 0x08008030
                0x20001d58                        . = ALIGN (0x8)
 *fill*         0x20001d54        0x4 
                [!provide]                        PROVIDE (end = .)
                0x20001d58                        PROVIDE (_end = .)
                0x20001f58                        . = (. + _Min_Heap_Size)
 *fill*         0x20001d58      0x200 
                0x20002358                        . = (. + _Min_Stack_Size)
 *fill*         0x20001f58      0x400 
                0x20002358                        . = ALIGN (0x8)

/DISCARD/
 libc.a(*)
 libm.a(*)
 libgcc.a(*)

.ARM.attributes
                0x00000000       0x30
 *(.ARM.attributes)
 .ARM.attributes
                0x00000000       0x22 C:/ST/STM32CubeIDE_1.16.1/STM32CubeIDE/plugins/com.st.stm32cube.ide.mcu.externaltools.gnu-tools-for-stm32.12.3.rel1.win32_1.0.200.202406191623/tools/bin/../lib/gcc/arm-none-eabi/12.3.1/thumb/v7e-m+fp/hard/crti.o
 .ARM.attributes
                0x00000022       0x34 C:/ST/STM32CubeIDE_1.16.1/STM32CubeIDE/plugins/com.st.stm32cube.ide.mcu.externaltools.gnu-tools-for-stm32.12.3.rel1.win32_1.0.200.202406191623/tools/bin/../lib/gcc/arm-none-eabi/12.3.1/thumb/v7e-m+fp/hard/crtbegin.o
 .ARM.attributes
                0x00000056       0x34 ./Core/Src/main.o
 .ARM.attributes
                0x0000008a       0x34 ./Core/Src/stm32f4xx_hal_msp.o
 .ARM.attributes
                0x000000be       0x34 ./Core/Src/stm32f4xx_it.o
 .ARM.attributes
                0x000000f2       0x34 ./Core/Src/system_stm32f4xx.o
 .ARM.attributes
                0x00000126       0x21 ./Core/Startup/startup_stm32f411vetx.o
 .ARM.attributes
                0x00000147       0x34 ./Drivers/STM32F4xx_HAL_Driver/Src/stm32f4xx_hal.o
 .ARM.attributes
                0x0000017b       0x34 ./Drivers/STM32F4xx_HAL_Driver/Src/stm32f4xx_hal_cortex.o
 .ARM.attributes
                0x000001af       0x34 ./Drivers/STM32F4xx_HAL_Driver/Src/stm32f4xx_hal_gpio.o
 .ARM.attributes
                0x000001e3       0x34 ./Drivers/STM32F4xx_HAL_Driver/Src/stm32f4xx_hal_i2c.o
 .ARM.attributes
                0x00000217       0x34 ./Drivers/STM32F4xx_HAL_Driver/Src/stm32f4xx_hal_pcd.o
 .ARM.attributes
                0x0000024b       0x34 ./Drivers/STM32F4xx_HAL_Driver/Src/stm32f4xx_hal_pcd_ex.o
 .ARM.attributes
                0x0000027f       0x34 ./Drivers/STM32F4xx_HAL_Driver/Src/stm32f4xx_hal_rcc.o
 .ARM.attributes
                0x000002b3       0x34 ./Drivers/STM32F4xx_HAL_Driver/Src/stm32f4xx_ll_usb.o
 .ARM.attributes
                0x000002e7       0x34 ./Middlewares/ST/STM32_USB_Device_Library/Class/CDC/Src/usbd_cdc.o
 .ARM.attributes
                0x0000031b       0x34 ./Middlewares/ST/STM32_USB_Device_Library/Core/Src/usbd_core.o
 .ARM.attributes
                0x0000034f       0x34 ./Middlewares/ST/STM32_USB_Device_Library/Core/Src/usbd_ctlreq.o
 .ARM.attributes
                0x00000383       0x34 ./Middlewares/ST/STM32_USB_Device_Library/Core/Src/usbd_ioreq.o
 .ARM.attributes
                0x000003b7       0x34 ./USB_DEVICE/App/usb_device.o
 .ARM.attributes
                0x000003eb       0x34 ./USB_DEVICE/App/usbd_cdc_if.o
 .ARM.attributes
                0x0000041f       0x34 ./USB_DEVICE/App/usbd_desc.o
 .ARM.attributes
                0x00000453       0x34 ./USB_DEVICE/Target/usbd_conf.o
 .ARM.attributes
                0x00000487       0x34 C:/ST/STM32CubeIDE_1.16.1/STM32CubeIDE/plugins/com.st.stm32cube.ide.mcu.externaltools.gnu-tools-for-stm32.12.3.rel1.win32_1.0.200.202406191623/tools/bin/../lib/gcc/arm-none-eabi/12.3.1/../../../../arm-none-eabi/lib/thumb/v7e-m+fp/hard\libc_nano.a(libc_a-memset.o)
 .ARM.attributes
                0x000004bb       0x34 C:/ST/STM32CubeIDE_1.16.1/STM32CubeIDE/plugins/com.st.stm32cube.ide.mcu.externaltools.gnu-tools-for-stm32.12.3.rel1.win32_1.0.200.202406191623/tools/bin/../lib/gcc/arm-none-eabi/12.3.1/../../../../arm-none-eabi/lib/thumb/v7e-m+fp/hard\libc_nano.a(libc_a-init.o)
 .ARM.attributes
                0x000004ef       0x22 C:/ST/STM32CubeIDE_1.16.1/STM32CubeIDE/plugins/com.st.stm32cube.ide.mcu.externaltools.gnu-tools-for-stm32.12.3.rel1.win32_1.0.200.202406191623/tools/bin/../lib/gcc/arm-none-eabi/12.3.1/thumb/v7e-m+fp/hard\libgcc.a(_aeabi_uldivmod.o)
 .ARM.attributes
                0x00000511       0x34 C:/ST/STM32CubeIDE_1.16.1/STM32CubeIDE/plugins/com.st.stm32cube.ide.mcu.externaltools.gnu-tools-for-stm32.12.3.rel1.win32_1.0.200.202406191623/tools/bin/../lib/gcc/arm-none-eabi/12.3.1/thumb/v7e-m+fp/hard\libgcc.a(_udivmoddi4.o)
 .ARM.attributes
                0x00000545       0x22 C:/ST/STM32CubeIDE_1.16.1/STM32CubeIDE/plugins/com.st.stm32cube.ide.mcu.externaltools.gnu-tools-for-stm32.12.3.rel1.win32_1.0.200.202406191623/tools/bin/../lib/gcc/arm-none-eabi/12.3.1/thumb/v7e-m+fp/hard\libgcc.a(_dvmd_tls.o)
 .ARM.attributes
                0x00000567       0x22 C:/ST/STM32CubeIDE_1.16.1/STM32CubeIDE/plugins/com.st.stm32cube.ide.mcu.externaltools.gnu-tools-for-stm32.12.3.rel1.win32_1.0.200.202406191623/tools/bin/../lib/gcc/arm-none-eabi/12.3.1/thumb/v7e-m+fp/hard/crtn.o
OUTPUT(STM_accelerometer.elf elf32-littlearm)
LOAD linker stubs
LOAD C:/ST/STM32CubeIDE_1.16.1/STM32CubeIDE/plugins/com.st.stm32cube.ide.mcu.externaltools.gnu-tools-for-stm32.12.3.rel1.win32_1.0.200.202406191623/tools/bin/../lib/gcc/arm-none-eabi/12.3.1/../../../../arm-none-eabi/lib/thumb/v7e-m+fp/hard\libc.a
LOAD C:/ST/STM32CubeIDE_1.16.1/STM32CubeIDE/plugins/com.st.stm32cube.ide.mcu.externaltools.gnu-tools-for-stm32.12.3.rel1.win32_1.0.200.202406191623/tools/bin/../lib/gcc/arm-none-eabi/12.3.1/../../../../arm-none-eabi/lib/thumb/v7e-m+fp/hard\libm.a
LOAD C:/ST/STM32CubeIDE_1.16.1/STM32CubeIDE/plugins/com.st.stm32cube.ide.mcu.externaltools.gnu-tools-for-stm32.12.3.rel1.win32_1.0.200.202406191623/tools/bin/../lib/gcc/arm-none-eabi/12.3.1/thumb/v7e-m+fp/hard\libgcc.a

.debug_info     0x00000000    0x105d5
 .debug_info    0x00000000      0xdd9 ./Core/Src/main.o
 .debug_info    0x00000dd9      0x971 ./Core/Src/stm32f4xx_hal_msp.o
 .debug_info    0x0000174a      0x627 ./Core/Src/stm32f4xx_it.o
 .debug_info    0x00001d71      0x53e ./Core/Src/system_stm32f4xx.o
 .debug_info    0x000022af       0x30 ./Core/Startup/startup_stm32f411vetx.o
 .debug_info    0x000022df      0x8c4 ./Drivers/STM32F4xx_HAL_Driver/Src/stm32f4xx_hal.o
 .debug_info    0x00002ba3      0xcfc ./Drivers/STM32F4xx_HAL_Driver/Src/stm32f4xx_hal_cortex.o
 .debug_info    0x0000389f      0x6f9 ./Drivers/STM32F4xx_HAL_Driver/Src/stm32f4xx_hal_gpio.o
 .debug_info    0x00003f98     0x2426 ./Drivers/STM32F4xx_HAL_Driver/Src/stm32f4xx_hal_i2c.o
 .debug_info    0x000063be     0x1577 ./Drivers/STM32F4xx_HAL_Driver/Src/stm32f4xx_hal_pcd.o
 .debug_info    0x00007935      0x6ea ./Drivers/STM32F4xx_HAL_Driver/Src/stm32f4xx_hal_pcd_ex.o
 .debug_info    0x0000801f      0x8f0 ./Drivers/STM32F4xx_HAL_Driver/Src/stm32f4xx_hal_rcc.o
 .debug_info    0x0000890f     0x1993 ./Drivers/STM32F4xx_HAL_Driver/Src/stm32f4xx_ll_usb.o
 .debug_info    0x0000a2a2     0x12a3 ./Middlewares/ST/STM32_USB_Device_Library/Class/CDC/Src/usbd_cdc.o
 .debug_info    0x0000b545      0xe05 ./Middlewares/ST/STM32_USB_Device_Library/Core/Src/usbd_core.o
 .debug_info    0x0000c34a      0xade ./Middlewares/ST/STM32_USB_Device_Library/Core/Src/usbd_ctlreq.o
 .debug_info    0x0000ce28      0x755 ./Middlewares/ST/STM32_USB_Device_Library/Core/Src/usbd_ioreq.o
 .debug_info    0x0000d57d      0x701 ./USB_DEVICE/App/usb_device.o
 .debug_info    0x0000dc7e      0x8fa ./USB_DEVICE/App/usbd_cdc_if.o
 .debug_info    0x0000e578      0x458 ./USB_DEVICE/App/usbd_desc.o
 .debug_info    0x0000e9d0     0x1c05 ./USB_DEVICE/Target/usbd_conf.o

.debug_abbrev   0x00000000     0x2dde
 .debug_abbrev  0x00000000      0x2bf ./Core/Src/main.o
 .debug_abbrev  0x000002bf      0x1a4 ./Core/Src/stm32f4xx_hal_msp.o
 .debug_abbrev  0x00000463      0x1a4 ./Core/Src/stm32f4xx_it.o
 .debug_abbrev  0x00000607      0x11a ./Core/Src/system_stm32f4xx.o
 .debug_abbrev  0x00000721       0x24 ./Core/Startup/startup_stm32f411vetx.o
 .debug_abbrev  0x00000745      0x24b ./Drivers/STM32F4xx_HAL_Driver/Src/stm32f4xx_hal.o
 .debug_abbrev  0x00000990      0x31d ./Drivers/STM32F4xx_HAL_Driver/Src/stm32f4xx_hal_cortex.o
 .debug_abbrev  0x00000cad      0x1d3 ./Drivers/STM32F4xx_HAL_Driver/Src/stm32f4xx_hal_gpio.o
 .debug_abbrev  0x00000e80      0x2bc ./Drivers/STM32F4xx_HAL_Driver/Src/stm32f4xx_hal_i2c.o
 .debug_abbrev  0x0000113c      0x2b6 ./Drivers/STM32F4xx_HAL_Driver/Src/stm32f4xx_hal_pcd.o
 .debug_abbrev  0x000013f2      0x1da ./Drivers/STM32F4xx_HAL_Driver/Src/stm32f4xx_hal_pcd_ex.o
 .debug_abbrev  0x000015cc      0x2b6 ./Drivers/STM32F4xx_HAL_Driver/Src/stm32f4xx_hal_rcc.o
 .debug_abbrev  0x00001882      0x2b3 ./Drivers/STM32F4xx_HAL_Driver/Src/stm32f4xx_ll_usb.o
 .debug_abbrev  0x00001b35      0x2d2 ./Middlewares/ST/STM32_USB_Device_Library/Class/CDC/Src/usbd_cdc.o
 .debug_abbrev  0x00001e07      0x27c ./Middlewares/ST/STM32_USB_Device_Library/Core/Src/usbd_core.o
 .debug_abbrev  0x00002083      0x26f ./Middlewares/ST/STM32_USB_Device_Library/Core/Src/usbd_ctlreq.o
 .debug_abbrev  0x000022f2      0x19a ./Middlewares/ST/STM32_USB_Device_Library/Core/Src/usbd_ioreq.o
 .debug_abbrev  0x0000248c      0x195 ./USB_DEVICE/App/usb_device.o
 .debug_abbrev  0x00002621      0x29d ./USB_DEVICE/App/usbd_cdc_if.o
 .debug_abbrev  0x000028be      0x1e1 ./USB_DEVICE/App/usbd_desc.o
 .debug_abbrev  0x00002a9f      0x33f ./USB_DEVICE/Target/usbd_conf.o

.debug_aranges  0x00000000      0xe28
 .debug_aranges
                0x00000000       0x58 ./Core/Src/main.o
 .debug_aranges
                0x00000058       0x30 ./Core/Src/stm32f4xx_hal_msp.o
 .debug_aranges
                0x00000088       0x68 ./Core/Src/stm32f4xx_it.o
 .debug_aranges
                0x000000f0       0x28 ./Core/Src/system_stm32f4xx.o
 .debug_aranges
                0x00000118       0x28 ./Core/Startup/startup_stm32f411vetx.o
 .debug_aranges
                0x00000140       0xf0 ./Drivers/STM32F4xx_HAL_Driver/Src/stm32f4xx_hal.o
 .debug_aranges
                0x00000230      0x130 ./Drivers/STM32F4xx_HAL_Driver/Src/stm32f4xx_hal_cortex.o
 .debug_aranges
                0x00000360       0x58 ./Drivers/STM32F4xx_HAL_Driver/Src/stm32f4xx_hal_gpio.o
 .debug_aranges
                0x000003b8      0x2a8 ./Drivers/STM32F4xx_HAL_Driver/Src/stm32f4xx_hal_i2c.o
 .debug_aranges
                0x00000660      0x148 ./Drivers/STM32F4xx_HAL_Driver/Src/stm32f4xx_hal_pcd.o
 .debug_aranges
                0x000007a8       0x38 ./Drivers/STM32F4xx_HAL_Driver/Src/stm32f4xx_hal_pcd_ex.o
 .debug_aranges
                0x000007e0       0x88 ./Drivers/STM32F4xx_HAL_Driver/Src/stm32f4xx_hal_rcc.o
 .debug_aranges
                0x00000868      0x1a0 ./Drivers/STM32F4xx_HAL_Driver/Src/stm32f4xx_ll_usb.o
 .debug_aranges
                0x00000a08       0x90 ./Middlewares/ST/STM32_USB_Device_Library/Class/CDC/Src/usbd_cdc.o
 .debug_aranges
                0x00000a98       0xd8 ./Middlewares/ST/STM32_USB_Device_Library/Core/Src/usbd_core.o
 .debug_aranges
                0x00000b70       0x90 ./Middlewares/ST/STM32_USB_Device_Library/Core/Src/usbd_ctlreq.o
 .debug_aranges
                0x00000c00       0x50 ./Middlewares/ST/STM32_USB_Device_Library/Core/Src/usbd_ioreq.o
 .debug_aranges
                0x00000c50       0x20 ./USB_DEVICE/App/usb_device.o
 .debug_aranges
                0x00000c70       0x48 ./USB_DEVICE/App/usbd_cdc_if.o
 .debug_aranges
                0x00000cb8       0x60 ./USB_DEVICE/App/usbd_desc.o
 .debug_aranges
                0x00000d18      0x110 ./USB_DEVICE/Target/usbd_conf.o

.debug_rnglists
                0x00000000      0xab5
 .debug_rnglists
                0x00000000       0x3f ./Core/Src/main.o
 .debug_rnglists
                0x0000003f       0x20 ./Core/Src/stm32f4xx_hal_msp.o
 .debug_rnglists
                0x0000005f       0x49 ./Core/Src/stm32f4xx_it.o
 .debug_rnglists
                0x000000a8       0x1a ./Core/Src/system_stm32f4xx.o
 .debug_rnglists
                0x000000c2       0x19 ./Core/Startup/startup_stm32f411vetx.o
 .debug_rnglists
                0x000000db       0xaf ./Drivers/STM32F4xx_HAL_Driver/Src/stm32f4xx_hal.o
 .debug_rnglists
                0x0000018a       0xe0 ./Drivers/STM32F4xx_HAL_Driver/Src/stm32f4xx_hal_cortex.o
 .debug_rnglists
                0x0000026a       0x3f ./Drivers/STM32F4xx_HAL_Driver/Src/stm32f4xx_hal_gpio.o
 .debug_rnglists
                0x000002a9      0x23c ./Drivers/STM32F4xx_HAL_Driver/Src/stm32f4xx_hal_i2c.o
 .debug_rnglists
                0x000004e5       0xfa ./Drivers/STM32F4xx_HAL_Driver/Src/stm32f4xx_hal_pcd.o
 .debug_rnglists
                0x000005df       0x26 ./Drivers/STM32F4xx_HAL_Driver/Src/stm32f4xx_hal_pcd_ex.o
 .debug_rnglists
                0x00000605       0x66 ./Drivers/STM32F4xx_HAL_Driver/Src/stm32f4xx_hal_rcc.o
 .debug_rnglists
                0x0000066b      0x147 ./Drivers/STM32F4xx_HAL_Driver/Src/stm32f4xx_ll_usb.o
 .debug_rnglists
                0x000007b2       0x6c ./Middlewares/ST/STM32_USB_Device_Library/Class/CDC/Src/usbd_cdc.o
 .debug_rnglists
                0x0000081e       0xa1 ./Middlewares/ST/STM32_USB_Device_Library/Core/Src/usbd_core.o
 .debug_rnglists
                0x000008bf       0x6e ./Middlewares/ST/STM32_USB_Device_Library/Core/Src/usbd_ctlreq.o
 .debug_rnglists
                0x0000092d       0x37 ./Middlewares/ST/STM32_USB_Device_Library/Core/Src/usbd_ioreq.o
 .debug_rnglists
                0x00000964       0x13 ./USB_DEVICE/App/usb_device.o
 .debug_rnglists
                0x00000977       0x32 ./USB_DEVICE/App/usbd_cdc_if.o
 .debug_rnglists
                0x000009a9       0x43 ./USB_DEVICE/App/usbd_desc.o
 .debug_rnglists
                0x000009ec       0xc9 ./USB_DEVICE/Target/usbd_conf.o

.debug_macro    0x00000000    0x18288
 .debug_macro   0x00000000      0x35b ./Core/Src/main.o
 .debug_macro   0x0000035b      0xab4 ./Core/Src/main.o
 .debug_macro   0x00000e0f      0x29b ./Core/Src/main.o
 .debug_macro   0x000010aa       0x2e ./Core/Src/main.o
 .debug_macro   0x000010d8       0x28 ./Core/Src/main.o
 .debug_macro   0x00001100       0x22 ./Core/Src/main.o
 .debug_macro   0x00001122       0x8e ./Core/Src/main.o
 .debug_macro   0x000011b0       0x51 ./Core/Src/main.o
 .debug_macro   0x00001201      0x103 ./Core/Src/main.o
 .debug_macro   0x00001304       0x6a ./Core/Src/main.o
 .debug_macro   0x0000136e      0x1df ./Core/Src/main.o
 .debug_macro   0x0000154d       0x1c ./Core/Src/main.o
 .debug_macro   0x00001569       0x22 ./Core/Src/main.o
 .debug_macro   0x0000158b       0xfb ./Core/Src/main.o
 .debug_macro   0x00001686     0x1011 ./Core/Src/main.o
 .debug_macro   0x00002697      0x11f ./Core/Src/main.o
 .debug_macro   0x000027b6     0xb953 ./Core/Src/main.o
 .debug_macro   0x0000e109       0x6d ./Core/Src/main.o
 .debug_macro   0x0000e176     0x369a ./Core/Src/main.o
 .debug_macro   0x00011810      0x189 ./Core/Src/main.o
 .debug_macro   0x00011999       0x5c ./Core/Src/main.o
 .debug_macro   0x000119f5      0x45c ./Core/Src/main.o
 .debug_macro   0x00011e51      0x9e9 ./Core/Src/main.o
 .debug_macro   0x0001283a      0x115 ./Core/Src/main.o
 .debug_macro   0x0001294f      0x11b ./Core/Src/main.o
 .debug_macro   0x00012a6a       0xa5 ./Core/Src/main.o
 .debug_macro   0x00012b0f      0x15f ./Core/Src/main.o
 .debug_macro   0x00012c6e      0x287 ./Core/Src/main.o
 .debug_macro   0x00012ef5       0x5f ./Core/Src/main.o
 .debug_macro   0x00012f54      0x236 ./Core/Src/main.o
 .debug_macro   0x0001318a      0x132 ./Core/Src/main.o
 .debug_macro   0x000132bc      0x264 ./Core/Src/main.o
 .debug_macro   0x00013520       0x2e ./Core/Src/main.o
 .debug_macro   0x0001354e      0x1b5 ./Core/Src/main.o
 .debug_macro   0x00013703       0x22 ./Core/Src/main.o
 .debug_macro   0x00013725       0xd6 ./Core/Src/main.o
 .debug_macro   0x000137fb      0x127 ./Core/Src/main.o
 .debug_macro   0x00013922       0x85 ./Core/Src/main.o
 .debug_macro   0x000139a7       0x89 ./Core/Src/main.o
 .debug_macro   0x00013a30      0x293 ./Core/Src/main.o
 .debug_macro   0x00013cc3       0xba ./Core/Src/main.o
 .debug_macro   0x00013d7d      0x126 ./Core/Src/main.o
 .debug_macro   0x00013ea3       0x61 ./Core/Src/main.o
 .debug_macro   0x00013f04       0x2a ./Core/Src/main.o
 .debug_macro   0x00013f2e       0x43 ./Core/Src/main.o
 .debug_macro   0x00013f71       0x34 ./Core/Src/main.o
 .debug_macro   0x00013fa5       0x16 ./Core/Src/main.o
 .debug_macro   0x00013fbb       0x35 ./Core/Src/main.o
 .debug_macro   0x00013ff0      0x369 ./Core/Src/main.o
 .debug_macro   0x00014359       0x10 ./Core/Src/main.o
 .debug_macro   0x00014369       0x16 ./Core/Src/main.o
 .debug_macro   0x0001437f       0x43 ./Core/Src/main.o
 .debug_macro   0x000143c2       0x34 ./Core/Src/main.o
 .debug_macro   0x000143f6       0x10 ./Core/Src/main.o
 .debug_macro   0x00014406       0x58 ./Core/Src/main.o
 .debug_macro   0x0001445e       0x8e ./Core/Src/main.o
 .debug_macro   0x000144ec       0x1c ./Core/Src/main.o
 .debug_macro   0x00014508      0x177 ./Core/Src/main.o
 .debug_macro   0x0001467f       0x16 ./Core/Src/main.o
 .debug_macro   0x00014695       0x16 ./Core/Src/main.o
 .debug_macro   0x000146ab      0x146 ./Core/Src/main.o
 .debug_macro   0x000147f1       0x16 ./Core/Src/main.o
 .debug_macro   0x00014807       0x16 ./Core/Src/main.o
 .debug_macro   0x0001481d       0x29 ./Core/Src/main.o
 .debug_macro   0x00014846       0x16 ./Core/Src/main.o
 .debug_macro   0x0001485c       0x20 ./Core/Src/main.o
 .debug_macro   0x0001487c       0x65 ./Core/Src/main.o
 .debug_macro   0x000148e1      0x20f ./Core/Src/main.o
 .debug_macro   0x00014af0      0x1f7 ./Core/Src/stm32f4xx_hal_msp.o
 .debug_macro   0x00014ce7      0x201 ./Core/Src/stm32f4xx_it.o
 .debug_macro   0x00014ee8      0x1ed ./Core/Src/system_stm32f4xx.o
 .debug_macro   0x000150d5      0x24d ./Drivers/STM32F4xx_HAL_Driver/Src/stm32f4xx_hal.o
 .debug_macro   0x00015322      0x1ed ./Drivers/STM32F4xx_HAL_Driver/Src/stm32f4xx_hal_cortex.o
 .debug_macro   0x0001550f      0x1f3 ./Drivers/STM32F4xx_HAL_Driver/Src/stm32f4xx_hal_gpio.o
 .debug_macro   0x00015702      0x23b ./Drivers/STM32F4xx_HAL_Driver/Src/stm32f4xx_hal_i2c.o
 .debug_macro   0x0001593d      0x1f9 ./Drivers/STM32F4xx_HAL_Driver/Src/stm32f4xx_hal_pcd.o
 .debug_macro   0x00015b36      0x1ed ./Drivers/STM32F4xx_HAL_Driver/Src/stm32f4xx_hal_pcd_ex.o
 .debug_macro   0x00015d23      0x211 ./Drivers/STM32F4xx_HAL_Driver/Src/stm32f4xx_hal_rcc.o
 .debug_macro   0x00015f34      0x1ed ./Drivers/STM32F4xx_HAL_Driver/Src/stm32f4xx_ll_usb.o
 .debug_macro   0x00016121      0x386 ./Middlewares/ST/STM32_USB_Device_Library/Class/CDC/Src/usbd_cdc.o
 .debug_macro   0x000164a7       0x9e ./Middlewares/ST/STM32_USB_Device_Library/Class/CDC/Src/usbd_cdc.o
 .debug_macro   0x00016545      0x10b ./Middlewares/ST/STM32_USB_Device_Library/Class/CDC/Src/usbd_cdc.o
 .debug_macro   0x00016650       0x56 ./Middlewares/ST/STM32_USB_Device_Library/Class/CDC/Src/usbd_cdc.o
 .debug_macro   0x000166a6       0x95 ./Middlewares/ST/STM32_USB_Device_Library/Class/CDC/Src/usbd_cdc.o
 .debug_macro   0x0001673b      0x36d ./Middlewares/ST/STM32_USB_Device_Library/Core/Src/usbd_core.o
 .debug_macro   0x00016aa8      0x215 ./Middlewares/ST/STM32_USB_Device_Library/Core/Src/usbd_core.o
 .debug_macro   0x00016cbd      0x377 ./Middlewares/ST/STM32_USB_Device_Library/Core/Src/usbd_ctlreq.o
 .debug_macro   0x00017034      0x373 ./Middlewares/ST/STM32_USB_Device_Library/Core/Src/usbd_ioreq.o
 .debug_macro   0x000173a7      0x3ac ./USB_DEVICE/App/usb_device.o
 .debug_macro   0x00017753       0x22 ./USB_DEVICE/App/usb_device.o
 .debug_macro   0x00017775       0x16 ./USB_DEVICE/App/usb_device.o
 .debug_macro   0x0001778b      0x391 ./USB_DEVICE/App/usbd_cdc_if.o
 .debug_macro   0x00017b1c       0x10 ./USB_DEVICE/App/usbd_cdc_if.o
 .debug_macro   0x00017b2c      0x3b0 ./USB_DEVICE/App/usbd_desc.o
 .debug_macro   0x00017edc       0x1c ./USB_DEVICE/App/usbd_desc.o
 .debug_macro   0x00017ef8      0x390 ./USB_DEVICE/Target/usbd_conf.o

.debug_line     0x00000000    0x1354f
 .debug_line    0x00000000      0xb06 ./Core/Src/main.o
 .debug_line    0x00000b06      0x7cc ./Core/Src/stm32f4xx_hal_msp.o
 .debug_line    0x000012d2      0x858 ./Core/Src/stm32f4xx_it.o
 .debug_line    0x00001b2a      0x802 ./Core/Src/system_stm32f4xx.o
 .debug_line    0x0000232c       0x7a ./Core/Startup/startup_stm32f411vetx.o
 .debug_line    0x000023a6      0xa6b ./Drivers/STM32F4xx_HAL_Driver/Src/stm32f4xx_hal.o
 .debug_line    0x00002e11      0xd5d ./Drivers/STM32F4xx_HAL_Driver/Src/stm32f4xx_hal_cortex.o
 .debug_line    0x00003b6e      0xbbb ./Drivers/STM32F4xx_HAL_Driver/Src/stm32f4xx_hal_gpio.o
 .debug_line    0x00004729     0x3bb1 ./Drivers/STM32F4xx_HAL_Driver/Src/stm32f4xx_hal_i2c.o
 .debug_line    0x000082da     0x1554 ./Drivers/STM32F4xx_HAL_Driver/Src/stm32f4xx_hal_pcd.o
 .debug_line    0x0000982e      0x848 ./Drivers/STM32F4xx_HAL_Driver/Src/stm32f4xx_hal_pcd_ex.o
 .debug_line    0x0000a076      0xdf4 ./Drivers/STM32F4xx_HAL_Driver/Src/stm32f4xx_hal_rcc.o
 .debug_line    0x0000ae6a     0x1dea ./Drivers/STM32F4xx_HAL_Driver/Src/stm32f4xx_ll_usb.o
 .debug_line    0x0000cc54      0xf03 ./Middlewares/ST/STM32_USB_Device_Library/Class/CDC/Src/usbd_cdc.o
 .debug_line    0x0000db57      0xf7d ./Middlewares/ST/STM32_USB_Device_Library/Core/Src/usbd_core.o
 .debug_line    0x0000ead4     0x118d ./Middlewares/ST/STM32_USB_Device_Library/Core/Src/usbd_ctlreq.o
 .debug_line    0x0000fc61      0xa97 ./Middlewares/ST/STM32_USB_Device_Library/Core/Src/usbd_ioreq.o
 .debug_line    0x000106f8      0xa53 ./USB_DEVICE/App/usb_device.o
 .debug_line    0x0001114b      0xab6 ./USB_DEVICE/App/usbd_cdc_if.o
 .debug_line    0x00011c01      0xb1c ./USB_DEVICE/App/usbd_desc.o
 .debug_line    0x0001271d      0xe32 ./USB_DEVICE/Target/usbd_conf.o

.debug_str      0x00000000    0x89925
 .debug_str     0x00000000    0x85640 ./Core/Src/main.o
                              0x85982 (size before relaxing)
 .debug_str     0x00085640       0x63 ./Core/Src/stm32f4xx_hal_msp.o
                              0x8145a (size before relaxing)
 .debug_str     0x000856a3      0x460 ./Core/Src/stm32f4xx_it.o
                              0x8125e (size before relaxing)
 .debug_str     0x00085b03       0xdb ./Core/Src/system_stm32f4xx.o
                              0x80f67 (size before relaxing)
 .debug_str     0x00085bde       0x44 ./Core/Startup/startup_stm32f411vetx.o
                                 0x68 (size before relaxing)
 .debug_str     0x00085c22      0x9b8 ./Drivers/STM32F4xx_HAL_Driver/Src/stm32f4xx_hal.o
                              0x81993 (size before relaxing)
 .debug_str     0x000865da      0x392 ./Drivers/STM32F4xx_HAL_Driver/Src/stm32f4xx_hal_cortex.o
                              0x816fd (size before relaxing)
 .debug_str     0x0008696c      0x10e ./Drivers/STM32F4xx_HAL_Driver/Src/stm32f4xx_hal_gpio.o
                              0x810e2 (size before relaxing)
 .debug_str     0x00086a7a      0xb22 ./Drivers/STM32F4xx_HAL_Driver/Src/stm32f4xx_hal_i2c.o
                              0x81f78 (size before relaxing)
 .debug_str     0x0008759c      0x831 ./Drivers/STM32F4xx_HAL_Driver/Src/stm32f4xx_hal_pcd.o
                              0x81a33 (size before relaxing)
 .debug_str     0x00087dcd      0x115 ./Drivers/STM32F4xx_HAL_Driver/Src/stm32f4xx_hal_pcd_ex.o
                              0x81323 (size before relaxing)
 .debug_str     0x00087ee2      0x1ff ./Drivers/STM32F4xx_HAL_Driver/Src/stm32f4xx_hal_rcc.o
                              0x8139b (size before relaxing)
 .debug_str     0x000880e1      0x4b0 ./Drivers/STM32F4xx_HAL_Driver/Src/stm32f4xx_ll_usb.o
                              0x8190e (size before relaxing)
 .debug_str     0x00088591      0xa3b ./Middlewares/ST/STM32_USB_Device_Library/Class/CDC/Src/usbd_cdc.o
                              0x85f26 (size before relaxing)
 .debug_str     0x00088fcc      0x35c ./Middlewares/ST/STM32_USB_Device_Library/Core/Src/usbd_core.o
                              0x8587f (size before relaxing)
 .debug_str     0x00089328      0x139 ./Middlewares/ST/STM32_USB_Device_Library/Core/Src/usbd_ctlreq.o
                              0x856aa (size before relaxing)
 .debug_str     0x00089461       0x51 ./Middlewares/ST/STM32_USB_Device_Library/Core/Src/usbd_ioreq.o
                              0x8557f (size before relaxing)
 .debug_str     0x000894b2      0x105 ./USB_DEVICE/App/usb_device.o
                              0x85932 (size before relaxing)
 .debug_str     0x000895b7       0x91 ./USB_DEVICE/App/usbd_cdc_if.o
                              0x85972 (size before relaxing)
 .debug_str     0x00089648      0x26a ./USB_DEVICE/App/usbd_desc.o
                              0x8547b (size before relaxing)
 .debug_str     0x000898b2       0x73 ./USB_DEVICE/Target/usbd_conf.o
                              0x8662e (size before relaxing)

.comment        0x00000000       0x43
 .comment       0x00000000       0x43 ./Core/Src/main.o
                                 0x44 (size before relaxing)
 .comment       0x00000043       0x44 ./Core/Src/stm32f4xx_hal_msp.o
 .comment       0x00000043       0x44 ./Core/Src/stm32f4xx_it.o
 .comment       0x00000043       0x44 ./Core/Src/system_stm32f4xx.o
 .comment       0x00000043       0x44 ./Drivers/STM32F4xx_HAL_Driver/Src/stm32f4xx_hal.o
 .comment       0x00000043       0x44 ./Drivers/STM32F4xx_HAL_Driver/Src/stm32f4xx_hal_cortex.o
 .comment       0x00000043       0x44 ./Drivers/STM32F4xx_HAL_Driver/Src/stm32f4xx_hal_gpio.o
 .comment       0x00000043       0x44 ./Drivers/STM32F4xx_HAL_Driver/Src/stm32f4xx_hal_i2c.o
 .comment       0x00000043       0x44 ./Drivers/STM32F4xx_HAL_Driver/Src/stm32f4xx_hal_pcd.o
 .comment       0x00000043       0x44 ./Drivers/STM32F4xx_HAL_Driver/Src/stm32f4xx_hal_pcd_ex.o
 .comment       0x00000043       0x44 ./Drivers/STM32F4xx_HAL_Driver/Src/stm32f4xx_hal_rcc.o
 .comment       0x00000043       0x44 ./Drivers/STM32F4xx_HAL_Driver/Src/stm32f4xx_ll_usb.o
 .comment       0x00000043       0x44 ./Middlewares/ST/STM32_USB_Device_Library/Class/CDC/Src/usbd_cdc.o
 .comment       0x00000043       0x44 ./Middlewares/ST/STM32_USB_Device_Library/Core/Src/usbd_core.o
 .comment       0x00000043       0x44 ./Middlewares/ST/STM32_USB_Device_Library/Core/Src/usbd_ctlreq.o
 .comment       0x00000043       0x44 ./Middlewares/ST/STM32_USB_Device_Library/Core/Src/usbd_ioreq.o
 .comment       0x00000043       0x44 ./USB_DEVICE/App/usb_device.o
 .comment       0x00000043       0x44 ./USB_DEVICE/App/usbd_cdc_if.o
 .comment       0x00000043       0x44 ./USB_DEVICE/App/usbd_desc.o
 .comment       0x00000043       0x44 ./USB_DEVICE/Target/usbd_conf.o

.debug_frame    0x00000000     0x3a1c
 .debug_frame   0x00000000      0x110 ./Core/Src/main.o
 .debug_frame   0x00000110       0x80 ./Core/Src/stm32f4xx_hal_msp.o
 .debug_frame   0x00000190      0x120 ./Core/Src/stm32f4xx_it.o
 .debug_frame   0x000002b0       0x58 ./Core/Src/system_stm32f4xx.o
 .debug_frame   0x00000308      0x374 ./Drivers/STM32F4xx_HAL_Driver/Src/stm32f4xx_hal.o
 .debug_frame   0x0000067c      0x508 ./Drivers/STM32F4xx_HAL_Driver/Src/stm32f4xx_hal_cortex.o
 .debug_frame   0x00000b84      0x14c ./Drivers/STM32F4xx_HAL_Driver/Src/stm32f4xx_hal_gpio.o
 .debug_frame   0x00000cd0      0xc84 ./Drivers/STM32F4xx_HAL_Driver/Src/stm32f4xx_hal_i2c.o
 .debug_frame   0x00001954      0x5b8 ./Drivers/STM32F4xx_HAL_Driver/Src/stm32f4xx_hal_pcd.o
 .debug_frame   0x00001f0c       0xb0 ./Drivers/STM32F4xx_HAL_Driver/Src/stm32f4xx_hal_pcd_ex.o
 .debug_frame   0x00001fbc      0x1f4 ./Drivers/STM32F4xx_HAL_Driver/Src/stm32f4xx_hal_rcc.o
 .debug_frame   0x000021b0      0x7c0 ./Drivers/STM32F4xx_HAL_Driver/Src/stm32f4xx_ll_usb.o
 .debug_frame   0x00002970      0x23c ./Middlewares/ST/STM32_USB_Device_Library/Class/CDC/Src/usbd_cdc.o
 .debug_frame   0x00002bac      0x390 ./Middlewares/ST/STM32_USB_Device_Library/Core/Src/usbd_core.o
 .debug_frame   0x00002f3c      0x23c ./Middlewares/ST/STM32_USB_Device_Library/Core/Src/usbd_ctlreq.o
 .debug_frame   0x00003178      0x10c ./Middlewares/ST/STM32_USB_Device_Library/Core/Src/usbd_ioreq.o
 .debug_frame   0x00003284       0x2c ./USB_DEVICE/App/usb_device.o
 .debug_frame   0x000032b0       0xe4 ./USB_DEVICE/App/usbd_cdc_if.o
 .debug_frame   0x00003394      0x160 ./USB_DEVICE/App/usbd_desc.o
 .debug_frame   0x000034f4      0x47c ./USB_DEVICE/Target/usbd_conf.o
 .debug_frame   0x00003970       0x20 C:/ST/STM32CubeIDE_1.16.1/STM32CubeIDE/plugins/com.st.stm32cube.ide.mcu.externaltools.gnu-tools-for-stm32.12.3.rel1.win32_1.0.200.202406191623/tools/bin/../lib/gcc/arm-none-eabi/12.3.1/../../../../arm-none-eabi/lib/thumb/v7e-m+fp/hard\libc_nano.a(libc_a-memset.o)
 .debug_frame   0x00003990       0x2c C:/ST/STM32CubeIDE_1.16.1/STM32CubeIDE/plugins/com.st.stm32cube.ide.mcu.externaltools.gnu-tools-for-stm32.12.3.rel1.win32_1.0.200.202406191623/tools/bin/../lib/gcc/arm-none-eabi/12.3.1/../../../../arm-none-eabi/lib/thumb/v7e-m+fp/hard\libc_nano.a(libc_a-init.o)
 .debug_frame   0x000039bc       0x2c C:/ST/STM32CubeIDE_1.16.1/STM32CubeIDE/plugins/com.st.stm32cube.ide.mcu.externaltools.gnu-tools-for-stm32.12.3.rel1.win32_1.0.200.202406191623/tools/bin/../lib/gcc/arm-none-eabi/12.3.1/thumb/v7e-m+fp/hard\libgcc.a(_aeabi_uldivmod.o)
 .debug_frame   0x000039e8       0x34 C:/ST/STM32CubeIDE_1.16.1/STM32CubeIDE/plugins/com.st.stm32cube.ide.mcu.externaltools.gnu-tools-for-stm32.12.3.rel1.win32_1.0.200.202406191623/tools/bin/../lib/gcc/arm-none-eabi/12.3.1/thumb/v7e-m+fp/hard\libgcc.a(_udivmoddi4.o)

.debug_line_str
                0x00000000       0x4c
 .debug_line_str
                0x00000000       0x4c ./Core/Startup/startup_stm32f411vetx.o
