../Core/Src/main.c:97:9:i2c1_pisiRegister	32	static
../Core/Src/main.c:102:6:i2c1_beriRegistre	32	static
../Core/Src/main.c:109:6:initAccelerometer	8	static
../Core/Src/main.c:121:5:main	16	static
../Core/Src/main.c:229:6:SystemClock_Config	88	static
../Core/Src/main.c:274:6:PeriphCommonClock_Config	32	static
../Core/Src/main.c:295:13:MX_I2C1_Init	8	static
../Core/Src/main.c:329:13:MX_I2S2_Init	8	static
../Core/Src/main.c:363:13:MX_I2S3_Init	8	static
../Core/Src/main.c:397:13:MX_SPI1_Init	8	static
../Core/Src/main.c:435:13:MX_GPIO_Init	56	static
../Core/Src/main.c:515:6:Opravilo_LED	16	static
../Core/Src/main.c:535:6:Opravilo_pospeskometer	32	static
../Core/Src/main.c:617:6:Opravilo_CDC_Receive	16	static
../Core/Src/main.c:635:6:Opravilo_CDC_Transmit	24	static
../Core/Src/main.c:658:6:StartDefaultTask	16	static
../Core/Src/main.c:679:6:HAL_TIM_PeriodElapsedCallback	16	static
../Core/Src/main.c:696:6:Error_Handler	4	static,ignoring_inline_asm
