Archive member included to satisfy reference by file (symbol)

C:/ST/STM32CubeIDE_1.16.1/STM32CubeIDE/plugins/com.st.stm32cube.ide.mcu.externaltools.gnu-tools-for-stm32.12.3.rel1.win32_1.0.200.202406191623/tools/bin/../lib/gcc/arm-none-eabi/12.3.1/../../../../arm-none-eabi/lib/thumb/v7e-m+fp/hard\libc_nano.a(libc_a-exit.o)
                              C:/ST/STM32CubeIDE_1.16.1/STM32CubeIDE/plugins/com.st.stm32cube.ide.mcu.externaltools.gnu-tools-for-stm32.12.3.rel1.win32_1.0.200.202406191623/tools/bin/../lib/gcc/arm-none-eabi/12.3.1/../../../../arm-none-eabi/lib/thumb/v7e-m+fp/hard/crt0.o (exit)
C:/ST/STM32CubeIDE_1.16.1/STM32CubeIDE/plugins/com.st.stm32cube.ide.mcu.externaltools.gnu-tools-for-stm32.12.3.rel1.win32_1.0.200.202406191623/tools/bin/../lib/gcc/arm-none-eabi/12.3.1/../../../../arm-none-eabi/lib/thumb/v7e-m+fp/hard\libc_nano.a(libc_a-findfp.o)
                              ./Middlewares/Third_Party/FreeRTOS/Source/tasks.o (__sf)
C:/ST/STM32CubeIDE_1.16.1/STM32CubeIDE/plugins/com.st.stm32cube.ide.mcu.externaltools.gnu-tools-for-stm32.12.3.rel1.win32_1.0.200.202406191623/tools/bin/../lib/gcc/arm-none-eabi/12.3.1/../../../../arm-none-eabi/lib/thumb/v7e-m+fp/hard\libc_nano.a(libc_a-fwalk.o)
                              C:/ST/STM32CubeIDE_1.16.1/STM32CubeIDE/plugins/com.st.stm32cube.ide.mcu.externaltools.gnu-tools-for-stm32.12.3.rel1.win32_1.0.200.202406191623/tools/bin/../lib/gcc/arm-none-eabi/12.3.1/../../../../arm-none-eabi/lib/thumb/v7e-m+fp/hard\libc_nano.a(libc_a-findfp.o) (_fwalk_sglue)
C:/ST/STM32CubeIDE_1.16.1/STM32CubeIDE/plugins/com.st.stm32cube.ide.mcu.externaltools.gnu-tools-for-stm32.12.3.rel1.win32_1.0.200.202406191623/tools/bin/../lib/gcc/arm-none-eabi/12.3.1/../../../../arm-none-eabi/lib/thumb/v7e-m+fp/hard\libc_nano.a(libc_a-stdio.o)
                              C:/ST/STM32CubeIDE_1.16.1/STM32CubeIDE/plugins/com.st.stm32cube.ide.mcu.externaltools.gnu-tools-for-stm32.12.3.rel1.win32_1.0.200.202406191623/tools/bin/../lib/gcc/arm-none-eabi/12.3.1/../../../../arm-none-eabi/lib/thumb/v7e-m+fp/hard\libc_nano.a(libc_a-findfp.o) (__sread)
C:/ST/STM32CubeIDE_1.16.1/STM32CubeIDE/plugins/com.st.stm32cube.ide.mcu.externaltools.gnu-tools-for-stm32.12.3.rel1.win32_1.0.200.202406191623/tools/bin/../lib/gcc/arm-none-eabi/12.3.1/../../../../arm-none-eabi/lib/thumb/v7e-m+fp/hard\libc_nano.a(libc_a-memset.o)
                              C:/ST/STM32CubeIDE_1.16.1/STM32CubeIDE/plugins/com.st.stm32cube.ide.mcu.externaltools.gnu-tools-for-stm32.12.3.rel1.win32_1.0.200.202406191623/tools/bin/../lib/gcc/arm-none-eabi/12.3.1/../../../../arm-none-eabi/lib/thumb/v7e-m+fp/hard/crt0.o (memset)
C:/ST/STM32CubeIDE_1.16.1/STM32CubeIDE/plugins/com.st.stm32cube.ide.mcu.externaltools.gnu-tools-for-stm32.12.3.rel1.win32_1.0.200.202406191623/tools/bin/../lib/gcc/arm-none-eabi/12.3.1/../../../../arm-none-eabi/lib/thumb/v7e-m+fp/hard\libc_nano.a(libc_a-closer.o)
                              C:/ST/STM32CubeIDE_1.16.1/STM32CubeIDE/plugins/com.st.stm32cube.ide.mcu.externaltools.gnu-tools-for-stm32.12.3.rel1.win32_1.0.200.202406191623/tools/bin/../lib/gcc/arm-none-eabi/12.3.1/../../../../arm-none-eabi/lib/thumb/v7e-m+fp/hard\libc_nano.a(libc_a-stdio.o) (_close_r)
C:/ST/STM32CubeIDE_1.16.1/STM32CubeIDE/plugins/com.st.stm32cube.ide.mcu.externaltools.gnu-tools-for-stm32.12.3.rel1.win32_1.0.200.202406191623/tools/bin/../lib/gcc/arm-none-eabi/12.3.1/../../../../arm-none-eabi/lib/thumb/v7e-m+fp/hard\libc_nano.a(libc_a-reent.o)
                              ./Middlewares/Third_Party/FreeRTOS/Source/tasks.o (_reclaim_reent)
C:/ST/STM32CubeIDE_1.16.1/STM32CubeIDE/plugins/com.st.stm32cube.ide.mcu.externaltools.gnu-tools-for-stm32.12.3.rel1.win32_1.0.200.202406191623/tools/bin/../lib/gcc/arm-none-eabi/12.3.1/../../../../arm-none-eabi/lib/thumb/v7e-m+fp/hard\libc_nano.a(libc_a-impure.o)
                              ./Middlewares/Third_Party/FreeRTOS/Source/tasks.o (_impure_ptr)
C:/ST/STM32CubeIDE_1.16.1/STM32CubeIDE/plugins/com.st.stm32cube.ide.mcu.externaltools.gnu-tools-for-stm32.12.3.rel1.win32_1.0.200.202406191623/tools/bin/../lib/gcc/arm-none-eabi/12.3.1/../../../../arm-none-eabi/lib/thumb/v7e-m+fp/hard\libc_nano.a(libc_a-lseekr.o)
                              C:/ST/STM32CubeIDE_1.16.1/STM32CubeIDE/plugins/com.st.stm32cube.ide.mcu.externaltools.gnu-tools-for-stm32.12.3.rel1.win32_1.0.200.202406191623/tools/bin/../lib/gcc/arm-none-eabi/12.3.1/../../../../arm-none-eabi/lib/thumb/v7e-m+fp/hard\libc_nano.a(libc_a-stdio.o) (_lseek_r)
C:/ST/STM32CubeIDE_1.16.1/STM32CubeIDE/plugins/com.st.stm32cube.ide.mcu.externaltools.gnu-tools-for-stm32.12.3.rel1.win32_1.0.200.202406191623/tools/bin/../lib/gcc/arm-none-eabi/12.3.1/../../../../arm-none-eabi/lib/thumb/v7e-m+fp/hard\libc_nano.a(libc_a-readr.o)
[...]
Memory Configuration

Name             Origin             Length             Attributes
RAM              0x20000000         0x00020000         xrw
FLASH            0x08000000         0x00080000         xr
*default*        0x00000000         0xffffffff

Linker script and memory map

LOAD C:/ST/STM32CubeIDE_1.16.1/STM32CubeIDE/plugins/com.st.stm32cube.ide.mcu.externaltools.gnu-tools-for-stm32.12.3.rel1.win32_1.0.200.202406191623/tools/bin/../lib/gcc/arm-none-eabi/12.3.1/thumb/v7e-m+fp/hard/crti.o
LOAD C:/ST/STM32CubeIDE_1.16.1/STM32CubeIDE/plugins/com.st.stm32cube.ide.mcu.externaltools.gnu-tools-for-stm32.12.3.rel1.win32_1.0.200.202406191623/tools/bin/../lib/gcc/arm-none-eabi/12.3.1/thumb/v7e-m+fp/hard/crtbegin.o
LOAD C:/ST/STM32CubeIDE_1.16.1/STM32CubeIDE/plugins/com.st.stm32cube.ide.mcu.externaltools.gnu-tools-for-stm32.12.3.rel1.win32_1.0.200.202406191623/tools/bin/../lib/gcc/arm-none-eabi/12.3.1/../../../../arm-none-eabi/lib/thumb/v7e-m+fp/hard/crt0.o
LOAD ./Core/Src/freertos.o
LOAD ./Core/Src/main.o
LOAD ./Core/Src/stm32f4xx_hal_msp.o
LOAD ./Core/Src/stm32f4xx_hal_timebase_tim.o
LOAD ./Core/Src/stm32f4xx_it.o
LOAD ./Core/Src/syscalls.o
LOAD ./Core/Src/sysmem.o
LOAD ./Core/Src/system_stm32f4xx.o
LOAD ./Core/Startup/startup_stm32f411vetx.o
LOAD ./Drivers/STM32F4xx_HAL_Driver/Src/stm32f4xx_hal.o
LOAD ./Drivers/STM32F4xx_HAL_Driver/Src/stm32f4xx_hal_cortex.o
LOAD ./Drivers/STM32F4xx_HAL_Driver/Src/stm32f4xx_hal_dma.o
LOAD ./Drivers/STM32F4xx_HAL_Driver/Src/stm32f4xx_hal_dma_ex.o
LOAD ./Drivers/STM32F4xx_HAL_Driver/Src/stm32f4xx_hal_exti.o
LOAD ./Drivers/STM32F4xx_HAL_Driver/Src/stm32f4xx_hal_flash.o
LOAD ./Drivers/STM32F4xx_HAL_Driver/Src/stm32f4xx_hal_flash_ex.o
LOAD ./Drivers/STM32F4xx_HAL_Driver/Src/stm32f4xx_hal_flash_ramfunc.o
LOAD ./Drivers/STM32F4xx_HAL_Driver/Src/stm32f4xx_hal_gpio.o
LOAD ./Drivers/STM32F4xx_HAL_Driver/Src/stm32f4xx_hal_i2c.o
LOAD ./Drivers/STM32F4xx_HAL_Driver/Src/stm32f4xx_hal_i2c_ex.o
LOAD ./Drivers/STM32F4xx_HAL_Driver/Src/stm32f4xx_hal_i2s.o
LOAD ./Drivers/STM32F4xx_HAL_Driver/Src/stm32f4xx_hal_i2s_ex.o
LOAD ./Drivers/STM32F4xx_HAL_Driver/Src/stm32f4xx_hal_pcd.o
LOAD ./Drivers/STM32F4xx_HAL_Driver/Src/stm32f4xx_hal_pcd_ex.o
LOAD ./Drivers/STM32F4xx_HAL_Driver/Src/stm32f4xx_hal_pwr.o
LOAD ./Drivers/STM32F4xx_HAL_Driver/Src/stm32f4xx_hal_pwr_ex.o
LOAD ./Drivers/STM32F4xx_HAL_Driver/Src/stm32f4xx_hal_rcc.o
LOAD ./Drivers/STM32F4xx_HAL_Driver/Src/stm32f4xx_hal_rcc_ex.o
LOAD ./Drivers/STM32F4xx_HAL_Driver/Src/stm32f4xx_hal_spi.o
LOAD ./Drivers/STM32F4xx_HAL_Driver/Src/stm32f4xx_hal_tim.o
LOAD ./Drivers/STM32F4xx_HAL_Driver/Src/stm32f4xx_hal_tim_ex.o
LOAD ./Drivers/STM32F4xx_HAL_Driver/Src/stm32f4xx_ll_usb.o
LOAD ./Middlewares/ST/STM32_USB_Device_Library/Class/CDC/Src/usbd_cdc.o
LOAD ./Middlewares/ST/STM32_USB_Device_Library/Core/Src/usbd_core.o
LOAD ./Middlewares/ST/STM32_USB_Device_Library/Core/Src/usbd_ctlreq.o
LOAD ./Middlewares/ST/STM32_USB_Device_Library/Core/Src/usbd_ioreq.o
LOAD ./Middlewares/Third_Party/FreeRTOS/Source/CMSIS_RTOS_V2/cmsis_os2.o
LOAD ./Middlewares/Third_Party/FreeRTOS/Source/croutine.o
LOAD ./Middlewares/Third_Party/FreeRTOS/Source/event_groups.o
LOAD ./Middlewares/Third_Party/FreeRTOS/Source/list.o
LOAD ./Middlewares/Third_Party/FreeRTOS/Source/queue.o
LOAD ./Middlewares/Third_Party/FreeRTOS/Source/stream_buffer.o
LOAD ./Middlewares/Third_Party/FreeRTOS/Source/tasks.o
LOAD ./Middlewares/Third_Party/FreeRTOS/Source/timers.o
LOAD ./Middlewares/Third_Party/FreeRTOS/Source/portable/GCC/ARM_CM4F/port.o
LOAD ./Middlewares/Third_Party/FreeRTOS/Source/portable/MemMang/heap_4.o
LOAD ./USB_DEVICE/App/usb_device.o
LOAD ./USB_DEVICE/App/usbd_cdc_if.o
LOAD ./USB_DEVICE/App/usbd_desc.o
LOAD ./USB_DEVICE/Target/usbd_conf.o
START GROUP
LOAD C:/ST/STM32CubeIDE_1.16.1/STM32CubeIDE/plugins/com.st.stm32cube.ide.mcu.externaltools.gnu-tools-for-stm32.12.3.rel1.win32_1.0.200.202406191623/tools/bin/../lib/gcc/arm-none-eabi/12.3.1/../../../../arm-none-eabi/lib/thumb/v7e-m+fp/hard\libc_nano.a
LOAD C:/ST/STM32CubeIDE_1.16.1/STM32CubeIDE/plugins/com.st.stm32cube.ide.mcu.externaltools.gnu-tools-for-stm32.12.3.rel1.win32_1.0.200.202406191623/tools/bin/../lib/gcc/arm-none-eabi/12.3.1/../../../../arm-none-eabi/lib/thumb/v7e-m+fp/hard\libm.a
END GROUP
START GROUP
LOAD C:/ST/STM32CubeIDE_1.16.1/STM32CubeIDE/plugins/com.st.stm32cube.ide.mcu.externaltools.gnu-tools-for-stm32.12.3.rel1.win32_1.0.200.202406191623/tools/bin/../lib/gcc/arm-none-eabi/12.3.1/thumb/v7e-m+fp/hard\libgcc.a
LOAD C:/ST/STM32CubeIDE_1.16.1/STM32CubeIDE/plugins/com.st.stm32cube.ide.mcu.externaltools.gnu-tools-for-stm32.12.3.rel1.win32_1.0.200.202406191623/tools/bin/../lib/gcc/arm-none-eabi/12.3.1/../../../../arm-none-eabi/lib/thumb/v7e-m+fp/hard\libc_nano.a
END GROUP
START GROUP
LOAD C:/ST/STM32CubeIDE_1.16.1/STM32CubeIDE/plugins/com.st.stm32cube.ide.mcu.externaltools.gnu-tools-for-stm32.12.3.rel1.win32_1.0.200.202406191623/tools/bin/../lib/gcc/arm-none-eabi/12.3.1/thumb/v7e-m+fp/hard\libgcc.a
LOAD C:/ST/STM32CubeIDE_1.16.1/STM32CubeIDE/plugins/com.st.stm32cube.ide.mcu.externaltools.gnu-tools-for-stm32.12.3.rel1.win32_1.0.200.202406191623/tools/bin/../lib/gcc/arm-none-eabi/12.3.1/../../../../arm-none-eabi/lib/thumb/v7e-m+fp/hard\libc_nano.a
LOAD C:/ST/STM32CubeIDE_1.16.1/STM32CubeIDE/plugins/com.st.stm32cube.ide.mcu.externaltools.gnu-tools-for-stm32.12.3.rel1.win32_1.0.200.202406191623/tools/bin/../lib/gcc/arm-none-eabi/12.3.1/../../../../arm-none-eabi/lib/thumb/v7e-m+fp/hard\libnosys.a
END GROUP
START GROUP
LOAD C:/ST/STM32CubeIDE_1.16.1/STM32CubeIDE/plugins/com.st.stm32cube.ide.mcu.externaltools.gnu-tools-for-stm32.12.3.rel1.win32_1.0.200.202406191623/tools/bin/../lib/gcc/arm-none-eabi/12.3.1/thumb/v7e-m+fp/hard\libgcc.a
LOAD C:/ST/STM32CubeIDE_1.16.1/STM32CubeIDE/plugins/com.st.stm32cube.ide.mcu.externaltools.gnu-tools-for-stm32.12.3.rel1.win32_1.0.200.202406191623/tools/bin/../lib/gcc/arm-none-eabi/12.3.1/../../../../arm-none-eabi/lib/thumb/v7e-m+fp/hard\libc_nano.a
LOAD C:/ST/STM32CubeIDE_1.16.1/STM32CubeIDE/plugins/com.st.stm32cube.ide.mcu.externaltools.gnu-tools-for-stm32.12.3.rel1.win32_1.0.200.202406191623/tools/bin/../lib/gcc/arm-none-eabi/12.3.1/../../../../arm-none-eabi/lib/thumb/v7e-m+fp/hard\libnosys.a
END GROUP
LOAD C:/ST/STM32CubeIDE_1.16.1/STM32CubeIDE/plugins/com.st.stm32cube.ide.mcu.externaltools.gnu-tools-for-stm32.12.3.rel1.win32_1.0.200.202406191623/tools/bin/../lib/gcc/arm-none-eabi/12.3.1/thumb/v7e-m+fp/hard/crtend.o
LOAD C:/ST/STM32CubeIDE_1.16.1/STM32CubeIDE/plugins/com.st.stm32cube.ide.mcu.externaltools.gnu-tools-for-stm32.12.3.rel1.win32_1.0.200.202406191623/tools/bin/../lib/gcc/arm-none-eabi/12.3.1/thumb/v7e-m+fp/hard/crtn.o
                0x20020000                        _estack = (ORIGIN (RAM) + LENGTH (RAM))
                0x00000200                        _Min_Heap_Size = 0x200
                0x00000400                        _Min_Stack_Size = 0x400

.isr_vector     0x08000000      0x198
                0x08000000                        . = ALIGN (0x4)
 *(.isr_vector)
 .isr_vector    0x08000000      0x198 ./Core/Startup/startup_stm32f411vetx.o
                0x08000000                g_pfnVectors
                0x08000198                        . = ALIGN (0x4)

.text           0x080001a0     0xc53c
                0x080001a0                        . = ALIGN (0x4)
 *(.text)
 .text          0x080001a0       0x40 C:/ST/STM32CubeIDE_1.16.1/STM32CubeIDE/plugins/com.st.stm32cube.ide.mcu.externaltools.gnu-tools-for-stm32.12.3.rel1.win32_1.0.200.202406191623/tools/bin/../lib/gcc/arm-none-eabi/12.3.1/thumb/v7e-m+fp/hard/crtbegin.o
 .text          0x080001e0       0x30 C:/ST/STM32CubeIDE_1.16.1/STM32CubeIDE/plugins/com.st.stm32cube.ide.mcu.externaltools.gnu-tools-for-stm32.12.3.rel1.win32_1.0.200.202406191623/tools/bin/../lib/gcc/arm-none-eabi/12.3.1/thumb/v7e-m+fp/hard\libgcc.a(_aeabi_uldivmod.o)
                0x080001e0                __aeabi_uldivmod
 .text          0x08000210      0x2bc C:/ST/STM32CubeIDE_1.16.1/STM32CubeIDE/plugins/com.st.stm32cube.ide.mcu.externaltools.gnu-tools-for-stm32.12.3.rel1.win32_1.0.200.202406191623/tools/bin/../lib/gcc/arm-none-eabi/12.3.1/thumb/v7e-m+fp/hard\libgcc.a(_udivmoddi4.o)
                0x08000210                __udivmoddi4
 .text          0x080004cc        0x4 C:/ST/STM32CubeIDE_1.16.1/STM32CubeIDE/plugins/com.st.stm32cube.ide.mcu.externaltools.gnu-tools-for-stm32.12.3.rel1.win32_1.0.200.202406191623/tools/bin/../lib/gcc/arm-none-eabi/12.3.1/thumb/v7e-m+fp/hard\libgcc.a(_dvmd_tls.o)
                0x080004cc                __aeabi_idiv0
                0x080004cc                __aeabi_ldiv0
 *(.text*)
 .text.i2c1_pisiRegister
                0x080004d0       0x44 ./Core/Src/main.o
                0x080004d0                i2c1_pisiRegister
 .text.i2c1_beriRegistre
                0x08000514       0x5c ./Core/Src/main.o
                0x08000514                i2c1_beriRegistre
 .text.initAccelerometer
                0x08000570       0x1c ./Core/Src/main.o
                0x08000570                initAccelerometer
 .text.main     0x0800058c      0x10c ./Core/Src/main.o
                0x0800058c                main
 .text.SystemClock_Config
                0x08000698       0xd0 ./Core/Src/main.o
                0x08000698                SystemClock_Config
 .text.PeriphCommonClock_Config
                0x08000768       0x40 ./Core/Src/main.o
                0x08000768                PeriphCommonClock_Config
 .text.MX_I2C1_Init
                0x080007a8       0x60 ./Core/Src/main.o
 .text.MX_I2S2_Init
                0x08000808       0x5c ./Core/Src/main.o
 .text.MX_I2S3_Init
                0x08000864       0x60 ./Core/Src/main.o
 .text.MX_SPI1_Init
                0x080008c4       0x6c ./Core/Src/main.o
 .text.MX_GPIO_Init
                0x08000930      0x1b4 ./Core/Src/main.o
 .text.Opravilo_LED
                0x08000ae4       0x28 ./Core/Src/main.o
                0x08000ae4                Opravilo_LED
 .text.Opravilo_pospeskometer
                0x08000b0c      0x138 ./Core/Src/main.o
                0x08000b0c                Opravilo_pospeskometer
 .text.Opravilo_CDC_Receive
                0x08000c44       0x10 ./Core/Src/main.o
                0x08000c44                Opravilo_CDC_Receive
 .text.Opravilo_CDC_Transmit
                0x08000c54       0x38 ./Core/Src/main.o
                0x08000c54                Opravilo_CDC_Transmit
 .text.StartDefaultTask
                0x08000c8c       0x14 ./Core/Src/main.o
                0x08000c8c                StartDefaultTask
 .text.HAL_TIM_PeriodElapsedCallback
                0x08000ca0       0x1e ./Core/Src/main.o
                0x08000ca0                HAL_TIM_PeriodElapsedCallback
 .text.Error_Handler
                0x08000cbe        0xc ./Core/Src/main.o
                0x08000cbe                Error_Handler
 *fill*         0x08000cca        0x2 
 .text.HAL_MspInit
                0x08000ccc       0x58 ./Core/Src/stm32f4xx_hal_msp.o
                0x08000ccc                HAL_MspInit
 .text.HAL_I2C_MspInit
                0x08000d24       0x90 ./Core/Src/stm32f4xx_hal_msp.o
                0x08000d24                HAL_I2C_MspInit
 .text.HAL_I2S_MspInit
                0x08000db4      0x19c ./Core/Src/stm32f4xx_hal_msp.o
                0x08000db4                HAL_I2S_MspInit
 .text.HAL_SPI_MspInit
                0x08000f50       0x90 ./Core/Src/stm32f4xx_hal_msp.o
                0x08000f50                HAL_SPI_MspInit
 .text.HAL_InitTick
                0x08000fe0       0xf8 ./Core/Src/stm32f4xx_hal_timebase_tim.o
                0x08000fe0                HAL_InitTick
 .text.NMI_Handler
                0x080010d8        0x8 ./Core/Src/stm32f4xx_it.o
                0x080010d8                NMI_Handler
 .text.HardFault_Handler
                0x080010e0        0x8 ./Core/Src/stm32f4xx_it.o
                0x080010e0                HardFault_Handler
 .text.MemManage_Handler
                0x080010e8        0x8 ./Core/Src/stm32f4xx_it.o
                0x080010e8                MemManage_Handler
 .text.BusFault_Handler
                0x080010f0        0x8 ./Core/Src/stm32f4xx_it.o
                0x080010f0                BusFault_Handler
 .text.UsageFault_Handler
                0x080010f8        0x8 ./Core/Src/stm32f4xx_it.o
                0x080010f8                UsageFault_Handler
 .text.DebugMon_Handler
                0x08001100        0xe ./Core/Src/stm32f4xx_it.o
                0x08001100                DebugMon_Handler
 *fill*         0x0800110e        0x2 
 .text.TIM2_IRQHandler
                0x08001110       0x14 ./Core/Src/stm32f4xx_it.o
                0x08001110                TIM2_IRQHandler
 .text.OTG_FS_IRQHandler
                0x08001124       0x14 ./Core/Src/stm32f4xx_it.o
                0x08001124                OTG_FS_IRQHandler
 .text.SystemInit
                0x08001138       0x24 ./Core/Src/system_stm32f4xx.o
                0x08001138                SystemInit
 .text.Reset_Handler
                0x0800115c       0x50 ./Core/Startup/startup_stm32f411vetx.o
                0x0800115c                Reset_Handler
 .text.Default_Handler
                0x080011ac        0x2 ./Core/Startup/startup_stm32f411vetx.o
                0x080011ac                RTC_Alarm_IRQHandler
                0x080011ac                EXTI2_IRQHandler
                0x080011ac                SPI4_IRQHandler
                0x080011ac                TIM1_CC_IRQHandler
                0x080011ac                DMA2_Stream5_IRQHandler
                0x080011ac                DMA1_Stream5_IRQHandler
                0x080011ac                PVD_IRQHandler
                0x080011ac                SDIO_IRQHandler
                0x080011ac                TAMP_STAMP_IRQHandler
                0x080011ac                EXTI3_IRQHandler
                0x080011ac                TIM1_UP_TIM10_IRQHandler
                0x080011ac                I2C3_ER_IRQHandler
                0x080011ac                EXTI0_IRQHandler
                0x080011ac                I2C2_EV_IRQHandler
                0x080011ac                DMA1_Stream2_IRQHandler
                0x080011ac                FPU_IRQHandler
                0x080011ac                DMA2_Stream2_IRQHandler
                0x080011ac                SPI1_IRQHandler
                0x080011ac                TIM1_BRK_TIM9_IRQHandler
                0x080011ac                DMA2_Stream3_IRQHandler
                0x080011ac                USART6_IRQHandler
                0x080011ac                DMA2_Stream0_IRQHandler
                0x080011ac                TIM4_IRQHandler
                0x080011ac                I2C1_EV_IRQHandler
                0x080011ac                DMA1_Stream6_IRQHandler
                0x080011ac                DMA1_Stream1_IRQHandler
                0x080011ac                TIM3_IRQHandler
                0x080011ac                RCC_IRQHandler
                0x080011ac                Default_Handler
                0x080011ac                EXTI15_10_IRQHandler
                0x080011ac                ADC_IRQHandler
                0x080011ac                DMA1_Stream7_IRQHandler
                0x080011ac                SPI5_IRQHandler
                0x080011ac                TIM5_IRQHandler
                0x080011ac                DMA2_Stream7_IRQHandler
                0x080011ac                I2C3_EV_IRQHandler
                0x080011ac                EXTI9_5_IRQHandler
                0x080011ac                RTC_WKUP_IRQHandler
                0x080011ac                SPI2_IRQHandler
                0x080011ac                DMA1_Stream0_IRQHandler
                0x080011ac                EXTI4_IRQHandler
                0x080011ac                WWDG_IRQHandler
                0x080011ac                OTG_FS_WKUP_IRQHandler
                0x080011ac                TIM1_TRG_COM_TIM11_IRQHandler
                0x080011ac                EXTI1_IRQHandler
                0x080011ac                USART2_IRQHandler
                0x080011ac                I2C2_ER_IRQHandler
                0x080011ac                DMA2_Stream1_IRQHandler
                0x080011ac                FLASH_IRQHandler
                0x080011ac                DMA2_Stream4_IRQHandler
                0x080011ac                USART1_IRQHandler
                0x080011ac                SPI3_IRQHandler
                0x080011ac                DMA1_Stream4_IRQHandler
                0x080011ac                I2C1_ER_IRQHandler
                0x080011ac                DMA2_Stream6_IRQHandler
                0x080011ac                DMA1_Stream3_IRQHandler
 *fill*         0x080011ae        0x2 
 .text.HAL_Init
                0x080011b0       0x44 ./Drivers/STM32F4xx_HAL_Driver/Src/stm32f4xx_hal.o
                0x080011b0                HAL_Init
 .text.HAL_IncTick
                0x080011f4       0x28 ./Drivers/STM32F4xx_HAL_Driver/Src/stm32f4xx_hal.o
                0x080011f4                HAL_IncTick
 .text.HAL_GetTick
                0x0800121c       0x18 ./Drivers/STM32F4xx_HAL_Driver/Src/stm32f4xx_hal.o
                0x0800121c                HAL_GetTick
 .text.HAL_Delay
                0x08001234       0x48 ./Drivers/STM32F4xx_HAL_Driver/Src/stm32f4xx_hal.o
                0x08001234                HAL_Delay
 .text.__NVIC_SetPriorityGrouping
                0x0800127c       0x48 ./Drivers/STM32F4xx_HAL_Driver/Src/stm32f4xx_hal_cortex.o
 .text.__NVIC_GetPriorityGrouping
                0x080012c4       0x1c ./Drivers/STM32F4xx_HAL_Driver/Src/stm32f4xx_hal_cortex.o
 .text.__NVIC_EnableIRQ
                0x080012e0       0x3c ./Drivers/STM32F4xx_HAL_Driver/Src/stm32f4xx_hal_cortex.o
 .text.__NVIC_SetPriority
                0x0800131c       0x54 ./Drivers/STM32F4xx_HAL_Driver/Src/stm32f4xx_hal_cortex.o
 .text.NVIC_EncodePriority
                0x08001370       0x66 ./Drivers/STM32F4xx_HAL_Driver/Src/stm32f4xx_hal_cortex.o
 .text.HAL_NVIC_SetPriorityGrouping
                0x080013d6       0x16 ./Drivers/STM32F4xx_HAL_Driver/Src/stm32f4xx_hal_cortex.o
                0x080013d6                HAL_NVIC_SetPriorityGrouping
 .text.HAL_NVIC_SetPriority
                0x080013ec       0x38 ./Drivers/STM32F4xx_HAL_Driver/Src/stm32f4xx_hal_cortex.o
                0x080013ec                HAL_NVIC_SetPriority
 .text.HAL_NVIC_EnableIRQ
                0x08001424       0x1c ./Drivers/STM32F4xx_HAL_Driver/Src/stm32f4xx_hal_cortex.o
                0x08001424                HAL_NVIC_EnableIRQ
 .text.HAL_GPIO_Init
                0x08001440      0x308 ./Drivers/STM32F4xx_HAL_Driver/Src/stm32f4xx_hal_gpio.o
                0x08001440                HAL_GPIO_Init
 .text.HAL_GPIO_ReadPin
                0x08001748       0x30 ./Drivers/STM32F4xx_HAL_Driver/Src/stm32f4xx_hal_gpio.o
                0x08001748                HAL_GPIO_ReadPin
 .text.HAL_GPIO_WritePin
                0x08001778       0x32 ./Drivers/STM32F4xx_HAL_Driver/Src/stm32f4xx_hal_gpio.o
                0x08001778                HAL_GPIO_WritePin
 .text.HAL_GPIO_TogglePin
                0x080017aa       0x34 ./Drivers/STM32F4xx_HAL_Driver/Src/stm32f4xx_hal_gpio.o
                0x080017aa                HAL_GPIO_TogglePin
 *fill*         0x080017de        0x2 
 .text.HAL_I2C_Init
                0x080017e0      0x288 ./Drivers/STM32F4xx_HAL_Driver/Src/stm32f4xx_hal_i2c.o
                0x080017e0                HAL_I2C_Init
 .text.HAL_I2C_Mem_Write
                0x08001a68      0x1f4 ./Drivers/STM32F4xx_HAL_Driver/Src/stm32f4xx_hal_i2c.o
                0x08001a68                HAL_I2C_Mem_Write
 .text.HAL_I2C_Mem_Read
                0x08001c5c      0x464 ./Drivers/STM32F4xx_HAL_Driver/Src/stm32f4xx_hal_i2c.o
                0x08001c5c                HAL_I2C_Mem_Read
 .text.I2C_RequestMemoryWrite
                0x080020c0      0x12c ./Drivers/STM32F4xx_HAL_Driver/Src/stm32f4xx_hal_i2c.o
 .text.I2C_RequestMemoryRead
                0x080021ec      0x1d0 ./Drivers/STM32F4xx_HAL_Driver/Src/stm32f4xx_hal_i2c.o
 .text.I2C_WaitOnFlagUntilTimeout
                0x080023bc       0xf4 ./Drivers/STM32F4xx_HAL_Driver/Src/stm32f4xx_hal_i2c.o
 .text.I2C_WaitOnMasterAddressFlagUntilTimeout
                0x080024b0      0x140 ./Drivers/STM32F4xx_HAL_Driver/Src/stm32f4xx_hal_i2c.o
 .text.I2C_WaitOnTXEFlagUntilTimeout
                0x080025f0       0x90 ./Drivers/STM32F4xx_HAL_Driver/Src/stm32f4xx_hal_i2c.o
 .text.I2C_WaitOnBTFFlagUntilTimeout
                0x08002680       0x90 ./Drivers/STM32F4xx_HAL_Driver/Src/stm32f4xx_hal_i2c.o
 .text.I2C_WaitOnRXNEFlagUntilTimeout
                0x08002710       0xba ./Drivers/STM32F4xx_HAL_Driver/Src/stm32f4xx_hal_i2c.o
 .text.I2C_IsAcknowledgeFailed
                0x080027ca       0x5e ./Drivers/STM32F4xx_HAL_Driver/Src/stm32f4xx_hal_i2c.o
 .text.HAL_I2S_Init
                0x08002828      0x280 ./Drivers/STM32F4xx_HAL_Driver/Src/stm32f4xx_hal_i2s.o
                0x08002828                HAL_I2S_Init
 .text.HAL_I2S_TxCpltCallback
                0x08002aa8       0x14 ./Drivers/STM32F4xx_HAL_Driver/Src/stm32f4xx_hal_i2s.o
                0x08002aa8                HAL_I2S_TxCpltCallback
 .text.HAL_I2S_RxCpltCallback
                0x08002abc       0x14 ./Drivers/STM32F4xx_HAL_Driver/Src/stm32f4xx_hal_i2s.o
                0x08002abc                HAL_I2S_RxCpltCallback
 .text.HAL_I2S_ErrorCallback
                0x08002ad0       0x14 ./Drivers/STM32F4xx_HAL_Driver/Src/stm32f4xx_hal_i2s.o
                0x08002ad0                HAL_I2S_ErrorCallback
 .text.I2S_Transmit_IT
                0x08002ae4       0x5c ./Drivers/STM32F4xx_HAL_Driver/Src/stm32f4xx_hal_i2s.o
 .text.I2S_Receive_IT
                0x08002b40       0x5e ./Drivers/STM32F4xx_HAL_Driver/Src/stm32f4xx_hal_i2s.o
 .text.I2S_IRQHandler
                0x08002b9e      0x114 ./Drivers/STM32F4xx_HAL_Driver/Src/stm32f4xx_hal_i2s.o
 *fill*         0x08002cb2        0x2 
 .text.HAL_I2SEx_FullDuplex_IRQHandler
                0x08002cb4      0x2a8 ./Drivers/STM32F4xx_HAL_Driver/Src/stm32f4xx_hal_i2s_ex.o
                0x08002cb4                HAL_I2SEx_FullDuplex_IRQHandler
 .text.HAL_I2SEx_TxRxCpltCallback
                0x08002f5c       0x14 ./Drivers/STM32F4xx_HAL_Driver/Src/stm32f4xx_hal_i2s_ex.o
                0x08002f5c                HAL_I2SEx_TxRxCpltCallback
 .text.I2SEx_TxISR_I2S
                0x08002f70       0x62 ./Drivers/STM32F4xx_HAL_Driver/Src/stm32f4xx_hal_i2s_ex.o
 *fill*         0x08002fd2        0x2 
 .text.I2SEx_TxISR_I2SExt
                0x08002fd4       0x98 ./Drivers/STM32F4xx_HAL_Driver/Src/stm32f4xx_hal_i2s_ex.o
 .text.I2SEx_RxISR_I2S
                0x0800306c       0x64 ./Drivers/STM32F4xx_HAL_Driver/Src/stm32f4xx_hal_i2s_ex.o
 .text.I2SEx_RxISR_I2SExt
                0x080030d0       0x98 ./Drivers/STM32F4xx_HAL_Driver/Src/stm32f4xx_hal_i2s_ex.o
 .text.HAL_PCD_Init
                0x08003168      0x21e ./Drivers/STM32F4xx_HAL_Driver/Src/stm32f4xx_hal_pcd.o
                0x08003168                HAL_PCD_Init
 .text.HAL_PCD_Start
                0x08003386       0x6a ./Drivers/STM32F4xx_HAL_Driver/Src/stm32f4xx_hal_pcd.o
                0x08003386                HAL_PCD_Start
 .text.HAL_PCD_IRQHandler
                0x080033f0      0x942 ./Drivers/STM32F4xx_HAL_Driver/Src/stm32f4xx_hal_pcd.o
                0x080033f0                HAL_PCD_IRQHandler
 .text.HAL_PCD_SetAddress
                0x08003d32       0x48 ./Drivers/STM32F4xx_HAL_Driver/Src/stm32f4xx_hal_pcd.o
                0x08003d32                HAL_PCD_SetAddress
 .text.HAL_PCD_EP_Open
                0x08003d7a       0xd4 ./Drivers/STM32F4xx_HAL_Driver/Src/stm32f4xx_hal_pcd.o
                0x08003d7a                HAL_PCD_EP_Open
 .text.HAL_PCD_EP_Close
                0x08003e4e       0x94 ./Drivers/STM32F4xx_HAL_Driver/Src/stm32f4xx_hal_pcd.o
                0x08003e4e                HAL_PCD_EP_Close
 .text.HAL_PCD_EP_Receive
                0x08003ee2       0x76 ./Drivers/STM32F4xx_HAL_Driver/Src/stm32f4xx_hal_pcd.o
                0x08003ee2                HAL_PCD_EP_Receive
 .text.HAL_PCD_EP_GetRxCount
                0x08003f58       0x30 ./Drivers/STM32F4xx_HAL_Driver/Src/stm32f4xx_hal_pcd.o
                0x08003f58                HAL_PCD_EP_GetRxCount
 .text.HAL_PCD_EP_Transmit
                0x08003f88       0x74 ./Drivers/STM32F4xx_HAL_Driver/Src/stm32f4xx_hal_pcd.o
                0x08003f88                HAL_PCD_EP_Transmit
 .text.HAL_PCD_EP_SetStall
                0x08003ffc       0xc6 ./Drivers/STM32F4xx_HAL_Driver/Src/stm32f4xx_hal_pcd.o
                0x08003ffc                HAL_PCD_EP_SetStall
 .text.HAL_PCD_EP_ClrStall
                0x080040c2       0xac ./Drivers/STM32F4xx_HAL_Driver/Src/stm32f4xx_hal_pcd.o
                0x080040c2                HAL_PCD_EP_ClrStall
 .text.HAL_PCD_EP_Abort
                0x0800416e       0x62 ./Drivers/STM32F4xx_HAL_Driver/Src/stm32f4xx_hal_pcd.o
                0x0800416e                HAL_PCD_EP_Abort
 .text.PCD_WriteEmptyTxFifo
                0x080041d0      0x118 ./Drivers/STM32F4xx_HAL_Driver/Src/stm32f4xx_hal_pcd.o
 .text.PCD_EP_OutXfrComplete_int
                0x080042e8      0x1d0 ./Drivers/STM32F4xx_HAL_Driver/Src/stm32f4xx_hal_pcd.o
 .text.PCD_EP_OutSetupPacket_int
                0x080044b8       0x8c ./Drivers/STM32F4xx_HAL_Driver/Src/stm32f4xx_hal_pcd.o
 .text.HAL_PCDEx_SetTxFiFo
                0x08004544       0x8e ./Drivers/STM32F4xx_HAL_Driver/Src/stm32f4xx_hal_pcd_ex.o
                0x08004544                HAL_PCDEx_SetTxFiFo
 .text.HAL_PCDEx_SetRxFiFo
                0x080045d2       0x22 ./Drivers/STM32F4xx_HAL_Driver/Src/stm32f4xx_hal_pcd_ex.o
                0x080045d2                HAL_PCDEx_SetRxFiFo
 .text.HAL_PCDEx_LPM_Callback
                0x080045f4       0x18 ./Drivers/STM32F4xx_HAL_Driver/Src/stm32f4xx_hal_pcd_ex.o
                0x080045f4                HAL_PCDEx_LPM_Callback
 .text.HAL_RCC_OscConfig
                0x0800460c      0x4f0 ./Drivers/STM32F4xx_HAL_Driver/Src/stm32f4xx_hal_rcc.o
                0x0800460c                HAL_RCC_OscConfig
 .text.HAL_RCC_ClockConfig
                0x08004afc      0x1cc ./Drivers/STM32F4xx_HAL_Driver/Src/stm32f4xx_hal_rcc.o
                0x08004afc                HAL_RCC_ClockConfig
 .text.HAL_RCC_GetSysClockFreq
                0x08004cc8      0x20c ./Drivers/STM32F4xx_HAL_Driver/Src/stm32f4xx_hal_rcc.o
                0x08004cc8                HAL_RCC_GetSysClockFreq
 .text.HAL_RCC_GetHCLKFreq
                0x08004ed4       0x18 ./Drivers/STM32F4xx_HAL_Driver/Src/stm32f4xx_hal_rcc.o
                0x08004ed4                HAL_RCC_GetHCLKFreq
 .text.HAL_RCC_GetPCLK1Freq
                0x08004eec       0x28 ./Drivers/STM32F4xx_HAL_Driver/Src/stm32f4xx_hal_rcc.o
                0x08004eec                HAL_RCC_GetPCLK1Freq
 .text.HAL_RCC_GetClockConfig
                0x08004f14       0x64 ./Drivers/STM32F4xx_HAL_Driver/Src/stm32f4xx_hal_rcc.o
                0x08004f14                HAL_RCC_GetClockConfig
 .text.HAL_RCCEx_PeriphCLKConfig
                0x08004f78      0x1e0 ./Drivers/STM32F4xx_HAL_Driver/Src/stm32f4xx_hal_rcc_ex.o
                0x08004f78                HAL_RCCEx_PeriphCLKConfig
 .text.HAL_RCCEx_GetPeriphCLKFreq
                0x08005158       0xc4 ./Drivers/STM32F4xx_HAL_Driver/Src/stm32f4xx_hal_rcc_ex.o
                0x08005158                HAL_RCCEx_GetPeriphCLKFreq
 .text.HAL_SPI_Init
                0x0800521c      0x112 ./Drivers/STM32F4xx_HAL_Driver/Src/stm32f4xx_hal_spi.o
                0x0800521c                HAL_SPI_Init
 .text.HAL_TIM_Base_Init
                0x0800532e       0x9e ./Drivers/STM32F4xx_HAL_Driver/Src/stm32f4xx_hal_tim.o
                0x0800532e                HAL_TIM_Base_Init
 .text.HAL_TIM_Base_MspInit
                0x080053cc       0x14 ./Drivers/STM32F4xx_HAL_Driver/Src/stm32f4xx_hal_tim.o
                0x080053cc                HAL_TIM_Base_MspInit
 .text.HAL_TIM_Base_Start_IT
                0x080053e0       0xc4 ./Drivers/STM32F4xx_HAL_Driver/Src/stm32f4xx_hal_tim.o
                0x080053e0                HAL_TIM_Base_Start_IT
 .text.HAL_TIM_IRQHandler
                0x080054a4      0x1e0 ./Drivers/STM32F4xx_HAL_Driver/Src/stm32f4xx_hal_tim.o
                0x080054a4                HAL_TIM_IRQHandler
 .text.HAL_TIM_OC_DelayElapsedCallback
                0x08005684       0x14 ./Drivers/STM32F4xx_HAL_Driver/Src/stm32f4xx_hal_tim.o
                0x08005684                HAL_TIM_OC_DelayElapsedCallback
 .text.HAL_TIM_IC_CaptureCallback
                0x08005698       0x14 ./Drivers/STM32F4xx_HAL_Driver/Src/stm32f4xx_hal_tim.o
                0x08005698                HAL_TIM_IC_CaptureCallback
 .text.HAL_TIM_PWM_PulseFinishedCallback
                0x080056ac       0x14 ./Drivers/STM32F4xx_HAL_Driver/Src/stm32f4xx_hal_tim.o
                0x080056ac                HAL_TIM_PWM_PulseFinishedCallback
 .text.HAL_TIM_TriggerCallback
                0x080056c0       0x14 ./Drivers/STM32F4xx_HAL_Driver/Src/stm32f4xx_hal_tim.o
                0x080056c0                HAL_TIM_TriggerCallback
 .text.TIM_Base_SetConfig
                0x080056d4      0x118 ./Drivers/STM32F4xx_HAL_Driver/Src/stm32f4xx_hal_tim.o
                0x080056d4                TIM_Base_SetConfig
 .text.HAL_TIMEx_CommutCallback
                0x080057ec       0x14 ./Drivers/STM32F4xx_HAL_Driver/Src/stm32f4xx_hal_tim_ex.o
                0x080057ec                HAL_TIMEx_CommutCallback
 .text.HAL_TIMEx_BreakCallback
                0x08005800       0x14 ./Drivers/STM32F4xx_HAL_Driver/Src/stm32f4xx_hal_tim_ex.o
                0x08005800                HAL_TIMEx_BreakCallback
 .text.USB_CoreInit
                0x08005814       0xc8 ./Drivers/STM32F4xx_HAL_Driver/Src/stm32f4xx_ll_usb.o
                0x08005814                USB_CoreInit
 .text.USB_SetTurnaroundTime
                0x080058dc      0x144 ./Drivers/STM32F4xx_HAL_Driver/Src/stm32f4xx_ll_usb.o
                0x080058dc                USB_SetTurnaroundTime
 .text.USB_EnableGlobalInt
                0x08005a20       0x22 ./Drivers/STM32F4xx_HAL_Driver/Src/stm32f4xx_ll_usb.o
                0x08005a20                USB_EnableGlobalInt
 .text.USB_DisableGlobalInt
                0x08005a42       0x22 ./Drivers/STM32F4xx_HAL_Driver/Src/stm32f4xx_ll_usb.o
                0x08005a42                USB_DisableGlobalInt
 .text.USB_SetCurrentMode
                0x08005a64       0x98 ./Drivers/STM32F4xx_HAL_Driver/Src/stm32f4xx_ll_usb.o
                0x08005a64                USB_SetCurrentMode
 .text.USB_DevInit
                0x08005afc      0x2c8 ./Drivers/STM32F4xx_HAL_Driver/Src/stm32f4xx_ll_usb.o
                0x08005afc                USB_DevInit
 .text.USB_FlushTxFifo
                0x08005dc4       0x64 ./Drivers/STM32F4xx_HAL_Driver/Src/stm32f4xx_ll_usb.o
                0x08005dc4                USB_FlushTxFifo
 .text.USB_FlushRxFifo
                0x08005e28       0x5c ./Drivers/STM32F4xx_HAL_Driver/Src/stm32f4xx_ll_usb.o
                0x08005e28                USB_FlushRxFifo
 .text.USB_SetDevSpeed
                0x08005e84       0x32 ./Drivers/STM32F4xx_HAL_Driver/Src/stm32f4xx_ll_usb.o
                0x08005e84                USB_SetDevSpeed
 .text.USB_GetDevSpeed
                0x08005eb6       0x4a ./Drivers/STM32F4xx_HAL_Driver/Src/stm32f4xx_ll_usb.o
                0x08005eb6                USB_GetDevSpeed
 .text.USB_ActivateEndpoint
                0x08005f00      0x10e ./Drivers/STM32F4xx_HAL_Driver/Src/stm32f4xx_ll_usb.o
                0x08005f00                USB_ActivateEndpoint
 *fill*         0x0800600e        0x2 
 .text.USB_DeactivateEndpoint
                0x08006010      0x1b8 ./Drivers/STM32F4xx_HAL_Driver/Src/stm32f4xx_ll_usb.o
                0x08006010                USB_DeactivateEndpoint
 .text.USB_EPStartXfer
                0x080061c8      0x53c ./Drivers/STM32F4xx_HAL_Driver/Src/stm32f4xx_ll_usb.o
                0x080061c8                USB_EPStartXfer
 .text.USB_EPStopXfer
                0x08006704      0x154 ./Drivers/STM32F4xx_HAL_Driver/Src/stm32f4xx_ll_usb.o
                0x08006704                USB_EPStopXfer
 .text.USB_WritePacket
                0x08006858       0x7c ./Drivers/STM32F4xx_HAL_Driver/Src/stm32f4xx_ll_usb.o
                0x08006858                USB_WritePacket
 .text.USB_ReadPacket
                0x080068d4       0xb0 ./Drivers/STM32F4xx_HAL_Driver/Src/stm32f4xx_ll_usb.o
                0x080068d4                USB_ReadPacket
 .text.USB_EPSetStall
                0x08006984       0xdc ./Drivers/STM32F4xx_HAL_Driver/Src/stm32f4xx_ll_usb.o
                0x08006984                USB_EPSetStall
 .text.USB_EPClearStall
                0x08006a60       0xcc ./Drivers/STM32F4xx_HAL_Driver/Src/stm32f4xx_ll_usb.o
                0x08006a60                USB_EPClearStall
 .text.USB_SetDevAddress
                0x08006b2c       0x4c ./Drivers/STM32F4xx_HAL_Driver/Src/stm32f4xx_ll_usb.o
                0x08006b2c                USB_SetDevAddress
 .text.USB_DevConnect
                0x08006b78       0x42 ./Drivers/STM32F4xx_HAL_Driver/Src/stm32f4xx_ll_usb.o
                0x08006b78                USB_DevConnect
 .text.USB_DevDisconnect
                0x08006bba       0x42 ./Drivers/STM32F4xx_HAL_Driver/Src/stm32f4xx_ll_usb.o
                0x08006bba                USB_DevDisconnect
 .text.USB_ReadInterrupts
                0x08006bfc       0x26 ./Drivers/STM32F4xx_HAL_Driver/Src/stm32f4xx_ll_usb.o
                0x08006bfc                USB_ReadInterrupts
 .text.USB_ReadDevAllOutEpInterrupt
                0x08006c22       0x34 ./Drivers/STM32F4xx_HAL_Driver/Src/stm32f4xx_ll_usb.o
                0x08006c22                USB_ReadDevAllOutEpInterrupt
 .text.USB_ReadDevAllInEpInterrupt
                0x08006c56       0x34 ./Drivers/STM32F4xx_HAL_Driver/Src/stm32f4xx_ll_usb.o
                0x08006c56                USB_ReadDevAllInEpInterrupt
 .text.USB_ReadDevOutEPInterrupt
                0x08006c8a       0x3c ./Drivers/STM32F4xx_HAL_Driver/Src/stm32f4xx_ll_usb.o
                0x08006c8a                USB_ReadDevOutEPInterrupt
 .text.USB_ReadDevInEPInterrupt
                0x08006cc6       0x5c ./Drivers/STM32F4xx_HAL_Driver/Src/stm32f4xx_ll_usb.o
                0x08006cc6                USB_ReadDevInEPInterrupt
 .text.USB_GetMode
                0x08006d22       0x1c ./Drivers/STM32F4xx_HAL_Driver/Src/stm32f4xx_ll_usb.o
                0x08006d22                USB_GetMode
 .text.USB_ActivateSetup
                0x08006d3e       0x46 ./Drivers/STM32F4xx_HAL_Driver/Src/stm32f4xx_ll_usb.o
                0x08006d3e                USB_ActivateSetup
 .text.USB_EP0_OutStart
                0x08006d84       0xbc ./Drivers/STM32F4xx_HAL_Driver/Src/stm32f4xx_ll_usb.o
                0x08006d84                USB_EP0_OutStart
 .text.USB_CoreReset
                0x08006e40       0x62 ./Drivers/STM32F4xx_HAL_Driver/Src/stm32f4xx_ll_usb.o
 *fill*         0x08006ea2        0x2 
 .text.USBD_CDC_Init
                0x08006ea4      0x1f0 ./Middlewares/ST/STM32_USB_Device_Library/Class/CDC/Src/usbd_cdc.o
 .text.USBD_CDC_DeInit
                0x08007094      0x104 ./Middlewares/ST/STM32_USB_Device_Library/Class/CDC/Src/usbd_cdc.o
 .text.USBD_CDC_Setup
                0x08007198      0x1b8 ./Middlewares/ST/STM32_USB_Device_Library/Class/CDC/Src/usbd_cdc.o
 .text.USBD_CDC_DataIn
                0x08007350       0xfe ./Middlewares/ST/STM32_USB_Device_Library/Class/CDC/Src/usbd_cdc.o
 .text.USBD_CDC_DataOut
                0x0800744e       0x70 ./Middlewares/ST/STM32_USB_Device_Library/Class/CDC/Src/usbd_cdc.o
 .text.USBD_CDC_EP0_RxReady
                0x080074be       0x74 ./Middlewares/ST/STM32_USB_Device_Library/Class/CDC/Src/usbd_cdc.o
 *fill*         0x08007532        0x2 
 .text.USBD_CDC_GetFSCfgDesc
                0x08007534       0x70 ./Middlewares/ST/STM32_USB_Device_Library/Class/CDC/Src/usbd_cdc.o
 .text.USBD_CDC_GetHSCfgDesc
                0x080075a4       0x70 ./Middlewares/ST/STM32_USB_Device_Library/Class/CDC/Src/usbd_cdc.o
 .text.USBD_CDC_GetOtherSpeedCfgDesc
                0x08007614       0x70 ./Middlewares/ST/STM32_USB_Device_Library/Class/CDC/Src/usbd_cdc.o
 .text.USBD_CDC_GetDeviceQualifierDescriptor
                0x08007684       0x20 ./Middlewares/ST/STM32_USB_Device_Library/Class/CDC/Src/usbd_cdc.o
                0x08007684                USBD_CDC_GetDeviceQualifierDescriptor
 .text.USBD_CDC_RegisterInterface
                0x080076a4       0x34 ./Middlewares/ST/STM32_USB_Device_Library/Class/CDC/Src/usbd_cdc.o
                0x080076a4                USBD_CDC_RegisterInterface
 .text.USBD_CDC_SetTxBuffer
                0x080076d8       0x44 ./Middlewares/ST/STM32_USB_Device_Library/Class/CDC/Src/usbd_cdc.o
                0x080076d8                USBD_CDC_SetTxBuffer
 .text.USBD_CDC_SetRxBuffer
                0x0800771c       0x3a ./Middlewares/ST/STM32_USB_Device_Library/Class/CDC/Src/usbd_cdc.o
                0x0800771c                USBD_CDC_SetRxBuffer
 *fill*         0x08007756        0x2 
 .text.USBD_CDC_TransmitPacket
                0x08007758       0x80 ./Middlewares/ST/STM32_USB_Device_Library/Class/CDC/Src/usbd_cdc.o
                0x08007758                USBD_CDC_TransmitPacket
 .text.USBD_CDC_ReceivePacket
                0x080077d8       0x6c ./Middlewares/ST/STM32_USB_Device_Library/Class/CDC/Src/usbd_cdc.o
                0x080077d8                USBD_CDC_ReceivePacket
 .text.USBD_Init
                0x08007844       0x60 ./Middlewares/ST/STM32_USB_Device_Library/Core/Src/usbd_core.o
                0x08007844                USBD_Init
 .text.USBD_RegisterClass
                0x080078a4       0x6c ./Middlewares/ST/STM32_USB_Device_Library/Core/Src/usbd_core.o
                0x080078a4                USBD_RegisterClass
 .text.USBD_Start
                0x08007910       0x18 ./Middlewares/ST/STM32_USB_Device_Library/Core/Src/usbd_core.o
                0x08007910                USBD_Start
 .text.USBD_RunTestMode
                0x08007928       0x16 ./Middlewares/ST/STM32_USB_Device_Library/Core/Src/usbd_core.o
                0x08007928                USBD_RunTestMode
 .text.USBD_SetClassConfig
                0x0800793e       0x38 ./Middlewares/ST/STM32_USB_Device_Library/Core/Src/usbd_core.o
                0x0800793e                USBD_SetClassConfig
 .text.USBD_ClrClassConfig
                0x08007976       0x34 ./Middlewares/ST/STM32_USB_Device_Library/Core/Src/usbd_core.o
                0x08007976                USBD_ClrClassConfig
 .text.USBD_LL_SetupStage
                0x080079aa       0xaa ./Middlewares/ST/STM32_USB_Device_Library/Core/Src/usbd_core.o
                0x080079aa                USBD_LL_SetupStage
 .text.USBD_LL_DataOutStage
                0x08007a54      0x166 ./Middlewares/ST/STM32_USB_Device_Library/Core/Src/usbd_core.o
                0x08007a54                USBD_LL_DataOutStage
 .text.USBD_LL_DataInStage
                0x08007bba      0x164 ./Middlewares/ST/STM32_USB_Device_Library/Core/Src/usbd_core.o
                0x08007bba                USBD_LL_DataInStage
 .text.USBD_LL_Reset
                0x08007d1e       0xa4 ./Middlewares/ST/STM32_USB_Device_Library/Core/Src/usbd_core.o
                0x08007d1e                USBD_LL_Reset
 .text.USBD_LL_SetSpeed
                0x08007dc2       0x20 ./Middlewares/ST/STM32_USB_Device_Library/Core/Src/usbd_core.o
                0x08007dc2                USBD_LL_SetSpeed
 .text.USBD_LL_Suspend
                0x08007de2       0x38 ./Middlewares/ST/STM32_USB_Device_Library/Core/Src/usbd_core.o
                0x08007de2                USBD_LL_Suspend
 .text.USBD_LL_Resume
                0x08007e1a       0x30 ./Middlewares/ST/STM32_USB_Device_Library/Core/Src/usbd_core.o
                0x08007e1a                USBD_LL_Resume
 .text.USBD_LL_SOF
                0x08007e4a       0x40 ./Middlewares/ST/STM32_USB_Device_Library/Core/Src/usbd_core.o
                0x08007e4a                USBD_LL_SOF
 .text.USBD_LL_IsoINIncomplete
                0x08007e8a       0x64 ./Middlewares/ST/STM32_USB_Device_Library/Core/Src/usbd_core.o
                0x08007e8a                USBD_LL_IsoINIncomplete
 .text.USBD_LL_IsoOUTIncomplete
                0x08007eee       0x64 ./Middlewares/ST/STM32_USB_Device_Library/Core/Src/usbd_core.o
                0x08007eee                USBD_LL_IsoOUTIncomplete
 .text.USBD_LL_DevConnected
                0x08007f52       0x16 ./Middlewares/ST/STM32_USB_Device_Library/Core/Src/usbd_core.o
                0x08007f52                USBD_LL_DevConnected
 .text.USBD_LL_DevDisconnected
                0x08007f68       0x46 ./Middlewares/ST/STM32_USB_Device_Library/Core/Src/usbd_core.o
                0x08007f68                USBD_LL_DevDisconnected
 .text.USBD_CoreFindIF
                0x08007fae       0x1a ./Middlewares/ST/STM32_USB_Device_Library/Core/Src/usbd_core.o
                0x08007fae                USBD_CoreFindIF
 .text.USBD_CoreFindEP
                0x08007fc8       0x1a ./Middlewares/ST/STM32_USB_Device_Library/Core/Src/usbd_core.o
                0x08007fc8                USBD_CoreFindEP
 .text.USBD_GetEpDesc
                0x08007fe2       0x70 ./Middlewares/ST/STM32_USB_Device_Library/Core/Src/usbd_core.o
                0x08007fe2                USBD_GetEpDesc
 .text.USBD_GetNextDesc
                0x08008052       0x38 ./Middlewares/ST/STM32_USB_Device_Library/Core/Src/usbd_core.o
                0x08008052                USBD_GetNextDesc
 .text.SWAPBYTE
                0x0800808a       0x3c ./Middlewares/ST/STM32_USB_Device_Library/Core/Src/usbd_ctlreq.o
 *fill*         0x080080c6        0x2 
 .text.USBD_StdDevReq
                0x080080c8       0xe4 ./Middlewares/ST/STM32_USB_Device_Library/Core/Src/usbd_ctlreq.o
                0x080080c8                USBD_StdDevReq
 .text.USBD_StdItfReq
                0x080081ac       0xd8 ./Middlewares/ST/STM32_USB_Device_Library/Core/Src/usbd_ctlreq.o
                0x080081ac                USBD_StdItfReq
 .text.USBD_StdEPReq
                0x08008284      0x33a ./Middlewares/ST/STM32_USB_Device_Library/Core/Src/usbd_ctlreq.o
                0x08008284                USBD_StdEPReq
 *fill*         0x080085be        0x2 
 .text.USBD_GetDescriptor
                0x080085c0      0x2d4 ./Middlewares/ST/STM32_USB_Device_Library/Core/Src/usbd_ctlreq.o
 .text.USBD_SetAddress
                0x08008894       0x88 ./Middlewares/ST/STM32_USB_Device_Library/Core/Src/usbd_ctlreq.o
 .text.USBD_SetConfig
                0x0800891c      0x154 ./Middlewares/ST/STM32_USB_Device_Library/Core/Src/usbd_ctlreq.o
 .text.USBD_GetConfig
                0x08008a70       0x6c ./Middlewares/ST/STM32_USB_Device_Library/Core/Src/usbd_ctlreq.o
 .text.USBD_GetStatus
                0x08008adc       0x68 ./Middlewares/ST/STM32_USB_Device_Library/Core/Src/usbd_ctlreq.o
 .text.USBD_SetFeature
                0x08008b44       0x52 ./Middlewares/ST/STM32_USB_Device_Library/Core/Src/usbd_ctlreq.o
 .text.USBD_ClrFeature
                0x08008b96       0x44 ./Middlewares/ST/STM32_USB_Device_Library/Core/Src/usbd_ctlreq.o
 .text.USBD_ParseSetupRequest
                0x08008bda       0x74 ./Middlewares/ST/STM32_USB_Device_Library/Core/Src/usbd_ctlreq.o
                0x08008bda                USBD_ParseSetupRequest
 .text.USBD_CtlError
                0x08008c4e       0x22 ./Middlewares/ST/STM32_USB_Device_Library/Core/Src/usbd_ctlreq.o
                0x08008c4e                USBD_CtlError
 .text.USBD_GetString
                0x08008c70       0xa4 ./Middlewares/ST/STM32_USB_Device_Library/Core/Src/usbd_ctlreq.o
                0x08008c70                USBD_GetString
 .text.USBD_GetLen
                0x08008d14       0x34 ./Middlewares/ST/STM32_USB_Device_Library/Core/Src/usbd_ctlreq.o
 .text.USBD_CtlSendData
                0x08008d48       0x36 ./Middlewares/ST/STM32_USB_Device_Library/Core/Src/usbd_ioreq.o
                0x08008d48                USBD_CtlSendData
 .text.USBD_CtlContinueSendData
                0x08008d7e       0x22 ./Middlewares/ST/STM32_USB_Device_Library/Core/Src/usbd_ioreq.o
                0x08008d7e                USBD_CtlContinueSendData
 .text.USBD_CtlPrepareRx
                0x08008da0       0x3a ./Middlewares/ST/STM32_USB_Device_Library/Core/Src/usbd_ioreq.o
                0x08008da0                USBD_CtlPrepareRx
 .text.USBD_CtlContinueRx
                0x08008dda       0x22 ./Middlewares/ST/STM32_USB_Device_Library/Core/Src/usbd_ioreq.o
                0x08008dda                USBD_CtlContinueRx
 .text.USBD_CtlSendStatus
                0x08008dfc       0x26 ./Middlewares/ST/STM32_USB_Device_Library/Core/Src/usbd_ioreq.o
                0x08008dfc                USBD_CtlSendStatus
 .text.USBD_CtlReceiveStatus
                0x08008e22       0x26 ./Middlewares/ST/STM32_USB_Device_Library/Core/Src/usbd_ioreq.o
                0x08008e22                USBD_CtlReceiveStatus
 .text.__NVIC_SetPriority
                0x08008e48       0x54 ./Middlewares/Third_Party/FreeRTOS/Source/CMSIS_RTOS_V2/cmsis_os2.o
 .text.SysTick_Handler
                0x08008e9c       0x20 ./Middlewares/Third_Party/FreeRTOS/Source/CMSIS_RTOS_V2/cmsis_os2.o
                0x08008e9c                SysTick_Handler
 .text.SVC_Setup
                0x08008ebc       0x12 ./Middlewares/Third_Party/FreeRTOS/Source/CMSIS_RTOS_V2/cmsis_os2.o
 *fill*         0x08008ece        0x2 
 .text.osKernelInitialize
                0x08008ed0       0x48 ./Middlewares/Third_Party/FreeRTOS/Source/CMSIS_RTOS_V2/cmsis_os2.o
                0x08008ed0                osKernelInitialize
 .text.osKernelStart
                0x08008f18       0x4c ./Middlewares/Third_Party/FreeRTOS/Source/CMSIS_RTOS_V2/cmsis_os2.o
                0x08008f18                osKernelStart
 .text.osThreadNew
                0x08008f64      0x124 ./Middlewares/Third_Party/FreeRTOS/Source/CMSIS_RTOS_V2/cmsis_os2.o
                0x08008f64                osThreadNew
 .text.osDelay  0x08009088       0x36 ./Middlewares/Third_Party/FreeRTOS/Source/CMSIS_RTOS_V2/cmsis_os2.o
                0x08009088                osDelay
 *fill*         0x080090be        0x2 
 .text.vApplicationGetIdleTaskMemory
                0x080090c0       0x34 ./Middlewares/Third_Party/FreeRTOS/Source/CMSIS_RTOS_V2/cmsis_os2.o
                0x080090c0                vApplicationGetIdleTaskMemory
 .text.vApplicationGetTimerTaskMemory
                0x080090f4       0x34 ./Middlewares/Third_Party/FreeRTOS/Source/CMSIS_RTOS_V2/cmsis_os2.o
                0x080090f4                vApplicationGetTimerTaskMemory
 .text.vListInitialise
                0x08009128       0x40 ./Middlewares/Third_Party/FreeRTOS/Source/list.o
                0x08009128                vListInitialise
 .text.vListInitialiseItem
                0x08009168       0x1a ./Middlewares/Third_Party/FreeRTOS/Source/list.o
                0x08009168                vListInitialiseItem
 .text.vListInsertEnd
                0x08009182       0x48 ./Middlewares/Third_Party/FreeRTOS/Source/list.o
                0x08009182                vListInsertEnd
 .text.vListInsert
                0x080091ca       0x72 ./Middlewares/Third_Party/FreeRTOS/Source/list.o
                0x080091ca                vListInsert
 .text.uxListRemove
                0x0800923c       0x54 ./Middlewares/Third_Party/FreeRTOS/Source/list.o
                0x0800923c                uxListRemove
 .text.xQueueGenericReset
                0x08009290       0xd4 ./Middlewares/Third_Party/FreeRTOS/Source/queue.o
                0x08009290                xQueueGenericReset
 .text.xQueueGenericCreateStatic
                0x08009364       0xfa ./Middlewares/Third_Party/FreeRTOS/Source/queue.o
                0x08009364                xQueueGenericCreateStatic
 .text.xQueueGenericCreate
                0x0800945e       0x76 ./Middlewares/Third_Party/FreeRTOS/Source/queue.o
                0x0800945e                xQueueGenericCreate
 .text.prvInitialiseNewQueue
                0x080094d4       0x46 ./Middlewares/Third_Party/FreeRTOS/Source/queue.o
 *fill*         0x0800951a        0x2 
 .text.xQueueGenericSend
                0x0800951c      0x204 ./Middlewares/Third_Party/FreeRTOS/Source/queue.o
                0x0800951c                xQueueGenericSend
 .text.xQueueGenericSendFromISR
                0x08009720      0x13c ./Middlewares/Third_Party/FreeRTOS/Source/queue.o
                0x08009720                xQueueGenericSendFromISR
 .text.xQueueReceive
                0x0800985c      0x1c4 ./Middlewares/Third_Party/FreeRTOS/Source/queue.o
                0x0800985c                xQueueReceive
 .text.prvCopyDataToQueue
                0x08009a20       0xd4 ./Middlewares/Third_Party/FreeRTOS/Source/queue.o
 .text.prvCopyDataFromQueue
                0x08009af4       0x4c ./Middlewares/Third_Party/FreeRTOS/Source/queue.o
 .text.prvUnlockQueue
                0x08009b40       0xa4 ./Middlewares/Third_Party/FreeRTOS/Source/queue.o
 .text.prvIsQueueEmpty
                0x08009be4       0x2c ./Middlewares/Third_Party/FreeRTOS/Source/queue.o
 .text.prvIsQueueFull
                0x08009c10       0x30 ./Middlewares/Third_Party/FreeRTOS/Source/queue.o
 .text.vQueueAddToRegistry
                0x08009c40       0x54 ./Middlewares/Third_Party/FreeRTOS/Source/queue.o
                0x08009c40                vQueueAddToRegistry
 .text.vQueueWaitForMessageRestricted
                0x08009c94       0x68 ./Middlewares/Third_Party/FreeRTOS/Source/queue.o
                0x08009c94                vQueueWaitForMessageRestricted
 .text.xTaskCreateStatic
                0x08009cfc       0xc0 ./Middlewares/Third_Party/FreeRTOS/Source/tasks.o
                0x08009cfc                xTaskCreateStatic
 .text.xTaskCreate
                0x08009dbc       0x8a ./Middlewares/Third_Party/FreeRTOS/Source/tasks.o
                0x08009dbc                xTaskCreate
 *fill*         0x08009e46        0x2 
 .text.prvInitialiseNewTask
                0x08009e48      0x150 ./Middlewares/Third_Party/FreeRTOS/Source/tasks.o
 .text.prvAddNewTaskToReadyList
                0x08009f98       0xe0 ./Middlewares/Third_Party/FreeRTOS/Source/tasks.o
 .text.vTaskDelay
                0x0800a078       0x6c ./Middlewares/Third_Party/FreeRTOS/Source/tasks.o
                0x0800a078                vTaskDelay
 .text.vTaskStartScheduler
                0x0800a0e4       0xe0 ./Middlewares/Third_Party/FreeRTOS/Source/tasks.o
                0x0800a0e4                vTaskStartScheduler
 .text.vTaskSuspendAll
                0x0800a1c4       0x1c ./Middlewares/Third_Party/FreeRTOS/Source/tasks.o
                0x0800a1c4                vTaskSuspendAll
 .text.xTaskResumeAll
                0x0800a1e0      0x13c ./Middlewares/Third_Party/FreeRTOS/Source/tasks.o
                0x0800a1e0                xTaskResumeAll
 .text.xTaskGetTickCount
                0x0800a31c       0x20 ./Middlewares/Third_Party/FreeRTOS/Source/tasks.o
                0x0800a31c                xTaskGetTickCount
 .text.xTaskIncrementTick
                0x0800a33c      0x174 ./Middlewares/Third_Party/FreeRTOS/Source/tasks.o
                0x0800a33c                xTaskIncrementTick
 .text.vTaskSwitchContext
                0x0800a4b0       0xcc ./Middlewares/Third_Party/FreeRTOS/Source/tasks.o
                0x0800a4b0                vTaskSwitchContext
 .text.vTaskPlaceOnEventList
                0x0800a57c       0x4c ./Middlewares/Third_Party/FreeRTOS/Source/tasks.o
                0x0800a57c                vTaskPlaceOnEventList
 .text.vTaskPlaceOnEventListRestricted
                0x0800a5c8       0x58 ./Middlewares/Third_Party/FreeRTOS/Source/tasks.o
                0x0800a5c8                vTaskPlaceOnEventListRestricted
 .text.xTaskRemoveFromEventList
                0x0800a620       0xc8 ./Middlewares/Third_Party/FreeRTOS/Source/tasks.o
                0x0800a620                xTaskRemoveFromEventList
 .text.vTaskInternalSetTimeOutState
                0x0800a6e8       0x2c ./Middlewares/Third_Party/FreeRTOS/Source/tasks.o
                0x0800a6e8                vTaskInternalSetTimeOutState
 .text.xTaskCheckForTimeOut
                0x0800a714       0xc8 ./Middlewares/Third_Party/FreeRTOS/Source/tasks.o
                0x0800a714                xTaskCheckForTimeOut
 .text.vTaskMissedYield
                0x0800a7dc       0x18 ./Middlewares/Third_Party/FreeRTOS/Source/tasks.o
                0x0800a7dc                vTaskMissedYield
 .text.prvIdleTask
                0x0800a7f4       0x30 ./Middlewares/Third_Party/FreeRTOS/Source/tasks.o
 .text.prvInitialiseTaskLists
                0x0800a824       0x80 ./Middlewares/Third_Party/FreeRTOS/Source/tasks.o
 .text.prvCheckTasksWaitingTermination
                0x0800a8a4       0x5c ./Middlewares/Third_Party/FreeRTOS/Source/tasks.o
 .text.prvDeleteTCB
                0x0800a900       0x6a ./Middlewares/Third_Party/FreeRTOS/Source/tasks.o
 *fill*         0x0800a96a        0x2 
 .text.prvResetNextTaskUnblockTime
                0x0800a96c       0x40 ./Middlewares/Third_Party/FreeRTOS/Source/tasks.o
 .text.xTaskGetSchedulerState
                0x0800a9ac       0x3c ./Middlewares/Third_Party/FreeRTOS/Source/tasks.o
                0x0800a9ac                xTaskGetSchedulerState
 .text.xTaskPriorityDisinherit
                0x0800a9e8       0xe0 ./Middlewares/Third_Party/FreeRTOS/Source/tasks.o
                0x0800a9e8                xTaskPriorityDisinherit
 .text.prvAddCurrentTaskToDelayedList
                0x0800aac8       0xa8 ./Middlewares/Third_Party/FreeRTOS/Source/tasks.o
 .text.xTimerCreateTimerTask
                0x0800ab70       0x94 ./Middlewares/Third_Party/FreeRTOS/Source/timers.o
                0x0800ab70                xTimerCreateTimerTask
 .text.xTimerGenericCommand
                0x0800ac04       0x9c ./Middlewares/Third_Party/FreeRTOS/Source/timers.o
                0x0800ac04                xTimerGenericCommand
 .text.prvProcessExpiredTimer
                0x0800aca0       0x9c ./Middlewares/Third_Party/FreeRTOS/Source/timers.o
 .text.prvTimerTask
                0x0800ad3c       0x26 ./Middlewares/Third_Party/FreeRTOS/Source/timers.o
 *fill*         0x0800ad62        0x2 
 .text.prvProcessTimerOrBlockTask
                0x0800ad64       0x9c ./Middlewares/Third_Party/FreeRTOS/Source/timers.o
 .text.prvGetNextExpireTime
                0x0800ae00       0x48 ./Middlewares/Third_Party/FreeRTOS/Source/timers.o
 .text.prvSampleTimeNow
                0x0800ae48       0x40 ./Middlewares/Third_Party/FreeRTOS/Source/timers.o
 .text.prvInsertTimerInActiveList
                0x0800ae88       0x84 ./Middlewares/Third_Party/FreeRTOS/Source/timers.o
 .text.prvProcessReceivedCommands
                0x0800af0c      0x1cc ./Middlewares/Third_Party/FreeRTOS/Source/timers.o
 .text.prvSwitchTimerLists
                0x0800b0d8       0xcc ./Middlewares/Third_Party/FreeRTOS/Source/timers.o
 .text.prvCheckForValidListAndQueue
                0x0800b1a4       0x80 ./Middlewares/Third_Party/FreeRTOS/Source/timers.o
 .text.pxPortInitialiseStack
                0x0800b224       0x68 ./Middlewares/Third_Party/FreeRTOS/Source/portable/GCC/ARM_CM4F/port.o
                0x0800b224                pxPortInitialiseStack
 .text.prvTaskExitError
                0x0800b28c       0x5c ./Middlewares/Third_Party/FreeRTOS/Source/portable/GCC/ARM_CM4F/port.o
 *fill*         0x0800b2e8        0x8 
 .text.SVC_Handler
                0x0800b2f0       0x28 ./Middlewares/Third_Party/FreeRTOS/Source/portable/GCC/ARM_CM4F/port.o
                0x0800b2f0                SVC_Handler
 .text.prvPortStartFirstTask
                0x0800b318       0x28 ./Middlewares/Third_Party/FreeRTOS/Source/portable/GCC/ARM_CM4F/port.o
 .text.xPortStartScheduler
                0x0800b340      0x148 ./Middlewares/Third_Party/FreeRTOS/Source/portable/GCC/ARM_CM4F/port.o
                0x0800b340                xPortStartScheduler
 .text.vPortEnterCritical
                0x0800b488       0x64 ./Middlewares/Third_Party/FreeRTOS/Source/portable/GCC/ARM_CM4F/port.o
                0x0800b488                vPortEnterCritical
 .text.vPortExitCritical
                0x0800b4ec       0x54 ./Middlewares/Third_Party/FreeRTOS/Source/portable/GCC/ARM_CM4F/port.o
                0x0800b4ec                vPortExitCritical
 .text.PendSV_Handler
                0x0800b540       0x68 ./Middlewares/Third_Party/FreeRTOS/Source/portable/GCC/ARM_CM4F/port.o
                0x0800b540                PendSV_Handler
 .text.xPortSysTickHandler
                0x0800b5a8       0x44 ./Middlewares/Third_Party/FreeRTOS/Source/portable/GCC/ARM_CM4F/port.o
                0x0800b5a8                xPortSysTickHandler
 .text.vPortSetupTimerInterrupt
                0x0800b5ec       0x48 ./Middlewares/Third_Party/FreeRTOS/Source/portable/GCC/ARM_CM4F/port.o
                0x0800b5ec                vPortSetupTimerInterrupt
 .text.vPortEnableVFP
                0x0800b634       0x14 ./Middlewares/Third_Party/FreeRTOS/Source/portable/GCC/ARM_CM4F/port.o
 .text.vPortValidateInterruptPriority
                0x0800b648       0x84 ./Middlewares/Third_Party/FreeRTOS/Source/portable/GCC/ARM_CM4F/port.o
                0x0800b648                vPortValidateInterruptPriority
 .text.pvPortMalloc
                0x0800b6cc      0x19c ./Middlewares/Third_Party/FreeRTOS/Source/portable/MemMang/heap_4.o
                0x0800b6cc                pvPortMalloc
 .text.vPortFree
                0x0800b868       0xc8 ./Middlewares/Third_Party/FreeRTOS/Source/portable/MemMang/heap_4.o
                0x0800b868                vPortFree
 .text.prvHeapInit
                0x0800b930       0xc4 ./Middlewares/Third_Party/FreeRTOS/Source/portable/MemMang/heap_4.o
 .text.prvInsertBlockIntoFreeList
                0x0800b9f4       0xb4 ./Middlewares/Third_Party/FreeRTOS/Source/portable/MemMang/heap_4.o
 .text.MX_USB_DEVICE_Init
                0x0800baa8       0x70 ./USB_DEVICE/App/usb_device.o
                0x0800baa8                MX_USB_DEVICE_Init
 .text.CDC_Init_FS
                0x0800bb18       0x28 ./USB_DEVICE/App/usbd_cdc_if.o
 .text.CDC_DeInit_FS
                0x0800bb40       0x10 ./USB_DEVICE/App/usbd_cdc_if.o
 .text.CDC_Control_FS
                0x0800bb50       0xbc ./USB_DEVICE/App/usbd_cdc_if.o
 .text.CDC_Receive_FS
                0x0800bc0c       0x28 ./USB_DEVICE/App/usbd_cdc_if.o
 .text.CDC_Transmit_FS
                0x0800bc34       0x4c ./USB_DEVICE/App/usbd_cdc_if.o
                0x0800bc34                CDC_Transmit_FS
 .text.CDC_TransmitCplt_FS
                0x0800bc80       0x22 ./USB_DEVICE/App/usbd_cdc_if.o
 *fill*         0x0800bca2        0x2 
 .text.USBD_FS_DeviceDescriptor
                0x0800bca4       0x24 ./USB_DEVICE/App/usbd_desc.o
                0x0800bca4                USBD_FS_DeviceDescriptor
 .text.USBD_FS_LangIDStrDescriptor
                0x0800bcc8       0x24 ./USB_DEVICE/App/usbd_desc.o
                0x0800bcc8                USBD_FS_LangIDStrDescriptor
 .text.USBD_FS_ProductStrDescriptor
                0x0800bcec       0x3c ./USB_DEVICE/App/usbd_desc.o
                0x0800bcec                USBD_FS_ProductStrDescriptor
 .text.USBD_FS_ManufacturerStrDescriptor
                0x0800bd28       0x28 ./USB_DEVICE/App/usbd_desc.o
                0x0800bd28                USBD_FS_ManufacturerStrDescriptor
 .text.USBD_FS_SerialStrDescriptor
                0x0800bd50       0x24 ./USB_DEVICE/App/usbd_desc.o
                0x0800bd50                USBD_FS_SerialStrDescriptor
 .text.USBD_FS_ConfigStrDescriptor
                0x0800bd74       0x3c ./USB_DEVICE/App/usbd_desc.o
                0x0800bd74                USBD_FS_ConfigStrDescriptor
 .text.USBD_FS_InterfaceStrDescriptor
                0x0800bdb0       0x3c ./USB_DEVICE/App/usbd_desc.o
                0x0800bdb0                USBD_FS_InterfaceStrDescriptor
 .text.Get_SerialNum
                0x0800bdec       0x58 ./USB_DEVICE/App/usbd_desc.o
 .text.IntToUnicode
                0x0800be44       0x7e ./USB_DEVICE/App/usbd_desc.o
 *fill*         0x0800bec2        0x2 
 .text.HAL_PCD_MspInit
                0x0800bec4       0xc4 ./USB_DEVICE/Target/usbd_conf.o
                0x0800bec4                HAL_PCD_MspInit
 .text.HAL_PCD_SetupStageCallback
                0x0800bf88       0x24 ./USB_DEVICE/Target/usbd_conf.o
                0x0800bf88                HAL_PCD_SetupStageCallback
 .text.HAL_PCD_DataOutStageCallback
                0x0800bfac       0x36 ./USB_DEVICE/Target/usbd_conf.o
                0x0800bfac                HAL_PCD_DataOutStageCallback
 .text.HAL_PCD_DataInStageCallback
                0x0800bfe2       0x34 ./USB_DEVICE/Target/usbd_conf.o
                0x0800bfe2                HAL_PCD_DataInStageCallback
 .text.HAL_PCD_SOFCallback
                0x0800c016       0x1c ./USB_DEVICE/Target/usbd_conf.o
                0x0800c016                HAL_PCD_SOFCallback
 .text.HAL_PCD_ResetCallback
                0x0800c032       0x3c ./USB_DEVICE/Target/usbd_conf.o
                0x0800c032                HAL_PCD_ResetCallback
 *fill*         0x0800c06e        0x2 
 .text.HAL_PCD_SuspendCallback
                0x0800c070       0x4c ./USB_DEVICE/Target/usbd_conf.o
                0x0800c070                HAL_PCD_SuspendCallback
 .text.HAL_PCD_ResumeCallback
                0x0800c0bc       0x1c ./USB_DEVICE/Target/usbd_conf.o
                0x0800c0bc                HAL_PCD_ResumeCallback
 .text.HAL_PCD_ISOOUTIncompleteCallback
                0x0800c0d8       0x24 ./USB_DEVICE/Target/usbd_conf.o
                0x0800c0d8                HAL_PCD_ISOOUTIncompleteCallback
 .text.HAL_PCD_ISOINIncompleteCallback
                0x0800c0fc       0x24 ./USB_DEVICE/Target/usbd_conf.o
                0x0800c0fc                HAL_PCD_ISOINIncompleteCallback
 .text.HAL_PCD_ConnectCallback
                0x0800c120       0x1c ./USB_DEVICE/Target/usbd_conf.o
                0x0800c120                HAL_PCD_ConnectCallback
 .text.HAL_PCD_DisconnectCallback
                0x0800c13c       0x1c ./USB_DEVICE/Target/usbd_conf.o
                0x0800c13c                HAL_PCD_DisconnectCallback
 .text.USBD_LL_Init
                0x0800c158       0x98 ./USB_DEVICE/Target/usbd_conf.o
                0x0800c158                USBD_LL_Init
 .text.USBD_LL_Start
                0x0800c1f0       0x36 ./USB_DEVICE/Target/usbd_conf.o
                0x0800c1f0                USBD_LL_Start
 .text.USBD_LL_OpenEP
                0x0800c226       0x4c ./USB_DEVICE/Target/usbd_conf.o
                0x0800c226                USBD_LL_OpenEP
 .text.USBD_LL_CloseEP
                0x0800c272       0x3e ./USB_DEVICE/Target/usbd_conf.o
                0x0800c272                USBD_LL_CloseEP
 .text.USBD_LL_StallEP
                0x0800c2b0       0x3e ./USB_DEVICE/Target/usbd_conf.o
                0x0800c2b0                USBD_LL_StallEP
 .text.USBD_LL_ClearStallEP
                0x0800c2ee       0x3e ./USB_DEVICE/Target/usbd_conf.o
                0x0800c2ee                USBD_LL_ClearStallEP
 .text.USBD_LL_IsStallEP
                0x0800c32c       0x58 ./USB_DEVICE/Target/usbd_conf.o
                0x0800c32c                USBD_LL_IsStallEP
 .text.USBD_LL_SetUSBAddress
                0x0800c384       0x3e ./USB_DEVICE/Target/usbd_conf.o
                0x0800c384                USBD_LL_SetUSBAddress
 .text.USBD_LL_Transmit
                0x0800c3c2       0x42 ./USB_DEVICE/Target/usbd_conf.o
                0x0800c3c2                USBD_LL_Transmit
 .text.USBD_LL_PrepareReceive
                0x0800c404       0x42 ./USB_DEVICE/Target/usbd_conf.o
                0x0800c404                USBD_LL_PrepareReceive
 .text.USBD_LL_GetRxDataSize
                0x0800c446       0x26 ./USB_DEVICE/Target/usbd_conf.o
                0x0800c446                USBD_LL_GetRxDataSize
 .text.USBD_static_malloc
                0x0800c46c       0x1c ./USB_DEVICE/Target/usbd_conf.o
                0x0800c46c                USBD_static_malloc
 .text.USBD_static_free
                0x0800c488       0x14 ./USB_DEVICE/Target/usbd_conf.o
                0x0800c488                USBD_static_free
 .text.USBD_Get_USB_Status
                0x0800c49c       0x58 ./USB_DEVICE/Target/usbd_conf.o
                0x0800c49c                USBD_Get_USB_Status
 .text.memset   0x0800c4f4       0x10 C:/ST/STM32CubeIDE_1.16.1/STM32CubeIDE/plugins/com.st.stm32cube.ide.mcu.externaltools.gnu-tools-for-stm32.12.3.rel1.win32_1.0.200.202406191623/tools/bin/../lib/gcc/arm-none-eabi/12.3.1/../../../../arm-none-eabi/lib/thumb/v7e-m+fp/hard\libc_nano.a(libc_a-memset.o)
                0x0800c4f4                memset
 .text._reclaim_reent
                0x0800c504       0xac C:/ST/STM32CubeIDE_1.16.1/STM32CubeIDE/plugins/com.st.stm32cube.ide.mcu.externaltools.gnu-tools-for-stm32.12.3.rel1.win32_1.0.200.202406191623/tools/bin/../lib/gcc/arm-none-eabi/12.3.1/../../../../arm-none-eabi/lib/thumb/v7e-m+fp/hard\libc_nano.a(libc_a-reent.o)
                0x0800c504                _reclaim_reent
 .text.__libc_init_array
                0x0800c5b0       0x48 C:/ST/STM32CubeIDE_1.16.1/STM32CubeIDE/plugins/com.st.stm32cube.ide.mcu.externaltools.gnu-tools-for-stm32.12.3.rel1.win32_1.0.200.202406191623/tools/bin/../lib/gcc/arm-none-eabi/12.3.1/../../../../arm-none-eabi/lib/thumb/v7e-m+fp/hard\libc_nano.a(libc_a-init.o)
                0x0800c5b0                __libc_init_array
 .text.__retarget_lock_acquire_recursive
                0x0800c5f8        0x2 C:/ST/STM32CubeIDE_1.16.1/STM32CubeIDE/plugins/com.st.stm32cube.ide.mcu.externaltools.gnu-tools-for-stm32.12.3.rel1.win32_1.0.200.202406191623/tools/bin/../lib/gcc/arm-none-eabi/12.3.1/../../../../arm-none-eabi/lib/thumb/v7e-m+fp/hard\libc_nano.a(libc_a-lock.o)
                0x0800c5f8                __retarget_lock_acquire_recursive
 .text.__retarget_lock_release_recursive
                0x0800c5fa        0x2 C:/ST/STM32CubeIDE_1.16.1/STM32CubeIDE/plugins/com.st.stm32cube.ide.mcu.externaltools.gnu-tools-for-stm32.12.3.rel1.win32_1.0.200.202406191623/tools/bin/../lib/gcc/arm-none-eabi/12.3.1/../../../../arm-none-eabi/lib/thumb/v7e-m+fp/hard\libc_nano.a(libc_a-lock.o)
                0x0800c5fa                __retarget_lock_release_recursive
 .text.memcpy   0x0800c5fc       0x1c C:/ST/STM32CubeIDE_1.16.1/STM32CubeIDE/plugins/com.st.stm32cube.ide.mcu.externaltools.gnu-tools-for-stm32.12.3.rel1.win32_1.0.200.202406191623/tools/bin/../lib/gcc/arm-none-eabi/12.3.1/../../../../arm-none-eabi/lib/thumb/v7e-m+fp/hard\libc_nano.a(libc_a-memcpy-stub.o)
                0x0800c5fc                memcpy
 .text._free_r  0x0800c618       0x94 C:/ST/STM32CubeIDE_1.16.1/STM32CubeIDE/plugins/com.st.stm32cube.ide.mcu.externaltools.gnu-tools-for-stm32.12.3.rel1.win32_1.0.200.202406191623/tools/bin/../lib/gcc/arm-none-eabi/12.3.1/../../../../arm-none-eabi/lib/thumb/v7e-m+fp/hard\libc_nano.a(libc_a-freer.o)
                0x0800c618                _free_r
 .text.__malloc_lock
                0x0800c6ac        0xc C:/ST/STM32CubeIDE_1.16.1/STM32CubeIDE/plugins/com.st.stm32cube.ide.mcu.externaltools.gnu-tools-for-stm32.12.3.rel1.win32_1.0.200.202406191623/tools/bin/../lib/gcc/arm-none-eabi/12.3.1/../../../../arm-none-eabi/lib/thumb/v7e-m+fp/hard\libc_nano.a(libc_a-mlock.o)
                0x0800c6ac                __malloc_lock
 .text.__malloc_unlock
                0x0800c6b8        0xc C:/ST/STM32CubeIDE_1.16.1/STM32CubeIDE/plugins/com.st.stm32cube.ide.mcu.externaltools.gnu-tools-for-stm32.12.3.rel1.win32_1.0.200.202406191623/tools/bin/../lib/gcc/arm-none-eabi/12.3.1/../../../../arm-none-eabi/lib/thumb/v7e-m+fp/hard\libc_nano.a(libc_a-mlock.o)
                0x0800c6b8                __malloc_unlock
 *(.glue_7)
 .glue_7        0x0800c6c4        0x0 linker stubs
 *(.glue_7t)
 .glue_7t       0x0800c6c4        0x0 linker stubs
 *(.eh_frame)
 .eh_frame      0x0800c6c4        0x0 C:/ST/STM32CubeIDE_1.16.1/STM32CubeIDE/plugins/com.st.stm32cube.ide.mcu.externaltools.gnu-tools-for-stm32.12.3.rel1.win32_1.0.200.202406191623/tools/bin/../lib/gcc/arm-none-eabi/12.3.1/thumb/v7e-m+fp/hard/crtbegin.o
 *(.init)
 .init          0x0800c6c4        0x4 C:/ST/STM32CubeIDE_1.16.1/STM32CubeIDE/plugins/com.st.stm32cube.ide.mcu.externaltools.gnu-tools-for-stm32.12.3.rel1.win32_1.0.200.202406191623/tools/bin/../lib/gcc/arm-none-eabi/12.3.1/thumb/v7e-m+fp/hard/crti.o
                0x0800c6c4                _init
 .init          0x0800c6c8        0x8 C:/ST/STM32CubeIDE_1.16.1/STM32CubeIDE/plugins/com.st.stm32cube.ide.mcu.externaltools.gnu-tools-for-stm32.12.3.rel1.win32_1.0.200.202406191623/tools/bin/../lib/gcc/arm-none-eabi/12.3.1/thumb/v7e-m+fp/hard/crtn.o
 *(.fini)
 .fini          0x0800c6d0        0x4 C:/ST/STM32CubeIDE_1.16.1/STM32CubeIDE/plugins/com.st.stm32cube.ide.mcu.externaltools.gnu-tools-for-stm32.12.3.rel1.win32_1.0.200.202406191623/tools/bin/../lib/gcc/arm-none-eabi/12.3.1/thumb/v7e-m+fp/hard/crti.o
                0x0800c6d0                _fini
 .fini          0x0800c6d4        0x8 C:/ST/STM32CubeIDE_1.16.1/STM32CubeIDE/plugins/com.st.stm32cube.ide.mcu.externaltools.gnu-tools-for-stm32.12.3.rel1.win32_1.0.200.202406191623/tools/bin/../lib/gcc/arm-none-eabi/12.3.1/thumb/v7e-m+fp/hard/crtn.o
                0x0800c6dc                        . = ALIGN (0x4)
                0x0800c6dc                        _etext = .

.vfp11_veneer   0x0800c6dc        0x0
 .vfp11_veneer  0x0800c6dc        0x0 linker stubs

.v4_bx          0x0800c6dc        0x0
 .v4_bx         0x0800c6dc        0x0 linker stubs

.iplt           0x0800c6dc        0x0
 .iplt          0x0800c6dc        0x0 C:/ST/STM32CubeIDE_1.16.1/STM32CubeIDE/plugins/com.st.stm32cube.ide.mcu.externaltools.gnu-tools-for-stm32.12.3.rel1.win32_1.0.200.202406191623/tools/bin/../lib/gcc/arm-none-eabi/12.3.1/thumb/v7e-m+fp/hard/crtbegin.o

.rodata         0x0800c6dc       0xe8
                0x0800c6dc                        . = ALIGN (0x4)
 *(.rodata)
 .rodata        0x0800c6dc       0x49 ./Core/Src/main.o
 *fill*         0x0800c725        0x3 
 .rodata        0x0800c728        0x5 ./Middlewares/Third_Party/FreeRTOS/Source/tasks.o
 *fill*         0x0800c72d        0x3 
 .rodata        0x0800c730        0xd ./Middlewares/Third_Party/FreeRTOS/Source/timers.o
 *fill*         0x0800c73d        0x3 
 .rodata        0x0800c740       0x46 ./USB_DEVICE/App/usbd_desc.o
 *(.rodata*)
 *fill*         0x0800c786        0x2 
 .rodata.defaultTask_attributes
                0x0800c788       0x24 ./Core/Src/main.o
                0x0800c788                defaultTask_attributes
 .rodata.AHBPrescTable
                0x0800c7ac       0x10 ./Core/Src/system_stm32f4xx.o
                0x0800c7ac                AHBPrescTable
 .rodata.APBPrescTable
                0x0800c7bc        0x8 ./Core/Src/system_stm32f4xx.o
                0x0800c7bc                APBPrescTable
                0x0800c7c4                        . = ALIGN (0x4)

.ARM.extab      0x0800c7c4        0x0
                0x0800c7c4                        . = ALIGN (0x4)
 *(.ARM.extab* .gnu.linkonce.armextab.*)
                0x0800c7c4                        . = ALIGN (0x4)

.ARM            0x0800c7c4        0x8
                0x0800c7c4                        . = ALIGN (0x4)
                0x0800c7c4                        __exidx_start = .
 *(.ARM.exidx*)
 .ARM.exidx     0x0800c7c4        0x8 C:/ST/STM32CubeIDE_1.16.1/STM32CubeIDE/plugins/com.st.stm32cube.ide.mcu.externaltools.gnu-tools-for-stm32.12.3.rel1.win32_1.0.200.202406191623/tools/bin/../lib/gcc/arm-none-eabi/12.3.1/thumb/v7e-m+fp/hard\libgcc.a(_udivmoddi4.o)
                0x0800c7cc                        __exidx_end = .
                0x0800c7cc                        . = ALIGN (0x4)

.preinit_array  0x0800c7cc        0x0
                0x0800c7cc                        . = ALIGN (0x4)
                0x0800c7cc                        PROVIDE (__preinit_array_start = .)
 *(.preinit_array*)
                0x0800c7cc                        PROVIDE (__preinit_array_end = .)
                0x0800c7cc                        . = ALIGN (0x4)

.init_array     0x0800c7cc        0x4
                0x0800c7cc                        . = ALIGN (0x4)
                0x0800c7cc                        PROVIDE (__init_array_start = .)
 *(SORT_BY_NAME(.init_array.*))
 *(.init_array*)
 .init_array    0x0800c7cc        0x4 C:/ST/STM32CubeIDE_1.16.1/STM32CubeIDE/plugins/com.st.stm32cube.ide.mcu.externaltools.gnu-tools-for-stm32.12.3.rel1.win32_1.0.200.202406191623/tools/bin/../lib/gcc/arm-none-eabi/12.3.1/thumb/v7e-m+fp/hard/crtbegin.o
                0x0800c7d0                        PROVIDE (__init_array_end = .)
                0x0800c7d0                        . = ALIGN (0x4)

.fini_array     0x0800c7d0        0x4
                0x0800c7d0                        . = ALIGN (0x4)
                [!provide]                        PROVIDE (__fini_array_start = .)
 *(SORT_BY_NAME(.fini_array.*))
 *(.fini_array*)
 .fini_array    0x0800c7d0        0x4 C:/ST/STM32CubeIDE_1.16.1/STM32CubeIDE/plugins/com.st.stm32cube.ide.mcu.externaltools.gnu-tools-for-stm32.12.3.rel1.win32_1.0.200.202406191623/tools/bin/../lib/gcc/arm-none-eabi/12.3.1/thumb/v7e-m+fp/hard/crtbegin.o
                [!provide]                        PROVIDE (__fini_array_end = .)
                0x0800c7d4                        . = ALIGN (0x4)
                0x0800c7d4                        _sidata = LOADADDR (.data)

.rel.dyn        0x0800c7d4        0x0
 .rel.iplt      0x0800c7d4        0x0 C:/ST/STM32CubeIDE_1.16.1/STM32CubeIDE/plugins/com.st.stm32cube.ide.mcu.externaltools.gnu-tools-for-stm32.12.3.rel1.win32_1.0.200.202406191623/tools/bin/../lib/gcc/arm-none-eabi/12.3.1/thumb/v7e-m+fp/hard/crtbegin.o

.data           0x20000000      0x150 load address 0x0800c7d4
                0x20000000                        . = ALIGN (0x4)
                0x20000000                        _sdata = .
 *(.data)
 *(.data*)
 .data.SystemCoreClock
                0x20000000        0x4 ./Core/Src/system_stm32f4xx.o
                0x20000000                SystemCoreClock
 .data.uwTickPrio
                0x20000004        0x4 ./Drivers/STM32F4xx_HAL_Driver/Src/stm32f4xx_hal.o
                0x20000004                uwTickPrio
 .data.uwTickFreq
                0x20000008        0x1 ./Drivers/STM32F4xx_HAL_Driver/Src/stm32f4xx_hal.o
                0x20000008                uwTickFreq
 *fill*         0x20000009        0x3 
 .data.USBD_CDC_DeviceQualifierDesc
                0x2000000c        0xa ./Middlewares/ST/STM32_USB_Device_Library/Class/CDC/Src/usbd_cdc.o
 *fill*         0x20000016        0x2 
 .data.USBD_CDC
                0x20000018       0x38 ./Middlewares/ST/STM32_USB_Device_Library/Class/CDC/Src/usbd_cdc.o
                0x20000018                USBD_CDC
 .data.USBD_CDC_CfgDesc
                0x20000050       0x43 ./Middlewares/ST/STM32_USB_Device_Library/Class/CDC/Src/usbd_cdc.o
 .data.CDCInEpAdd
                0x20000093        0x1 ./Middlewares/ST/STM32_USB_Device_Library/Class/CDC/Src/usbd_cdc.o
 .data.CDCOutEpAdd
                0x20000094        0x1 ./Middlewares/ST/STM32_USB_Device_Library/Class/CDC/Src/usbd_cdc.o
 .data.CDCCmdEpAdd
                0x20000095        0x1 ./Middlewares/ST/STM32_USB_Device_Library/Class/CDC/Src/usbd_cdc.o
 *fill*         0x20000096        0x2 
 .data.uxCriticalNesting
                0x20000098        0x4 ./Middlewares/Third_Party/FreeRTOS/Source/portable/GCC/ARM_CM4F/port.o
 .data.USBD_Interface_fops_FS
                0x2000009c       0x14 ./USB_DEVICE/App/usbd_cdc_if.o
                0x2000009c                USBD_Interface_fops_FS
 .data.FS_Desc  0x200000b0       0x1c ./USB_DEVICE/App/usbd_desc.o
                0x200000b0                FS_Desc
 .data.USBD_FS_DeviceDesc
                0x200000cc       0x12 ./USB_DEVICE/App/usbd_desc.o
                0x200000cc                USBD_FS_DeviceDesc
 *fill*         0x200000de        0x2 
 .data.USBD_LangIDDesc
                0x200000e0        0x4 ./USB_DEVICE/App/usbd_desc.o
                0x200000e0                USBD_LangIDDesc
 .data.USBD_StringSerial
                0x200000e4       0x1a ./USB_DEVICE/App/usbd_desc.o
                0x200000e4                USBD_StringSerial
 *fill*         0x200000fe        0x2 
 .data._impure_ptr
                0x20000100        0x4 C:/ST/STM32CubeIDE_1.16.1/STM32CubeIDE/plugins/com.st.stm32cube.ide.mcu.externaltools.gnu-tools-for-stm32.12.3.rel1.win32_1.0.200.202406191623/tools/bin/../lib/gcc/arm-none-eabi/12.3.1/../../../../arm-none-eabi/lib/thumb/v7e-m+fp/hard\libc_nano.a(libc_a-impure.o)
                0x20000100                _impure_ptr
 .data._impure_data
                0x20000104       0x4c C:/ST/STM32CubeIDE_1.16.1/STM32CubeIDE/plugins/com.st.stm32cube.ide.mcu.externaltools.gnu-tools-for-stm32.12.3.rel1.win32_1.0.200.202406191623/tools/bin/../lib/gcc/arm-none-eabi/12.3.1/../../../../arm-none-eabi/lib/thumb/v7e-m+fp/hard\libc_nano.a(libc_a-impure.o)
                0x20000104                _impure_data
 *(.RamFunc)
 *(.RamFunc*)
                0x20000150                        . = ALIGN (0x4)
                0x20000150                        _edata = .

.igot.plt       0x20000150        0x0 load address 0x0800c924
 .igot.plt      0x20000150        0x0 C:/ST/STM32CubeIDE_1.16.1/STM32CubeIDE/plugins/com.st.stm32cube.ide.mcu.externaltools.gnu-tools-for-stm32.12.3.rel1.win32_1.0.200.202406191623/tools/bin/../lib/gcc/arm-none-eabi/12.3.1/thumb/v7e-m+fp/hard/crtbegin.o
                0x20000150                        . = ALIGN (0x4)

.bss            0x20000150     0x68c0 load address 0x0800c924
                0x20000150                        _sbss = .
                0x20000150                        __bss_start__ = _sbss
 *(.bss)
 .bss           0x20000150       0x1c C:/ST/STM32CubeIDE_1.16.1/STM32CubeIDE/plugins/com.st.stm32cube.ide.mcu.externaltools.gnu-tools-for-stm32.12.3.rel1.win32_1.0.200.202406191623/tools/bin/../lib/gcc/arm-none-eabi/12.3.1/thumb/v7e-m+fp/hard/crtbegin.o
 *(.bss*)
 .bss.hi2c1     0x2000016c       0x54 ./Core/Src/main.o
                0x2000016c                hi2c1
 .bss.hi2s2     0x200001c0       0x48 ./Core/Src/main.o
                0x200001c0                hi2s2
 .bss.hi2s3     0x20000208       0x48 ./Core/Src/main.o
                0x20000208                hi2s3
 .bss.hspi1     0x20000250       0x58 ./Core/Src/main.o
                0x20000250                hspi1
 .bss.defaultTaskHandle
                0x200002a8        0x4 ./Core/Src/main.o
                0x200002a8                defaultTaskHandle
 .bss.Opravilo_LEDHandle
                0x200002ac        0x4 ./Core/Src/main.o
                0x200002ac                Opravilo_LEDHandle
 .bss.Opravilo_pospeskometerHandle
                0x200002b0        0x4 ./Core/Src/main.o
                0x200002b0                Opravilo_pospeskometerHandle
 .bss.cdcTxQueue
                0x200002b4        0x4 ./Core/Src/main.o
                0x200002b4                cdcTxQueue
 .bss.htim2     0x200002b8       0x48 ./Core/Src/stm32f4xx_hal_timebase_tim.o
                0x200002b8                htim2
 .bss.uwTick    0x20000300        0x4 ./Drivers/STM32F4xx_HAL_Driver/Src/stm32f4xx_hal.o
                0x20000300                uwTick
 .bss.cfgidx.0  0x20000304        0x1 ./Middlewares/ST/STM32_USB_Device_Library/Core/Src/usbd_ctlreq.o
 *fill*         0x20000305        0x3 
 .bss.KernelState
                0x20000308        0x4 ./Middlewares/Third_Party/FreeRTOS/Source/CMSIS_RTOS_V2/cmsis_os2.o
 .bss.Idle_TCB.3
                0x2000030c       0xa8 ./Middlewares/Third_Party/FreeRTOS/Source/CMSIS_RTOS_V2/cmsis_os2.o
 .bss.Idle_Stack.2
                0x200003b4      0x200 ./Middlewares/Third_Party/FreeRTOS/Source/CMSIS_RTOS_V2/cmsis_os2.o
 .bss.Timer_TCB.1
                0x200005b4       0xa8 ./Middlewares/Third_Party/FreeRTOS/Source/CMSIS_RTOS_V2/cmsis_os2.o
 .bss.Timer_Stack.0
                0x2000065c      0x400 ./Middlewares/Third_Party/FreeRTOS/Source/CMSIS_RTOS_V2/cmsis_os2.o
 .bss.xQueueRegistry
                0x20000a5c       0x40 ./Middlewares/Third_Party/FreeRTOS/Source/queue.o
                0x20000a5c                xQueueRegistry
 .bss.pxCurrentTCB
                0x20000a9c        0x4 ./Middlewares/Third_Party/FreeRTOS/Source/tasks.o
                0x20000a9c                pxCurrentTCB
 .bss.pxReadyTasksLists
                0x20000aa0      0x460 ./Middlewares/Third_Party/FreeRTOS/Source/tasks.o
 .bss.xDelayedTaskList1
                0x20000f00       0x14 ./Middlewares/Third_Party/FreeRTOS/Source/tasks.o
 .bss.xDelayedTaskList2
                0x20000f14       0x14 ./Middlewares/Third_Party/FreeRTOS/Source/tasks.o
 .bss.pxDelayedTaskList
                0x20000f28        0x4 ./Middlewares/Third_Party/FreeRTOS/Source/tasks.o
 .bss.pxOverflowDelayedTaskList
                0x20000f2c        0x4 ./Middlewares/Third_Party/FreeRTOS/Source/tasks.o
 .bss.xPendingReadyList
                0x20000f30       0x14 ./Middlewares/Third_Party/FreeRTOS/Source/tasks.o
 .bss.xTasksWaitingTermination
                0x20000f44       0x14 ./Middlewares/Third_Party/FreeRTOS/Source/tasks.o
 .bss.uxDeletedTasksWaitingCleanUp
                0x20000f58        0x4 ./Middlewares/Third_Party/FreeRTOS/Source/tasks.o
 .bss.xSuspendedTaskList
                0x20000f5c       0x14 ./Middlewares/Third_Party/FreeRTOS/Source/tasks.o
 .bss.uxCurrentNumberOfTasks
                0x20000f70        0x4 ./Middlewares/Third_Party/FreeRTOS/Source/tasks.o
 .bss.xTickCount
                0x20000f74        0x4 ./Middlewares/Third_Party/FreeRTOS/Source/tasks.o
 .bss.uxTopReadyPriority
                0x20000f78        0x4 ./Middlewares/Third_Party/FreeRTOS/Source/tasks.o
 .bss.xSchedulerRunning
                0x20000f7c        0x4 ./Middlewares/Third_Party/FreeRTOS/Source/tasks.o
 .bss.xPendedTicks
                0x20000f80        0x4 ./Middlewares/Third_Party/FreeRTOS/Source/tasks.o
 .bss.xYieldPending
                0x20000f84        0x4 ./Middlewares/Third_Party/FreeRTOS/Source/tasks.o
 .bss.xNumOfOverflows
                0x20000f88        0x4 ./Middlewares/Third_Party/FreeRTOS/Source/tasks.o
 .bss.uxTaskNumber
                0x20000f8c        0x4 ./Middlewares/Third_Party/FreeRTOS/Source/tasks.o
 .bss.xNextTaskUnblockTime
                0x20000f90        0x4 ./Middlewares/Third_Party/FreeRTOS/Source/tasks.o
 .bss.xIdleTaskHandle
                0x20000f94        0x4 ./Middlewares/Third_Party/FreeRTOS/Source/tasks.o
 .bss.uxSchedulerSuspended
                0x20000f98        0x4 ./Middlewares/Third_Party/FreeRTOS/Source/tasks.o
 .bss.xActiveTimerList1
                0x20000f9c       0x14 ./Middlewares/Third_Party/FreeRTOS/Source/timers.o
 .bss.xActiveTimerList2
                0x20000fb0       0x14 ./Middlewares/Third_Party/FreeRTOS/Source/timers.o
 .bss.pxCurrentTimerList
                0x20000fc4        0x4 ./Middlewares/Third_Party/FreeRTOS/Source/timers.o
 .bss.pxOverflowTimerList
                0x20000fc8        0x4 ./Middlewares/Third_Party/FreeRTOS/Source/timers.o
 .bss.xTimerQueue
                0x20000fcc        0x4 ./Middlewares/Third_Party/FreeRTOS/Source/timers.o
 .bss.xTimerTaskHandle
                0x20000fd0        0x4 ./Middlewares/Third_Party/FreeRTOS/Source/timers.o
 .bss.xLastTime.2
                0x20000fd4        0x4 ./Middlewares/Third_Party/FreeRTOS/Source/timers.o
 .bss.ucStaticTimerQueueStorage.1
                0x20000fd8       0xa0 ./Middlewares/Third_Party/FreeRTOS/Source/timers.o
 .bss.xStaticTimerQueue.0
                0x20001078       0x50 ./Middlewares/Third_Party/FreeRTOS/Source/timers.o
 .bss.ucMaxSysCallPriority
                0x200010c8        0x1 ./Middlewares/Third_Party/FreeRTOS/Source/portable/GCC/ARM_CM4F/port.o
 *fill*         0x200010c9        0x3 
 .bss.ulMaxPRIGROUPValue
                0x200010cc        0x4 ./Middlewares/Third_Party/FreeRTOS/Source/portable/GCC/ARM_CM4F/port.o
 .bss.ucHeap    0x200010d0     0x3c00 ./Middlewares/Third_Party/FreeRTOS/Source/portable/MemMang/heap_4.o
 .bss.xStart    0x20004cd0        0x8 ./Middlewares/Third_Party/FreeRTOS/Source/portable/MemMang/heap_4.o
 .bss.pxEnd     0x20004cd8        0x4 ./Middlewares/Third_Party/FreeRTOS/Source/portable/MemMang/heap_4.o
 .bss.xFreeBytesRemaining
                0x20004cdc        0x4 ./Middlewares/Third_Party/FreeRTOS/Source/portable/MemMang/heap_4.o
 .bss.xMinimumEverFreeBytesRemaining
                0x20004ce0        0x4 ./Middlewares/Third_Party/FreeRTOS/Source/portable/MemMang/heap_4.o
 .bss.xNumberOfSuccessfulAllocations
                0x20004ce4        0x4 ./Middlewares/Third_Party/FreeRTOS/Source/portable/MemMang/heap_4.o
 .bss.xNumberOfSuccessfulFrees
                0x20004ce8        0x4 ./Middlewares/Third_Party/FreeRTOS/Source/portable/MemMang/heap_4.o
 .bss.xBlockAllocatedBit
                0x20004cec        0x4 ./Middlewares/Third_Party/FreeRTOS/Source/portable/MemMang/heap_4.o
 .bss.hUsbDeviceFS
                0x20004cf0      0x2dc ./USB_DEVICE/App/usb_device.o
                0x20004cf0                hUsbDeviceFS
 .bss.UserRxBufferFS
                0x20004fcc      0x800 ./USB_DEVICE/App/usbd_cdc_if.o
                0x20004fcc                UserRxBufferFS
 .bss.UserTxBufferFS
                0x200057cc      0x800 ./USB_DEVICE/App/usbd_cdc_if.o
                0x200057cc                UserTxBufferFS
 .bss.USBD_StrDesc
                0x20005fcc      0x200 ./USB_DEVICE/App/usbd_desc.o
                0x20005fcc                USBD_StrDesc
 .bss.hpcd_USB_OTG_FS
                0x200061cc      0x4e4 ./USB_DEVICE/Target/usbd_conf.o
                0x200061cc                hpcd_USB_OTG_FS
 .bss.mem.0     0x200066b0      0x220 ./USB_DEVICE/Target/usbd_conf.o
 .bss.__sf      0x200068d0      0x138 C:/ST/STM32CubeIDE_1.16.1/STM32CubeIDE/plugins/com.st.stm32cube.ide.mcu.externaltools.gnu-tools-for-stm32.12.3.rel1.win32_1.0.200.202406191623/tools/bin/../lib/gcc/arm-none-eabi/12.3.1/../../../../arm-none-eabi/lib/thumb/v7e-m+fp/hard\libc_nano.a(libc_a-findfp.o)
                0x200068d0                __sf
 .bss.__lock___malloc_recursive_mutex
                0x20006a08        0x1 C:/ST/STM32CubeIDE_1.16.1/STM32CubeIDE/plugins/com.st.stm32cube.ide.mcu.externaltools.gnu-tools-for-stm32.12.3.rel1.win32_1.0.200.202406191623/tools/bin/../lib/gcc/arm-none-eabi/12.3.1/../../../../arm-none-eabi/lib/thumb/v7e-m+fp/hard\libc_nano.a(libc_a-lock.o)
                0x20006a08                __lock___malloc_recursive_mutex
 *fill*         0x20006a09        0x3 
 .bss.__malloc_free_list
                0x20006a0c        0x4 C:/ST/STM32CubeIDE_1.16.1/STM32CubeIDE/plugins/com.st.stm32cube.ide.mcu.externaltools.gnu-tools-for-stm32.12.3.rel1.win32_1.0.200.202406191623/tools/bin/../lib/gcc/arm-none-eabi/12.3.1/../../../../arm-none-eabi/lib/thumb/v7e-m+fp/hard\libc_nano.a(libc_a-mallocr.o)
                0x20006a0c                __malloc_free_list
 *(COMMON)
                0x20006a10                        . = ALIGN (0x4)
                0x20006a10                        _ebss = .
                0x20006a10                        __bss_end__ = _ebss

._user_heap_stack
                0x20006a10      0x600 load address 0x0800c924
                0x20006a10                        . = ALIGN (0x8)
                [!provide]                        PROVIDE (end = .)
                0x20006a10                        PROVIDE (_end = .)
                0x20006c10                        . = (. + _Min_Heap_Size)
 *fill*         0x20006a10      0x200 
                0x20007010                        . = (. + _Min_Stack_Size)
 *fill*         0x20006c10      0x400 
                0x20007010                        . = ALIGN (0x8)

/DISCARD/
 libc.a(*)
 libm.a(*)
 libgcc.a(*)

.ARM.attributes
                0x00000000       0x30
 *(.ARM.attributes)
 .ARM.attributes
                0x00000000       0x22 C:/ST/STM32CubeIDE_1.16.1/STM32CubeIDE/plugins/com.st.stm32cube.ide.mcu.externaltools.gnu-tools-for-stm32.12.3.rel1.win32_1.0.200.202406191623/tools/bin/../lib/gcc/arm-none-eabi/12.3.1/thumb/v7e-m+fp/hard/crti.o
 .ARM.attributes
                0x00000022       0x34 C:/ST/STM32CubeIDE_1.16.1/STM32CubeIDE/plugins/com.st.stm32cube.ide.mcu.externaltools.gnu-tools-for-stm32.12.3.rel1.win32_1.0.200.202406191623/tools/bin/../lib/gcc/arm-none-eabi/12.3.1/thumb/v7e-m+fp/hard/crtbegin.o
 .ARM.attributes
                0x00000056       0x34 ./Core/Src/main.o
 .ARM.attributes
                0x0000008a       0x34 ./Core/Src/stm32f4xx_hal_msp.o
 .ARM.attributes
                0x000000be       0x34 ./Core/Src/stm32f4xx_hal_timebase_tim.o
 .ARM.attributes
                0x000000f2       0x34 ./Core/Src/stm32f4xx_it.o
 .ARM.attributes
                0x00000126       0x34 ./Core/Src/system_stm32f4xx.o
 .ARM.attributes
                0x0000015a       0x21 ./Core/Startup/startup_stm32f411vetx.o
 .ARM.attributes
                0x0000017b       0x34 ./Drivers/STM32F4xx_HAL_Driver/Src/stm32f4xx_hal.o
 .ARM.attributes
                0x000001af       0x34 ./Drivers/STM32F4xx_HAL_Driver/Src/stm32f4xx_hal_cortex.o
 .ARM.attributes
                0x000001e3       0x34 ./Drivers/STM32F4xx_HAL_Driver/Src/stm32f4xx_hal_gpio.o
 .ARM.attributes
                0x00000217       0x34 ./Drivers/STM32F4xx_HAL_Driver/Src/stm32f4xx_hal_i2c.o
 .ARM.attributes
                0x0000024b       0x34 ./Drivers/STM32F4xx_HAL_Driver/Src/stm32f4xx_hal_i2s.o
 .ARM.attributes
                0x0000027f       0x34 ./Drivers/STM32F4xx_HAL_Driver/Src/stm32f4xx_hal_i2s_ex.o
 .ARM.attributes
                0x000002b3       0x34 ./Drivers/STM32F4xx_HAL_Driver/Src/stm32f4xx_hal_pcd.o
 .ARM.attributes
                0x000002e7       0x34 ./Drivers/STM32F4xx_HAL_Driver/Src/stm32f4xx_hal_pcd_ex.o
 .ARM.attributes
                0x0000031b       0x34 ./Drivers/STM32F4xx_HAL_Driver/Src/stm32f4xx_hal_rcc.o
 .ARM.attributes
                0x0000034f       0x34 ./Drivers/STM32F4xx_HAL_Driver/Src/stm32f4xx_hal_rcc_ex.o
 .ARM.attributes
                0x00000383       0x34 ./Drivers/STM32F4xx_HAL_Driver/Src/stm32f4xx_hal_spi.o
 .ARM.attributes
                0x000003b7       0x34 ./Drivers/STM32F4xx_HAL_Driver/Src/stm32f4xx_hal_tim.o
 .ARM.attributes
                0x000003eb       0x34 ./Drivers/STM32F4xx_HAL_Driver/Src/stm32f4xx_hal_tim_ex.o
 .ARM.attributes
                0x0000041f       0x34 ./Drivers/STM32F4xx_HAL_Driver/Src/stm32f4xx_ll_usb.o
 .ARM.attributes
                0x00000453       0x34 ./Middlewares/ST/STM32_USB_Device_Library/Class/CDC/Src/usbd_cdc.o
 .ARM.attributes
                0x00000487       0x34 ./Middlewares/ST/STM32_USB_Device_Library/Core/Src/usbd_core.o
 .ARM.attributes
                0x000004bb       0x34 ./Middlewares/ST/STM32_USB_Device_Library/Core/Src/usbd_ctlreq.o
 .ARM.attributes
                0x000004ef       0x34 ./Middlewares/ST/STM32_USB_Device_Library/Core/Src/usbd_ioreq.o
 .ARM.attributes
                0x00000523       0x34 ./Middlewares/Third_Party/FreeRTOS/Source/CMSIS_RTOS_V2/cmsis_os2.o
 .ARM.attributes
                0x00000557       0x34 ./Middlewares/Third_Party/FreeRTOS/Source/list.o
 .ARM.attributes
                0x0000058b       0x34 ./Middlewares/Third_Party/FreeRTOS/Source/queue.o
 .ARM.attributes
                0x000005bf       0x34 ./Middlewares/Third_Party/FreeRTOS/Source/tasks.o
 .ARM.attributes
                0x000005f3       0x34 ./Middlewares/Third_Party/FreeRTOS/Source/timers.o
 .ARM.attributes
                0x00000627       0x34 ./Middlewares/Third_Party/FreeRTOS/Source/portable/GCC/ARM_CM4F/port.o
 .ARM.attributes
                0x0000065b       0x34 ./Middlewares/Third_Party/FreeRTOS/Source/portable/MemMang/heap_4.o
 .ARM.attributes
                0x0000068f       0x34 ./USB_DEVICE/App/usb_device.o
 .ARM.attributes
                0x000006c3       0x34 ./USB_DEVICE/App/usbd_cdc_if.o
 .ARM.attributes
                0x000006f7       0x34 ./USB_DEVICE/App/usbd_desc.o
 .ARM.attributes
                0x0000072b       0x34 ./USB_DEVICE/Target/usbd_conf.o
 .ARM.attributes
                0x0000075f       0x34 C:/ST/STM32CubeIDE_1.16.1/STM32CubeIDE/plugins/com.st.stm32cube.ide.mcu.externaltools.gnu-tools-for-stm32.12.3.rel1.win32_1.0.200.202406191623/tools/bin/../lib/gcc/arm-none-eabi/12.3.1/../../../../arm-none-eabi/lib/thumb/v7e-m+fp/hard\libc_nano.a(libc_a-findfp.o)
 .ARM.attributes
                0x00000793       0x34 C:/ST/STM32CubeIDE_1.16.1/STM32CubeIDE/plugins/com.st.stm32cube.ide.mcu.externaltools.gnu-tools-for-stm32.12.3.rel1.win32_1.0.200.202406191623/tools/bin/../lib/gcc/arm-none-eabi/12.3.1/../../../../arm-none-eabi/lib/thumb/v7e-m+fp/hard\libc_nano.a(libc_a-memset.o)
 .ARM.attributes
                0x000007c7       0x34 C:/ST/STM32CubeIDE_1.16.1/STM32CubeIDE/plugins/com.st.stm32cube.ide.mcu.externaltools.gnu-tools-for-stm32.12.3.rel1.win32_1.0.200.202406191623/tools/bin/../lib/gcc/arm-none-eabi/12.3.1/../../../../arm-none-eabi/lib/thumb/v7e-m+fp/hard\libc_nano.a(libc_a-reent.o)
 .ARM.attributes
                0x000007fb       0x34 C:/ST/STM32CubeIDE_1.16.1/STM32CubeIDE/plugins/com.st.stm32cube.ide.mcu.externaltools.gnu-tools-for-stm32.12.3.rel1.win32_1.0.200.202406191623/tools/bin/../lib/gcc/arm-none-eabi/12.3.1/../../../../arm-none-eabi/lib/thumb/v7e-m+fp/hard\libc_nano.a(libc_a-impure.o)
 .ARM.attributes
                0x0000082f       0x34 C:/ST/STM32CubeIDE_1.16.1/STM32CubeIDE/plugins/com.st.stm32cube.ide.mcu.externaltools.gnu-tools-for-stm32.12.3.rel1.win32_1.0.200.202406191623/tools/bin/../lib/gcc/arm-none-eabi/12.3.1/../../../../arm-none-eabi/lib/thumb/v7e-m+fp/hard\libc_nano.a(libc_a-init.o)
 .ARM.attributes
                0x00000863       0x34 C:/ST/STM32CubeIDE_1.16.1/STM32CubeIDE/plugins/com.st.stm32cube.ide.mcu.externaltools.gnu-tools-for-stm32.12.3.rel1.win32_1.0.200.202406191623/tools/bin/../lib/gcc/arm-none-eabi/12.3.1/../../../../arm-none-eabi/lib/thumb/v7e-m+fp/hard\libc_nano.a(libc_a-lock.o)
 .ARM.attributes
                0x00000897       0x34 C:/ST/STM32CubeIDE_1.16.1/STM32CubeIDE/plugins/com.st.stm32cube.ide.mcu.externaltools.gnu-tools-for-stm32.12.3.rel1.win32_1.0.200.202406191623/tools/bin/../lib/gcc/arm-none-eabi/12.3.1/../../../../arm-none-eabi/lib/thumb/v7e-m+fp/hard\libc_nano.a(libc_a-memcpy-stub.o)
 .ARM.attributes
                0x000008cb       0x34 C:/ST/STM32CubeIDE_1.16.1/STM32CubeIDE/plugins/com.st.stm32cube.ide.mcu.externaltools.gnu-tools-for-stm32.12.3.rel1.win32_1.0.200.202406191623/tools/bin/../lib/gcc/arm-none-eabi/12.3.1/../../../../arm-none-eabi/lib/thumb/v7e-m+fp/hard\libc_nano.a(libc_a-freer.o)
 .ARM.attributes